-------- Log file star.log -------

Executable: vplanet
Version: v1.0.0-2448-g6967b2d8e8bf4bc35f915f6ca62b7ec0199a9271
System Name: star
Primary Input File: vpl.in
Body File #1: star.in
Body File #2: d_earth_equiv.in
Body File #3: b.in
Body File #4: c.in
Body File #5: d.in
Body File #6: b_max.in
Body File #7: b_min.in
Body File #8: c_max.in
Body File #9: c_min.in
Body File #10: d_max.in
Body File #11: d_min.in
Allow files to be overwitten: Yes
Mass Units: Grams
Length Units: Meters
Time Units: Seconds
Angle Units: Radians

------- FORMATTING -----
Verbosity Level: 5
Crossover Decade for Scientific Notation: 4
Number of Digits After Decimal: 10
Integration Method: Runge-Kutta4
Direction: Forward
Time Step: 3.1557600000e+07
Stop Time: 1.5747242400e+17
Output Interval: 1.5778800000e+12
Use Variable Timestep: Yes
dEta: 0.0100000000
Minimum Value of ecc and obl: 1.0000000000e-10


---- INITIAL SYSTEM PROPERTIES ----
(Age) System Age [sec]: 3.1557600000e+14 
(Time) Simulation Time [sec]: 0.0000000000 
(TotAngMom) Total Angular Momentum [kg*m^2/sec]: 1.6248299087e+42 
(TotEnergy) Total System Energy [kg*m^2/sec^2]: -6.6731306734e+40 
(PotEnergy) Body's non-orbital Potential Energy [kg*m^2/sec^2]: -6.6739070874e+40 
(KinEnergy) Body's non-orbital Kinetic Energy [kg*m^2/sec^2]: 8.9667347823e+36 
(DeltaTime) Average Timestep Over Last Output Interval [sec]: 0.0000000000 

----- BODY: star ----
Active Modules: FLARE STELLAR
Module Bit Sum: 577
Color: 000000
(Mass) Mass [kg]: 1.0140921600e+30 
(Radius) Radius [m]: 6.1706422266e+08 
(RadGyra) Radius of Gyration/Moment of Inertia Constant []: 0.4550673037 
(RotAngMom) Rotational Angular Momentum [kg*m^2/sec]: 1.1975037229e+42 
(RotVel) Rotational Velocity [m/sec]: 9240.9754098672 
(BodyType) Type of Body (0 == planet) []: 0.0000000000 
(RotRate) Rotational Frequency [/sec]: 1.4975710907e-05 
(RotPer) Rotational Period [sec]: 4.1955840000e+05 
(Density) Average Density [kg/m^3]: 1030.3807004332 
(HZLimitDryRunaway) Semi-major axis of Dry Runaway HZ Limit [m]: 4.8478621191e+10 
(HZLimRecVenus) Recent Venus HZ Limit [m]: 4.3005201345e+10 
(HZLimRunaway) Runaway Greenhouse HZ Limit [m]: 5.6941783652e+10 
(HZLimMoistGreenhouse) Moist Greenhouse HZ Limit [m]: 5.6902853266e+10 
(HZLimMaxGreenhouse) Maximum Greenhouse HZ Limit [m]: 1.0623064142e+11 
(HZLimEarlyMars) Early Mars HZ Limit [m]: 1.1586199467e+11 
(Instellation) Orbit-averaged INcident STELLar radiATION [kg/sec^3]: -1.0000000000 
(CriticalSemiMajorAxis) Holman & Wiegert (1999) P-type Critical Semi-major Axis [m]: -1.0000000000 
(LXUVTot) Total XUV Luminosity [LSUN]: 0.0001419860 
(LostEnergy) Body's Total Lost Energy [kg*m^2/sec^2]: 5.5626846463e-309 
(LostAngMom) Lost Angular Momentum due to Magnetic Braking [kg*m^2/sec]: 5.5626846463e-309 
(EscapeVelocity) Escape Velocity [m/sec]: 4.6837179917e+05 
----- STELLAR PARAMETERS (star)------
(Luminosity) Luminosity [LSUN]: 0.1274703537 
(LXUVStellar) Base X-ray/XUV Luminosity [LSUN]: 0.0001274704 
(Temperature) Effective Temperature [K]: 3664.5972168065 
(LXUVFrac) Fraction of luminosity in XUV []: 0.0010000000 
(RossbyNumber) Rossby Number []: 0.1009588680 
(DRotPerDtStellar) Time Rate of Change of Rotation Period in STELLAR []: -3.2122751438e-10 
(WindTorque) Stellar Wind Torque []: 1.3952342711e+27 
----- FLARE PARAMETERS (star)------
(LXUVFlare) XUV Luminosity from flares [LSUN]: 1.4515684555e-05 
(FlareFreq1) First value of flare frequency r/day [/sec]: 0.0046077219 
(FlareFreq2) Second value of flare frequency /day [/sec]: 0.0045690536 
(FlareFreq3) Third value of flare frequency r/day [/sec]: 0.0045307099 
(FlareFreq4) Fourth value of flare frequency /day [/sec]: 0.0044926880 
(FlareFreqMin) Frequency of the flares with the/day [/day]: 398.1071705535 
(FlareFreqMid) Frequency of the flares with the/day [/sec]: 6.8153200851e-05 
(FlareFreqMax) Frequency of the flares with the/day [/day]: 0.0870963590 
(FlareEnergy1) First value of flare energy rangergs [kg*m^2/sec^2]: 1.0000000000e+21 
(FlareEnergy2) Second value of flare energy ranergs [kg*m^2/sec^2]: 1.0139113857e+21 
(FlareEnergy3) Third value of flare energy rangergs [kg*m^2/sec^2]: 1.0280162981e+21 
(FlareEnergy4) Fourth value of flare energy ranergs [kg*m^2/sec^2]: 1.0423174294e+21 
(FlareEnergyMin) Minimum flare energy [ergs]: 1.0000000000e+28 
(FlareEnergyMid) Middle flare energy in the rangeergs [kg*m^2/sec^2]: 1.0000000000e+24 
(FlareEnergyMax) Maximum flare energy [ergs]: 1.0000000000e+34 
(FlareEnergyXUV1) First value of flare energy rangergs [kg*m^2/sec^2]: 2.1815180000e+21 
(FlareEnergyXUV2) Second value of flare energy ranergs [kg*m^2/sec^2]: 2.2118659384e+21 
(FlareEnergyXUV3) Third value of flare energy rangergs [kg*m^2/sec^2]: 2.2426360587e+21 
(FlareEnergyXUV4) Fourth value of flare energy ranergs [kg*m^2/sec^2]: 2.2738342339e+21 
(FlareEnergyXUVMiMinimum flare energy in the XUV ergs) Minimum flare energy in the XUV ergs [kg*m^2/sec^2]: 2.1815180000e+21 
(FlareEnergyXUVMiMiddle flare energy in the rangeergs) Middle flare energy in the rangeergs [kg*m^2/sec^2]: 2.1815180000e+24 
(FlareEnergyXUVMaMaximum flare energy in the XUV ergs) Maximum flare energy in the XUV ergs [kg*m^2/sec^2]: 2.1815180000e+27 
(FlareYIntOUT) FFD Y-Intercept [/sec]: 1.3800000000 
(FlareSlopeOUT) FFD slope [kg*m^2/sec^2]: -0.6100000000 

Output Order: Time[year] Luminosity[LSUN] LXUVTot[LSUN] LXUVFlare[LSUN] Age[year] FlareFreqMin[/day] FlareFreqMax[/day] FlareEnergyMin[ergs] FlareEnergyMax[ergs] LXUVStellar[LSUN]
Grid Output Order:

----- BODY: d_earth_equiv ----
Active Modules: AtmEsc
Module Bit Sum: 9
Color: 000000
(Mass) Mass [Mearth]: 1.0540650000 
(Radius) Radius [m]: 9.0486780878e+06 
(RadGyra) Radius of Gyration/Moment of Inertia Constant []: 0.5000000000 
(BodyType) Type of Body (0 == planet) []: 0.0000000000 
(Density) Average Density [kg/m^3]: 2028.4144425229 
(HZLimitDryRunaway) Semi-major axis of Dry Runaway HZ Limit [m]: 4.8478815322e+10 
(HZLimRecVenus) Recent Venus HZ Limit [m]: 4.3005201345e+10 
(HZLimRunaway) Runaway Greenhouse HZ Limit [m]: 5.6941783652e+10 
(HZLimMoistGreenhouse) Moist Greenhouse HZ Limit [m]: 5.6902853266e+10 
(HZLimMaxGreenhouse) Maximum Greenhouse HZ Limit [m]: 1.0623064142e+11 
(HZLimEarlyMars) Early Mars HZ Limit [m]: 1.1586199467e+11 
(Instellation) Orbit-averaged INcident STELLar radiATION [kg/sec^3]: 2024.0574546927 
(MeanMotion) Orbital Mean Motion [/sec]: 8.9433790809e-07 
(OrbPeriod) Orbital Period [sec]: 7.0255160274e+06 
(SemiMajorAxis) Semi-major Axis [m]: 4.3902955230e+10 
(LXUVTot) Total XUV Luminosity [kg/sec^3]: -1.0000000000 
(EscapeVelocity) Escape Velocity [m/sec]: 9636.6258810968 
----- ATMESC PARAMETERS (d_earth_equiv)------
(SurfWaterMass) Surface water mass [kg]: 0.0000000000 
(EnvelopeMass) Envelope mass [Mearth]: 0.0010750000 
(OxygenMass) Oxygen mass in the atmosphere [kg]: 0.0000000000 
(RGLimit) Runaway greenhouse semi-major axis [m]: 5.5180493424e+10 
(XO) Atomic oxygen mixing ratio in upper atmosphere []: 0.0000000000 
(EtaO) Oxygen eta parameter (Luger and Barnes 2015) []: 0.0000000000 
(PlanetRadius) Planet radius [Rearth]: 1.4187106016 
(OxygenMantleMass) Mass of oxygen in mantle [kg]: 0.0000000000 
(RadXUV) XUV radius separating hydro. dyn. escape and equilibrium [m]: -1.0000000000 
(RadSolid) Radius to the solid surface [m]: -1.0000000000 
(PresXUV) Pressure at base of thermosphere [(null)]: 5.0000000000 
(ScaleHeight) Scale height in Lehmer & Catling (2016) model [m]: -1.0000000000 
(ThermTemp) Isothermal atmospheric temperature [K]: 400.0000000000 
(AtmGasConst) Atmospheric gas constant [(null)]: 4124.0000000000 
(PresSurf) Surface pressure due to atmosphere [Pa]: -1.0000000000 
(DEnvMassDt) Envelope Mass Loss Rate [Mearth/Myr]: -1.0145813932e-05 
(FXUV) XUV flux [W/m^2]: 2.2545469661 
(AtmXAbsEffH2O) XUV atmospheric escape efficiency for H2O []: 0.3000000000 
(RocheRadius) Roche Lobe Radius [m]: 5.5944977154e+08 
(BondiRadius) Bondi Radius [m]: 3.8956763212e+07 
(HEscapeRegime) Integer flag for H envelope escape regime []: 3.0000000000 
(RRCriticalFlux) Critical XUV Flux that separates RR and energy-limited escape [W/m^2]: 19.8957413795 
(CrossoverMass) Crossover mass, defines oxygen is escaping if mc > mo [kg]: 0.0000000000 
(WaterEscapeRegime) What water escape regime the code is currently in []: 8.0000000000 
(FXUVCRITDRAG) Critical Drag XUV flux [W/m^2]: 0.1036390747 
(HREFFLUX) The Hydrogen Reference Flux (m^-2 s^-1) [m^-2 s^-1]: 2.2475897726e+18 
(XO2) Molecular oxygen mixing ratio in atmosphere []: 0.0000000000 
(XH2O) Water mixing ratio in upper atmosphere []: 0.0000000000 
(HDiffFlux) The Hydrogen Diffusion Flux (m^-2 s^-1) [m^-2 s^-1]: 9.9361534549e+16 
(HRefODragMod) Multiply by H ref flux to get flux with drag []: 1.0000000000 
(KTide) Mass loss enhancement due to stellar gravity []: 0.9757407470 
(CumulativeXUVFlux) Cumulative XUV flux [kg/sec^3]: 0.0000000000 
(RGDuration) Runaway Greenhouse Duration [years]: 0.00000e+00

Output Order: Time[year] FXUV[W/m^2] PlanetRadius[Rearth] EnvelopeMass[Mearth] Age[year] DEnvMassDt[Mearth/Myr] HEscapeRegime[] Mass[Mearth]
Grid Output Order:

----- BODY: b ----
Active Modules: AtmEsc
Module Bit Sum: 9
Color: 000000
(Mass) Mass [Mearth]: 9.0002900000 
(Radius) Radius [m]: 3.4130015381e+07 
(RadGyra) Radius of Gyration/Moment of Inertia Constant []: 0.5000000000 
(BodyType) Type of Body (0 == planet) []: 0.0000000000 
(Density) Average Density [kg/m^3]: 322.7689630239 
(HZLimitDryRunaway) Semi-major axis of Dry Runaway HZ Limit [m]: 4.8597832092e+10 
(HZLimRecVenus) Recent Venus HZ Limit [m]: 4.3005201345e+10 
(HZLimRunaway) Runaway Greenhouse HZ Limit [m]: 5.6941783652e+10 
(HZLimMoistGreenhouse) Moist Greenhouse HZ Limit [m]: 5.6902853266e+10 
(HZLimMaxGreenhouse) Maximum Greenhouse HZ Limit [m]: 1.0623064142e+11 
(HZLimEarlyMars) Early Mars HZ Limit [m]: 1.1586199467e+11 
(Instellation) Orbit-averaged INcident STELLar radiATION [kg/sec^3]: 4.1441028976e+04 
(MeanMotion) Orbital Mean Motion [/sec]: 8.5924872879e-06 
(OrbPeriod) Orbital Period [sec]: 7.3124173440e+05 
(SemiMajorAxis) Semi-major Axis [m]: 9.7145425893e+09 
(LXUVTot) Total XUV Luminosity [kg/sec^3]: -1.0000000000 
(EscapeVelocity) Escape Velocity [m/sec]: 1.4499194678e+04 
----- ATMESC PARAMETERS (b)------
(SurfWaterMass) Surface water mass [kg]: 0.0000000000 
(EnvelopeMass) Envelope mass [Mearth]: 0.7893050000 
(OxygenMass) Oxygen mass in the atmosphere [kg]: 0.0000000000 
(RGLimit) Runaway greenhouse semi-major axis [m]: 5.2537538919e+10 
(XO) Atomic oxygen mixing ratio in upper atmosphere []: 0.0000000000 
(EtaO) Oxygen eta parameter (Luger and Barnes 2015) []: 0.0000000000 
(PlanetRadius) Planet radius [Rearth]: 5.3511257868 
(OxygenMantleMass) Mass of oxygen in mantle [kg]: 0.0000000000 
(RadXUV) XUV radius separating hydro. dyn. escape and equilibrium [m]: -1.0000000000 
(RadSolid) Radius to the solid surface [m]: -1.0000000000 
(PresXUV) Pressure at base of thermosphere [(null)]: 5.0000000000 
(ScaleHeight) Scale height in Lehmer & Catling (2016) model [m]: -1.0000000000 
(ThermTemp) Isothermal atmospheric temperature [K]: 400.0000000000 
(AtmGasConst) Atmospheric gas constant [(null)]: 4124.0000000000 
(PresSurf) Surface pressure due to atmosphere [Pa]: -1.0000000000 
(DEnvMassDt) Envelope Mass Loss Rate [Mearth/Myr]: -0.0015944348 
(FXUV) XUV flux [W/m^2]: 46.1601255097 
(AtmXAbsEffH2O) XUV atmospheric escape efficiency for H2O []: 0.3000000000 
(RocheRadius) Roche Lobe Radius [m]: 2.5301876954e+08 
(BondiRadius) Bondi Radius [m]: 7.0714369738e+08 
(HEscapeRegime) Integer flag for H envelope escape regime []: 3.0000000000 
(RRCriticalFlux) Critical XUV Flux that separates RR and energy-limited escape [W/m^2]: 18.1213181785 
(CrossoverMass) Crossover mass, defines oxygen is escaping if mc > mo [kg]: 0.0000000000 
(WaterEscapeRegime) What water escape regime the code is currently in []: 8.0000000000 
(FXUVCRITDRAG) Critical Drag XUV flux [W/m^2]: 0.1408146079 
(HREFFLUX) The Hydrogen Reference Flux (m^-2 s^-1) [m^-2 s^-1]: 2.4827571373e+19 
(XO2) Molecular oxygen mixing ratio in atmosphere []: 0.0000000000 
(XH2O) Water mixing ratio in upper atmosphere []: 0.0000000000 
(HDiffFlux) The Hydrogen Diffusion Flux (m^-2 s^-1) [m^-2 s^-1]: 5.9635478574e+16 
(HRefODragMod) Multiply by H ref flux to get flux with drag []: 1.0000000000 
(KTide) Mass loss enhancement due to stellar gravity []: 0.7988903577 
(CumulativeXUVFlux) Cumulative XUV flux [kg/sec^3]: 0.0000000000 
(RGDuration) Runaway Greenhouse Duration [years]: 0.00000e+00

Output Order: Time[year] FXUV[W/m^2] PlanetRadius[Rearth] EnvelopeMass[Mearth] Age[year] DEnvMassDt[Mearth/Myr] HEscapeRegime[] Mass[Mearth]
Grid Output Order:

----- BODY: c ----
Active Modules: AtmEsc
Module Bit Sum: 9
Color: 000000
(Mass) Mass [Mearth]: 14.4604300000 
(Radius) Radius [m]: 1.8406914568e+07 
(RadGyra) Radius of Gyration/Moment of Inertia Constant []: 0.5000000000 
(BodyType) Type of Body (0 == planet) []: 0.0000000000 
(Density) Average Density [kg/m^3]: 3305.8483972097 
(HZLimitDryRunaway) Semi-major axis of Dry Runaway HZ Limit [m]: 4.9283589266e+10 
(HZLimRecVenus) Recent Venus HZ Limit [m]: 4.3005201345e+10 
(HZLimRunaway) Runaway Greenhouse HZ Limit [m]: 5.6941783652e+10 
(HZLimMoistGreenhouse) Moist Greenhouse HZ Limit [m]: 5.6902853266e+10 
(HZLimMaxGreenhouse) Maximum Greenhouse HZ Limit [m]: 1.0623064142e+11 
(HZLimEarlyMars) Early Mars HZ Limit [m]: 1.1586199467e+11 
(Instellation) Orbit-averaged INcident STELLar radiATION [kg/sec^3]: 1.4439230105e+04 
(MeanMotion) Orbital Mean Motion [/sec]: 3.8560879939e-06 
(OrbPeriod) Orbital Period [sec]: 1.6294195872e+06 
(SemiMajorAxis) Semi-major Axis [m]: 1.6573274353e+10 
(LXUVTot) Total XUV Luminosity [kg/sec^3]: -1.0000000000 
(EscapeVelocity) Escape Velocity [m/sec]: 2.5025569935e+04 
----- ATMESC PARAMETERS (c)------
(SurfWaterMass) Surface water mass [kg]: 0.0000000000 
(EnvelopeMass) Envelope mass [Mearth]: 0.2087600000 
(OxygenMass) Oxygen mass in the atmosphere [kg]: 0.0000000000 
(RGLimit) Runaway greenhouse semi-major axis [m]: 5.1652172972e+10 
(XO) Atomic oxygen mixing ratio in upper atmosphere []: 0.0000000000 
(EtaO) Oxygen eta parameter (Luger and Barnes 2015) []: 0.0000000000 
(PlanetRadius) Planet radius [Rearth]: 2.8859557811 
(OxygenMantleMass) Mass of oxygen in mantle [kg]: 0.0000000000 
(RadXUV) XUV radius separating hydro. dyn. escape and equilibrium [m]: -1.0000000000 
(RadSolid) Radius to the solid surface [m]: -1.0000000000 
(PresXUV) Pressure at base of thermosphere [(null)]: 5.0000000000 
(ScaleHeight) Scale height in Lehmer & Catling (2016) model [m]: -1.0000000000 
(ThermTemp) Isothermal atmospheric temperature [K]: 400.0000000000 
(AtmGasConst) Atmospheric gas constant [(null)]: 4124.0000000000 
(PresSurf) Surface pressure due to atmosphere [Pa]: -1.0000000000 
(DEnvMassDt) Envelope Mass Loss Rate [Mearth/Myr]: -4.5834801177e-05 
(FXUV) XUV flux [W/m^2]: 16.0834972106 
(AtmXAbsEffH2O) XUV atmospheric escape efficiency for H2O []: 0.3000000000 
(RocheRadius) Roche Lobe Radius [m]: 5.0556880693e+08 
(BondiRadius) Bondi Radius [m]: 8.6984004547e+08 
(HEscapeRegime) Integer flag for H envelope escape regime []: 3.0000000000 
(RRCriticalFlux) Critical XUV Flux that separates RR and energy-limited escape [W/m^2]: 417.6122099329 
(CrossoverMass) Crossover mass, defines oxygen is escaping if mc > mo [kg]: 0.0000000000 
(WaterEscapeRegime) What water escape regime the code is currently in []: 8.0000000000 
(FXUVCRITDRAG) Critical Drag XUV flux [W/m^2]: 2.3172003259 
(HREFFLUX) The Hydrogen Reference Flux (m^-2 s^-1) [m^-2 s^-1]: 2.4537696406e+18 
(XO2) Molecular oxygen mixing ratio in atmosphere []: 0.0000000000 
(XH2O) Water mixing ratio in upper atmosphere []: 0.0000000000 
(HDiffFlux) The Hydrogen Diffusion Flux (m^-2 s^-1) [m^-2 s^-1]: 3.2941273729e+17 
(HRefODragMod) Multiply by H ref flux to get flux with drag []: 1.0000000000 
(KTide) Mass loss enhancement due to stellar gravity []: 0.9454116400 
(CumulativeXUVFlux) Cumulative XUV flux [kg/sec^3]: 0.0000000000 
(RGDuration) Runaway Greenhouse Duration [years]: 0.00000e+00

Output Order: Time[year] FXUV[W/m^2] PlanetRadius[Rearth] EnvelopeMass[Mearth] Age[year] DEnvMassDt[Mearth/Myr] HEscapeRegime[] Mass[Mearth]
Grid Output Order:

----- BODY: d ----
Active Modules: AtmEsc
Module Bit Sum: 9
Color: 000000
(Mass) Mass [Mearth]: 1.0540260000 
(Radius) Radius [m]: 8.9987965209e+06 
(RadGyra) Radius of Gyration/Moment of Inertia Constant []: 0.5000000000 
(BodyType) Type of Body (0 == planet) []: 0.0000000000 
(Density) Average Density [kg/m^3]: 2062.2568007592 
(HZLimitDryRunaway) Semi-major axis of Dry Runaway HZ Limit [m]: 4.8478815322e+10 
(HZLimRecVenus) Recent Venus HZ Limit [m]: 4.3005201345e+10 
(HZLimRunaway) Runaway Greenhouse HZ Limit [m]: 5.6941783652e+10 
(HZLimMoistGreenhouse) Moist Greenhouse HZ Limit [m]: 5.6902853266e+10 
(HZLimMaxGreenhouse) Maximum Greenhouse HZ Limit [m]: 1.0623064142e+11 
(HZLimEarlyMars) Early Mars HZ Limit [m]: 1.1586199467e+11 
(Instellation) Orbit-averaged INcident STELLar radiATION [kg/sec^3]: 2.3987560610e+04 
(MeanMotion) Orbital Mean Motion [/sec]: 5.7124718914e-06 
(OrbPeriod) Orbital Period [sec]: 1.0999065600e+06 
(SemiMajorAxis) Semi-major Axis [m]: 1.2752993265e+10 
(LXUVTot) Total XUV Luminosity [kg/sec^3]: -1.0000000000 
(EscapeVelocity) Escape Velocity [m/sec]: 9663.1187716190 
----- ATMESC PARAMETERS (d)------
(SurfWaterMass) Surface water mass [kg]: 0.0000000000 
(EnvelopeMass) Envelope mass [Mearth]: 0.0010350000 
(OxygenMass) Oxygen mass in the atmosphere [kg]: 0.0000000000 
(RGLimit) Runaway greenhouse semi-major axis [m]: 5.5180541235e+10 
(XO) Atomic oxygen mixing ratio in upper atmosphere []: 0.0000000000 
(EtaO) Oxygen eta parameter (Luger and Barnes 2015) []: 0.0000000000 
(PlanetRadius) Planet radius [Rearth]: 1.4108898451 
(OxygenMantleMass) Mass of oxygen in mantle [kg]: 0.0000000000 
(RadXUV) XUV radius separating hydro. dyn. escape and equilibrium [m]: -1.0000000000 
(RadSolid) Radius to the solid surface [m]: -1.0000000000 
(PresXUV) Pressure at base of thermosphere [(null)]: 5.0000000000 
(ScaleHeight) Scale height in Lehmer & Catling (2016) model [m]: -1.0000000000 
(ThermTemp) Isothermal atmospheric temperature [K]: 400.0000000000 
(AtmGasConst) Atmospheric gas constant [(null)]: 4124.0000000000 
(PresSurf) Surface pressure due to atmosphere [Pa]: -1.0000000000 
(DEnvMassDt) Envelope Mass Loss Rate [Mearth/Myr]: -0.0001258399 
(FXUV) XUV flux [W/m^2]: 26.7191437036 
(AtmXAbsEffH2O) XUV atmospheric escape efficiency for H2O []: 0.3000000000 
(RocheRadius) Roche Lobe Radius [m]: 1.6250776598e+08 
(BondiRadius) Bondi Radius [m]: 7.2278246661e+07 
(HEscapeRegime) Integer flag for H envelope escape regime []: 3.0000000000 
(RRCriticalFlux) Critical XUV Flux that separates RR and energy-limited escape [W/m^2]: 17.8657697839 
(CrossoverMass) Crossover mass, defines oxygen is escaping if mc > mo [kg]: 0.0000000000 
(WaterEscapeRegime) What water escape regime the code is currently in []: 8.0000000000 
(FXUVCRITDRAG) Critical Drag XUV flux [W/m^2]: 0.1053643054 
(HREFFLUX) The Hydrogen Reference Flux (m^-2 s^-1) [m^-2 s^-1]: 2.8187064297e+19 
(XO2) Molecular oxygen mixing ratio in atmosphere []: 0.0000000000 
(XH2O) Water mixing ratio in upper atmosphere []: 0.0000000000 
(HDiffFlux) The Hydrogen Diffusion Flux (m^-2 s^-1) [m^-2 s^-1]: 1.0046241967e+17 
(HRefODragMod) Multiply by H ref flux to get flux with drag []: 1.0000000000 
(KTide) Mass loss enhancement due to stellar gravity []: 0.9170230542 
(CumulativeXUVFlux) Cumulative XUV flux [kg/sec^3]: 0.0000000000 
(RGDuration) Runaway Greenhouse Duration [years]: 0.00000e+00

Output Order: Time[year] FXUV[W/m^2] PlanetRadius[Rearth] EnvelopeMass[Mearth] Age[year] DEnvMassDt[Mearth/Myr] HEscapeRegime[] Mass[Mearth]
Grid Output Order:

----- BODY: b_max ----
Active Modules: AtmEsc
Module Bit Sum: 9
Color: 000000
(Mass) Mass [Mearth]: 11.6108000000 
(Radius) Radius [m]: 3.5565264484e+07 
(RadGyra) Radius of Gyration/Moment of Inertia Constant []: 0.5000000000 
(BodyType) Type of Body (0 == planet) []: 0.0000000000 
(Density) Average Density [kg/m^3]: 367.9838271618 
(HZLimitDryRunaway) Semi-major axis of Dry Runaway HZ Limit [m]: 4.8597832092e+10 
(HZLimRecVenus) Recent Venus HZ Limit [m]: 4.3005201345e+10 
(HZLimRunaway) Runaway Greenhouse HZ Limit [m]: 5.6941783652e+10 
(HZLimMoistGreenhouse) Moist Greenhouse HZ Limit [m]: 5.6902853266e+10 
(HZLimMaxGreenhouse) Maximum Greenhouse HZ Limit [m]: 1.0623064142e+11 
(HZLimEarlyMars) Early Mars HZ Limit [m]: 1.1586199467e+11 
(Instellation) Orbit-averaged INcident STELLar radiATION [kg/sec^3]: 4.1440604266e+04 
(MeanMotion) Orbital Mean Motion [/sec]: 8.5924872879e-06 
(OrbPeriod) Orbital Period [sec]: 7.3124173440e+05 
(SemiMajorAxis) Semi-major Axis [m]: 9.7145923695e+09 
(LXUVTot) Total XUV Luminosity [kg/sec^3]: -1.0000000000 
(EscapeVelocity) Escape Velocity [m/sec]: 1.6132509231e+04 
----- ATMESC PARAMETERS (b_max)------
(SurfWaterMass) Surface water mass [kg]: 0.0000000000 
(EnvelopeMass) Envelope mass [Mearth]: 1.2793750000 
(OxygenMass) Oxygen mass in the atmosphere [kg]: 0.0000000000 
(RGLimit) Runaway greenhouse semi-major axis [m]: 5.2255104564e+10 
(XO) Atomic oxygen mixing ratio in upper atmosphere []: 0.0000000000 
(EtaO) Oxygen eta parameter (Luger and Barnes 2015) []: 0.0000000000 
(PlanetRadius) Planet radius [Rearth]: 5.5761534758 
(OxygenMantleMass) Mass of oxygen in mantle [kg]: 0.0000000000 
(RadXUV) XUV radius separating hydro. dyn. escape and equilibrium [m]: -1.0000000000 
(RadSolid) Radius to the solid surface [m]: -1.0000000000 
(PresXUV) Pressure at base of thermosphere [(null)]: 5.0000000000 
(ScaleHeight) Scale height in Lehmer & Catling (2016) model [m]: -1.0000000000 
(ThermTemp) Isothermal atmospheric temperature [K]: 400.0000000000 
(AtmGasConst) Atmospheric gas constant [(null)]: 4124.0000000000 
(PresSurf) Surface pressure due to atmosphere [Pa]: -1.0000000000 
(DEnvMassDt) Envelope Mass Loss Rate [Mearth/Myr]: -0.0013837827 
(FXUV) XUV flux [W/m^2]: 46.1596524365 
(AtmXAbsEffH2O) XUV atmospheric escape efficiency for H2O []: 0.3000000000 
(RocheRadius) Roche Lobe Radius [m]: 2.7543778160e+08 
(BondiRadius) Bondi Radius [m]: 9.1224649484e+08 
(HEscapeRegime) Integer flag for H envelope escape regime []: 3.0000000000 
(RRCriticalFlux) Critical XUV Flux that separates RR and energy-limited escape [W/m^2]: 27.2224579968 
(CrossoverMass) Crossover mass, defines oxygen is escaping if mc > mo [kg]: 0.0000000000 
(WaterEscapeRegime) What water escape regime the code is currently in []: 8.0000000000 
(FXUVCRITDRAG) Critical Drag XUV flux [W/m^2]: 0.2071048723 
(HREFFLUX) The Hydrogen Reference Flux (m^-2 s^-1) [m^-2 s^-1]: 1.9843406700e+19 
(XO2) Molecular oxygen mixing ratio in atmosphere []: 0.0000000000 
(XH2O) Water mixing ratio in upper atmosphere []: 0.0000000000 
(HDiffFlux) The Hydrogen Diffusion Flux (m^-2 s^-1) [m^-2 s^-1]: 7.0848593420e+16 
(HRefODragMod) Multiply by H ref flux to get flux with drag []: 1.0000000000 
(KTide) Mass loss enhancement due to stellar gravity []: 0.8073923900 
(CumulativeXUVFlux) Cumulative XUV flux [kg/sec^3]: 0.0000000000 
(RGDuration) Runaway Greenhouse Duration [years]: 0.00000e+00

Output Order: Time[year] FXUV[W/m^2] PlanetRadius[Rearth] EnvelopeMass[Mearth] Age[year] DEnvMassDt[Mearth/Myr] HEscapeRegime[] Mass[Mearth]
Grid Output Order:

----- BODY: b_min ----
Active Modules: AtmEsc
Module Bit Sum: 9
Color: 000000
(Mass) Mass [Mearth]: 6.3295100000 
(Radius) Radius [m]: 3.2714249193e+07 
(RadGyra) Radius of Gyration/Moment of Inertia Constant []: 0.5000000000 
(BodyType) Type of Body (0 == planet) []: 0.0000000000 
(Density) Average Density [kg/m^3]: 257.7531216144 
(HZLimitDryRunaway) Semi-major axis of Dry Runaway HZ Limit [m]: 4.8597832092e+10 
(HZLimRecVenus) Recent Venus HZ Limit [m]: 4.3005201345e+10 
(HZLimRunaway) Runaway Greenhouse HZ Limit [m]: 5.6941783652e+10 
(HZLimMoistGreenhouse) Moist Greenhouse HZ Limit [m]: 5.6902853266e+10 
(HZLimMaxGreenhouse) Maximum Greenhouse HZ Limit [m]: 1.0623064142e+11 
(HZLimEarlyMars) Early Mars HZ Limit [m]: 1.1586199467e+11 
(Instellation) Orbit-averaged INcident STELLar radiATION [kg/sec^3]: 4.1441463502e+04 
(MeanMotion) Orbital Mean Motion [/sec]: 8.5924872879e-06 
(OrbPeriod) Orbital Period [sec]: 7.3124173440e+05 
(SemiMajorAxis) Semi-major Axis [m]: 9.7144916592e+09 
(LXUVTot) Total XUV Luminosity [kg/sec^3]: -1.0000000000 
(EscapeVelocity) Escape Velocity [m/sec]: 1.2419394939e+04 
----- ATMESC PARAMETERS (b_min)------
(SurfWaterMass) Surface water mass [kg]: 0.0000000000 
(EnvelopeMass) Envelope mass [Mearth]: 0.4440800000 
(OxygenMass) Oxygen mass in the atmosphere [kg]: 0.0000000000 
(RGLimit) Runaway greenhouse semi-major axis [m]: 5.2935587560e+10 
(XO) Atomic oxygen mixing ratio in upper atmosphere []: 0.0000000000 
(EtaO) Oxygen eta parameter (Luger and Barnes 2015) []: 0.0000000000 
(PlanetRadius) Planet radius [Rearth]: 5.1291527560 
(OxygenMantleMass) Mass of oxygen in mantle [kg]: 0.0000000000 
(RadXUV) XUV radius separating hydro. dyn. escape and equilibrium [m]: -1.0000000000 
(RadSolid) Radius to the solid surface [m]: -1.0000000000 
(PresXUV) Pressure at base of thermosphere [(null)]: 5.0000000000 
(ScaleHeight) Scale height in Lehmer & Catling (2016) model [m]: -1.0000000000 
(ThermTemp) Isothermal atmospheric temperature [K]: 554.8000000000 
(AtmGasConst) Atmospheric gas constant [(null)]: 4124.0000000000 
(PresSurf) Surface pressure due to atmosphere [Pa]: -1.0000000000 
(DEnvMassDt) Envelope Mass Loss Rate [Mearth/Myr]: -0.0020360010 
(FXUV) XUV flux [W/m^2]: 46.1606095176 
(AtmXAbsEffH2O) XUV atmospheric escape efficiency for H2O []: 0.3000000000 
(RocheRadius) Roche Lobe Radius [m]: 2.2500300842e+08 
(BondiRadius) Bondi Radius [m]: 4.9730451317e+08 
(HEscapeRegime) Integer flag for H envelope escape regime []: 3.0000000000 
(RRCriticalFlux) Critical XUV Flux that separates RR and energy-limited escape [W/m^2]: 9.7871871460 
(CrossoverMass) Crossover mass, defines oxygen is escaping if mc > mo [kg]: 0.0000000000 
(WaterEscapeRegime) What water escape regime the code is currently in []: 8.0000000000 
(FXUVCRITDRAG) Critical Drag XUV flux [W/m^2]: 0.0790812388 
(HREFFLUX) The Hydrogen Reference Flux (m^-2 s^-1) [m^-2 s^-1]: 3.4506785370e+19 
(XO2) Molecular oxygen mixing ratio in atmosphere []: 0.0000000000 
(XH2O) Water mixing ratio in upper atmosphere []: 0.0000000000 
(HDiffFlux) The Hydrogen Diffusion Flux (m^-2 s^-1) [m^-2 s^-1]: 4.5647536969e+16 
(HRefODragMod) Multiply by H ref flux to get flux with drag []: 1.0000000000 
(KTide) Mass loss enhancement due to stellar gravity []: 0.7834447163 
(CumulativeXUVFlux) Cumulative XUV flux [kg/sec^3]: 0.0000000000 
(RGDuration) Runaway Greenhouse Duration [years]: 0.00000e+00

Output Order: Time[year] FXUV[W/m^2] PlanetRadius[Rearth] EnvelopeMass[Mearth] Age[year] DEnvMassDt[Mearth/Myr] HEscapeRegime[] Mass[Mearth]
Grid Output Order:

----- BODY: c_max ----
Active Modules: AtmEsc
Module Bit Sum: 9
Color: 000000
(Mass) Mass [Mearth]: 17.7004190000 
(Radius) Radius [m]: 1.9583610432e+07 
(RadGyra) Radius of Gyration/Moment of Inertia Constant []: 0.5000000000 
(BodyType) Type of Body (0 == planet) []: 0.0000000000 
(Density) Average Density [kg/m^3]: 3360.0827945390 
(HZLimitDryRunaway) Semi-major axis of Dry Runaway HZ Limit [m]: 4.9283589266e+10 
(HZLimRecVenus) Recent Venus HZ Limit [m]: 4.3005201345e+10 
(HZLimRunaway) Runaway Greenhouse HZ Limit [m]: 5.6941783652e+10 
(HZLimMoistGreenhouse) Moist Greenhouse HZ Limit [m]: 5.6902853266e+10 
(HZLimMaxGreenhouse) Maximum Greenhouse HZ Limit [m]: 1.0623064142e+11 
(HZLimEarlyMars) Early Mars HZ Limit [m]: 1.1586199467e+11 
(Instellation) Orbit-averaged INcident STELLar radiATION [kg/sec^3]: 1.4439046448e+04 
(MeanMotion) Orbital Mean Motion [/sec]: 3.8560879939e-06 
(OrbPeriod) Orbital Period [sec]: 1.6294195872e+06 
(SemiMajorAxis) Semi-major Axis [m]: 1.6573379754e+10 
(LXUVTot) Total XUV Luminosity [kg/sec^3]: -1.0000000000 
(EscapeVelocity) Escape Velocity [m/sec]: 2.6842889546e+04 
----- ATMESC PARAMETERS (c_max)------
(SurfWaterMass) Surface water mass [kg]: 0.0000000000 
(EnvelopeMass) Envelope mass [Mearth]: 0.3248050000 
(OxygenMass) Oxygen mass in the atmosphere [kg]: 0.0000000000 
(RGLimit) Runaway greenhouse semi-major axis [m]: 5.1435719359e+10 
(XO) Atomic oxygen mixing ratio in upper atmosphere []: 0.0000000000 
(EtaO) Oxygen eta parameter (Luger and Barnes 2015) []: 0.0000000000 
(PlanetRadius) Planet radius [Rearth]: 3.0704458118 
(OxygenMantleMass) Mass of oxygen in mantle [kg]: 0.0000000000 
(RadXUV) XUV radius separating hydro. dyn. escape and equilibrium [m]: -1.0000000000 
(RadSolid) Radius to the solid surface [m]: -1.0000000000 
(PresXUV) Pressure at base of thermosphere [(null)]: 5.0000000000 
(ScaleHeight) Scale height in Lehmer & Catling (2016) model [m]: -1.0000000000 
(ThermTemp) Isothermal atmospheric temperature [K]: 424.7000000000 
(AtmGasConst) Atmospheric gas constant [(null)]: 4124.0000000000 
(PresSurf) Surface pressure due to atmosphere [Pa]: -1.0000000000 
(DEnvMassDt) Envelope Mass Loss Rate [Mearth/Myr]: -4.5080332905e-05 
(FXUV) XUV flux [W/m^2]: 16.0832926393 
(AtmXAbsEffH2O) XUV atmospheric escape efficiency for H2O []: 0.3000000000 
(RocheRadius) Roche Lobe Radius [m]: 5.4081717976e+08 
(BondiRadius) Bondi Radius [m]: 1.0647321213e+09 
(HEscapeRegime) Integer flag for H envelope escape regime []: 3.0000000000 
(RRCriticalFlux) Critical XUV Flux that separates RR and energy-limited escape [W/m^2]: 519.8929264932 
(CrossoverMass) Crossover mass, defines oxygen is escaping if mc > mo [kg]: 0.0000000000 
(WaterEscapeRegime) What water escape regime the code is currently in []: 8.0000000000 
(FXUVCRITDRAG) Critical Drag XUV flux [W/m^2]: 2.8829224880 
(HREFFLUX) The Hydrogen Reference Flux (m^-2 s^-1) [m^-2 s^-1]: 2.1320727630e+18 
(XO2) Molecular oxygen mixing ratio in atmosphere []: 0.0000000000 
(XH2O) Water mixing ratio in upper atmosphere []: 0.0000000000 
(HDiffFlux) The Hydrogen Diffusion Flux (m^-2 s^-1) [m^-2 s^-1]: 3.5622073713e+17 
(HRefODragMod) Multiply by H ref flux to get flux with drag []: 1.0000000000 
(KTide) Mass loss enhancement due to stellar gravity []: 0.9457070203 
(CumulativeXUVFlux) Cumulative XUV flux [kg/sec^3]: 0.0000000000 
(RGDuration) Runaway Greenhouse Duration [years]: 0.00000e+00

Output Order: Time[year] FXUV[W/m^2] PlanetRadius[Rearth] EnvelopeMass[Mearth] Age[year] DEnvMassDt[Mearth/Myr] HEscapeRegime[] Mass[Mearth]
Grid Output Order:

----- BODY: c_min ----
Active Modules: AtmEsc
Module Bit Sum: 9
Color: 000000
(Mass) Mass [Mearth]: 11.0404650000 
(Radius) Radius [m]: 1.7301380348e+07 
(RadGyra) Radius of Gyration/Moment of Inertia Constant []: 0.5000000000 
(BodyType) Type of Body (0 == planet) []: 0.0000000000 
(Density) Average Density [kg/m^3]: 3039.4137245374 
(HZLimitDryRunaway) Semi-major axis of Dry Runaway HZ Limit [m]: 4.9283589266e+10 
(HZLimRecVenus) Recent Venus HZ Limit [m]: 4.3005201345e+10 
(HZLimRunaway) Runaway Greenhouse HZ Limit [m]: 5.6941783652e+10 
(HZLimMoistGreenhouse) Moist Greenhouse HZ Limit [m]: 5.6902853266e+10 
(HZLimMaxGreenhouse) Maximum Greenhouse HZ Limit [m]: 1.0623064142e+11 
(HZLimEarlyMars) Early Mars HZ Limit [m]: 1.1586199467e+11 
(Instellation) Orbit-averaged INcident STELLar radiATION [kg/sec^3]: 1.4439423971e+04 
(MeanMotion) Orbital Mean Motion [/sec]: 3.8560879939e-06 
(OrbPeriod) Orbital Period [sec]: 1.6294195872e+06 
(SemiMajorAxis) Semi-major Axis [m]: 1.6573163095e+10 
(LXUVTot) Total XUV Luminosity [kg/sec^3]: -1.0000000000 
(EscapeVelocity) Escape Velocity [m/sec]: 2.2554706358e+04 
----- ATMESC PARAMETERS (c_min)------
(SurfWaterMass) Surface water mass [kg]: 0.0000000000 
(EnvelopeMass) Envelope mass [Mearth]: 0.1237835000 
(OxygenMass) Oxygen mass in the atmosphere [kg]: 0.0000000000 
(RGLimit) Runaway greenhouse semi-major axis [m]: 5.1945387864e+10 
(XO) Atomic oxygen mixing ratio in upper atmosphere []: 0.0000000000 
(EtaO) Oxygen eta parameter (Luger and Barnes 2015) []: 0.0000000000 
(PlanetRadius) Planet radius [Rearth]: 2.7126229360 
(OxygenMantleMass) Mass of oxygen in mantle [kg]: 0.0000000000 
(RadXUV) XUV radius separating hydro. dyn. escape and equilibrium [m]: -1.0000000000 
(RadSolid) Radius to the solid surface [m]: -1.0000000000 
(PresXUV) Pressure at base of thermosphere [(null)]: 5.0000000000 
(ScaleHeight) Scale height in Lehmer & Catling (2016) model [m]: -1.0000000000 
(ThermTemp) Isothermal atmospheric temperature [K]: 424.7000000000 
(AtmGasConst) Atmospheric gas constant [(null)]: 4124.0000000000 
(PresSurf) Surface pressure due to atmosphere [Pa]: -1.0000000000 
(DEnvMassDt) Envelope Mass Loss Rate [Mearth/Myr]: -4.9935189191e-05 
(FXUV) XUV flux [W/m^2]: 16.0837131526 
(AtmXAbsEffH2O) XUV atmospheric escape efficiency for H2O []: 0.3000000000 
(RocheRadius) Roche Lobe Radius [m]: 4.6207528608e+08 
(BondiRadius) Bondi Radius [m]: 6.6412069435e+08 
(HEscapeRegime) Integer flag for H envelope escape regime []: 3.0000000000 
(RRCriticalFlux) Critical XUV Flux that separates RR and energy-limited escape [W/m^2]: 292.1873604125 
(CrossoverMass) Crossover mass, defines oxygen is escaping if mc > mo [kg]: 0.0000000000 
(WaterEscapeRegime) What water escape regime the code is currently in []: 8.0000000000 
(FXUVCRITDRAG) Critical Drag XUV flux [W/m^2]: 1.6265844851 
(HREFFLUX) The Hydrogen Reference Flux (m^-2 s^-1) [m^-2 s^-1]: 3.0258376515e+18 
(XO2) Molecular oxygen mixing ratio in atmosphere []: 0.0000000000 
(XH2O) Water mixing ratio in upper atmosphere []: 0.0000000000 
(HDiffFlux) The Hydrogen Diffusion Flux (m^-2 s^-1) [m^-2 s^-1]: 2.8467349393e+17 
(HRefODragMod) Multiply by H ref flux to get flux with drag []: 1.0000000000 
(KTide) Mass loss enhancement due to stellar gravity []: 0.9438620862 
(CumulativeXUVFlux) Cumulative XUV flux [kg/sec^3]: 0.0000000000 
(RGDuration) Runaway Greenhouse Duration [years]: 0.00000e+00

Output Order: Time[year] FXUV[W/m^2] PlanetRadius[Rearth] EnvelopeMass[Mearth] Age[year] DEnvMassDt[Mearth/Myr] HEscapeRegime[] Mass[Mearth]
Grid Output Order:

----- BODY: d_max ----
Active Modules: AtmEsc
Module Bit Sum: 9
Color: 000000
(Mass) Mass [Mearth]: 1.5646958000 
(Radius) Radius [m]: 8.5107406931e+06 
(RadGyra) Radius of Gyration/Moment of Inertia Constant []: 0.5000000000 
(BodyType) Type of Body (0 == planet) []: 0.0000000000 
(Density) Average Density [kg/m^3]: 3618.8664557764 
(HZLimitDryRunaway) Semi-major axis of Dry Runaway HZ Limit [m]: 4.8478815322e+10 
(HZLimRecVenus) Recent Venus HZ Limit [m]: 4.3005201345e+10 
(HZLimRunaway) Runaway Greenhouse HZ Limit [m]: 5.6941783652e+10 
(HZLimMoistGreenhouse) Moist Greenhouse HZ Limit [m]: 5.6902853266e+10 
(HZLimMaxGreenhouse) Maximum Greenhouse HZ Limit [m]: 1.0623064142e+11 
(HZLimEarlyMars) Early Mars HZ Limit [m]: 1.1586199467e+11 
(Instellation) Orbit-averaged INcident STELLar radiATION [kg/sec^3]: 2.3987512516e+04 
(MeanMotion) Orbital Mean Motion [/sec]: 5.7124718914e-06 
(OrbPeriod) Orbital Period [sec]: 1.0999065600e+06 
(SemiMajorAxis) Semi-major Axis [m]: 1.2753006050e+10 
(LXUVTot) Total XUV Luminosity [kg/sec^3]: -1.0000000000 
(EscapeVelocity) Escape Velocity [m/sec]: 1.2106403668e+04 
----- ATMESC PARAMETERS (d_max)------
(SurfWaterMass) Surface water mass [kg]: 0.0000000000 
(EnvelopeMass) Envelope mass [Mearth]: 0.0007460750 
(OxygenMass) Oxygen mass in the atmosphere [kg]: 0.0000000000 
(RGLimit) Runaway greenhouse semi-major axis [m]: 5.4677012917e+10 
(XO) Atomic oxygen mixing ratio in upper atmosphere []: 0.0000000000 
(EtaO) Oxygen eta parameter (Luger and Barnes 2015) []: 0.0000000000 
(PlanetRadius) Planet radius [Rearth]: 1.3343692782 
(OxygenMantleMass) Mass of oxygen in mantle [kg]: 0.0000000000 
(RadXUV) XUV radius separating hydro. dyn. escape and equilibrium [m]: -1.0000000000 
(RadSolid) Radius to the solid surface [m]: -1.0000000000 
(PresXUV) Pressure at base of thermosphere [(null)]: 5.0000000000 
(ScaleHeight) Scale height in Lehmer & Catling (2016) model [m]: -1.0000000000 
(ThermTemp) Isothermal atmospheric temperature [K]: 400.0000000000 
(AtmGasConst) Atmospheric gas constant [(null)]: 4124.0000000000 
(PresSurf) Surface pressure due to atmosphere [Pa]: -1.0000000000 
(DEnvMassDt) Envelope Mass Loss Rate [Mearth/Myr]: -7.0620711733e-05 
(FXUV) XUV flux [W/m^2]: 26.7190901334 
(AtmXAbsEffH2O) XUV atmospheric escape efficiency for H2O []: 0.3000000000 
(RocheRadius) Roche Lobe Radius [m]: 1.8538193873e+08 
(BondiRadius) Bondi Radius [m]: 1.0729660587e+08 
(HEscapeRegime) Integer flag for H envelope escape regime []: 3.0000000000 
(RRCriticalFlux) Critical XUV Flux that separates RR and energy-limited escape [W/m^2]: 47.9889392902 
(CrossoverMass) Crossover mass, defines oxygen is escaping if mc > mo [kg]: 0.0000000000 
(WaterEscapeRegime) What water escape regime the code is currently in []: 8.0000000000 
(FXUVCRITDRAG) Critical Drag XUV flux [W/m^2]: 0.2744744439 
(HREFFLUX) The Hydrogen Reference Flux (m^-2 s^-1) [m^-2 s^-1]: 1.7684704334e+19 
(XO2) Molecular oxygen mixing ratio in atmosphere []: 0.0000000000 
(XH2O) Water mixing ratio in upper atmosphere []: 0.0000000000 
(HDiffFlux) The Hydrogen Diffusion Flux (m^-2 s^-1) [m^-2 s^-1]: 1.6673100708e+17 
(HRefODragMod) Multiply by H ref flux to get flux with drag []: 1.0000000000 
(KTide) Mass loss enhancement due to stellar gravity []: 0.9311845465 
(CumulativeXUVFlux) Cumulative XUV flux [kg/sec^3]: 0.0000000000 
(RGDuration) Runaway Greenhouse Duration [years]: 0.00000e+00

Output Order: Time[year] FXUV[W/m^2] PlanetRadius[Rearth] EnvelopeMass[Mearth] Age[year] DEnvMassDt[Mearth/Myr] HEscapeRegime[] Mass[Mearth]
Grid Output Order:

----- BODY: d_min ----
Active Modules: AtmEsc
Module Bit Sum: 9
Color: 000000
(Mass) Mass [Mearth]: 0.5432109000 
(Radius) Radius [m]: 1.1188804543e+07 
(RadGyra) Radius of Gyration/Moment of Inertia Constant []: 0.5000000000 
(BodyType) Type of Body (0 == planet) []: 0.0000000000 
(Density) Average Density [kg/m^3]: 552.9197843593 
(HZLimitDryRunaway) Semi-major axis of Dry Runaway HZ Limit [m]: 4.8478815322e+10 
(HZLimRecVenus) Recent Venus HZ Limit [m]: 4.3005201345e+10 
(HZLimRunaway) Runaway Greenhouse HZ Limit [m]: 5.6941783652e+10 
(HZLimMoistGreenhouse) Moist Greenhouse HZ Limit [m]: 5.6902853266e+10 
(HZLimMaxGreenhouse) Maximum Greenhouse HZ Limit [m]: 1.0623064142e+11 
(HZLimEarlyMars) Early Mars HZ Limit [m]: 1.1586199467e+11 
(Instellation) Orbit-averaged INcident STELLar radiATION [kg/sec^3]: 2.3987608717e+04 
(MeanMotion) Orbital Mean Motion [/sec]: 5.7124718914e-06 
(OrbPeriod) Orbital Period [sec]: 1.0999065600e+06 
(SemiMajorAxis) Semi-major Axis [m]: 1.2752980477e+10 
(LXUVTot) Total XUV Luminosity [kg/sec^3]: -1.0000000000 
(EscapeVelocity) Escape Velocity [m/sec]: 6221.2301180482 
----- ATMESC PARAMETERS (d_min)------
(SurfWaterMass) Surface water mass [kg]: 0.0000000000 
(EnvelopeMass) Envelope mass [Mearth]: 0.0012150000 
(OxygenMass) Oxygen mass in the atmosphere [kg]: 0.0000000000 
(RGLimit) Runaway greenhouse semi-major axis [m]: 5.6057565959e+10 
(XO) Atomic oxygen mixing ratio in upper atmosphere []: 0.0000000000 
(EtaO) Oxygen eta parameter (Luger and Barnes 2015) []: 0.0000000000 
(PlanetRadius) Planet radius [Rearth]: 1.7542535462 
(OxygenMantleMass) Mass of oxygen in mantle [kg]: 0.0000000000 
(RadXUV) XUV radius separating hydro. dyn. escape and equilibrium [m]: -1.0000000000 
(RadSolid) Radius to the solid surface [m]: -1.0000000000 
(PresXUV) Pressure at base of thermosphere [(null)]: 5.0000000000 
(ScaleHeight) Scale height in Lehmer & Catling (2016) model [m]: -1.0000000000 
(ThermTemp) Isothermal atmospheric temperature [K]: 400.0000000000 
(AtmGasConst) Atmospheric gas constant [(null)]: 4124.0000000000 
(PresSurf) Surface pressure due to atmosphere [Pa]: -1.0000000000 
(DEnvMassDt) Envelope Mass Loss Rate [Mearth/Myr]: -0.0004938683 
(FXUV) XUV flux [W/m^2]: 26.7191972894 
(AtmXAbsEffH2O) XUV atmospheric escape efficiency for H2O []: 0.3000000000 
(RocheRadius) Roche Lobe Radius [m]: 1.3029049534e+08 
(BondiRadius) Bondi Radius [m]: 3.7249888622e+07 
(HEscapeRegime) Integer flag for H envelope escape regime []: 3.0000000000 
(RRCriticalFlux) Critical XUV Flux that separates RR and energy-limited escape [W/m^2]: 2.2296435679 
(CrossoverMass) Crossover mass, defines oxygen is escaping if mc > mo [kg]: 0.0000000000 
(WaterEscapeRegime) What water escape regime the code is currently in []: 8.0000000000 
(FXUVCRITDRAG) Critical Drag XUV flux [W/m^2]: 0.0145589497 
(HREFFLUX) The Hydrogen Reference Flux (m^-2 s^-1) [m^-2 s^-1]: 7.1555700079e+19 
(XO2) Molecular oxygen mixing ratio in atmosphere []: 0.0000000000 
(XH2O) Water mixing ratio in upper atmosphere []: 0.0000000000 
(HDiffFlux) The Hydrogen Diffusion Flux (m^-2 s^-1) [m^-2 s^-1]: 3.3490549633e+16 
(HRefODragMod) Multiply by H ref flux to get flux with drag []: 1.0000000000 
(KTide) Mass loss enhancement due to stellar gravity []: 0.8715029061 
(CumulativeXUVFlux) Cumulative XUV flux [kg/sec^3]: 0.0000000000 
(RGDuration) Runaway Greenhouse Duration [years]: 0.00000e+00

Output Order: Time[year] FXUV[W/m^2] PlanetRadius[Rearth] EnvelopeMass[Mearth] Age[year] DEnvMassDt[Mearth/Myr] HEscapeRegime[] Mass[Mearth]
Grid Output Order:



---- FINAL SYSTEM PROPERTIES ----
(Age) System Age [sec]: 1.5778800000e+17 
(Time) Simulation Time [sec]: 1.5747242400e+17 
(TotAngMom) Total Angular Momentum [kg*m^2/sec]: 1.6232193979e+42 
(TotEnergy) Total System Energy [kg*m^2/sec^2]: -6.6731474726e+40 
(PotEnergy) Body's non-orbital Potential Energy [kg*m^2/sec^2]: -1.2433211706e+41 
(KinEnergy) Body's non-orbital Kinetic Energy [kg*m^2/sec^2]: 6.8880710183e+34 
(DeltaTime) Average Timestep Over Last Output Interval [sec]: 1.5778800000e+12 

----- BODY: star ----
Active Modules: FLARE STELLAR
Module Bit Sum: 577
Color: 000000
(Mass) Mass [kg]: 1.0140921600e+30 
(Radius) Radius [m]: 3.3122811598e+08 
(RadGyra) Radius of Gyration/Moment of Inertia Constant []: 0.4174613252 
(RotAngMom) Rotational Angular Momentum [kg*m^2/sec]: 5.1682791192e+40 
(RotVel) Rotational Velocity [m/sec]: 882.8945703158 
(BodyType) Type of Body (0 == planet) []: 0.0000000000 
(RotRate) Rotational Frequency [/sec]: 2.6655181965e-06 
(RotPer) Rotational Period [sec]: 2.3572096846e+06 
(Density) Average Density [kg/m^3]: 6662.0399524739 
(HZLimitDryRunaway) Semi-major axis of Dry Runaway HZ Limit [m]: 2.6601460404e+10 
(HZLimRecVenus) Recent Venus HZ Limit [m]: 2.3574480341e+10 
(HZLimRunaway) Runaway Greenhouse HZ Limit [m]: 3.1223742769e+10 
(HZLimMoistGreenhouse) Moist Greenhouse HZ Limit [m]: 3.1192855002e+10 
(HZLimMaxGreenhouse) Maximum Greenhouse HZ Limit [m]: 5.8136023643e+10 
(HZLimEarlyMars) Early Mars HZ Limit [m]: 6.3407307566e+10 
(Instellation) Orbit-averaged INcident STELLar radiATION [kg/sec^3]: -1.0000000000 
(CriticalSemiMajorAxis) Holman & Wiegert (1999) P-type Critical Semi-major Axis [m]: -1.0000000000 
(LXUVTot) Total XUV Luminosity [LSUN]: 6.4119112905e-07 
(LostEnergy) Body's Total Lost Energy [kg*m^2/sec^2]: 5.7601784551e+40 
(LostAngMom) Lost Angular Momentum due to Magnetic Braking [kg*m^2/sec]: 1.1458582938e+42 
(EscapeVelocity) Escape Velocity [m/sec]: 6.3928177629e+05 
----- STELLAR PARAMETERS (star)------
(Luminosity) Luminosity [LSUN]: 0.0383812957 
(LXUVStellar) Base X-ray/XUV Luminosity [LSUN]: 5.0980681478e-07 
(Temperature) Effective Temperature [K]: 3705.3395289902 
(LXUVFrac) Fraction of luminosity in XUV []: 1.3282689018e-05 
(RossbyNumber) Rossby Number []: 0.5791867443 
(DRotPerDtStellar) Time Rate of Change of Rotation Period in STELLAR []: 5.3875879924e-12 
(WindTorque) Stellar Wind Torque []: 8.4564736620e+22 
----- FLARE PARAMETERS (star)------
(LXUVFlare) XUV Luminosity from flares [LSUN]: 1.3138257985e-07 
(FlareFreq1) First value of flare frequency r/day [/sec]: 0.0001711931 
(FlareFreq2) Second value of flare frequency /day [/sec]: 0.0001694518 
(FlareFreq3) Third value of flare frequency r/day [/sec]: 0.0001677283 
(FlareFreq4) Fourth value of flare frequency /day [/sec]: 0.0001660222 
(FlareFreqMin) Frequency of the flares with the/day [/day]: 14.7910838817 
(FlareFreqMid) Frequency of the flares with the/day [/sec]: 1.0315404377e-06 
(FlareFreqMax) Frequency of the flares with the/day [/day]: 0.0005370318 
(FlareEnergy1) First value of flare energy rangergs [kg*m^2/sec^2]: 1.0000000000e+21 
(FlareEnergy2) Second value of flare energy ranergs [kg*m^2/sec^2]: 1.0139113857e+21 
(FlareEnergy3) Third value of flare energy rangergs [kg*m^2/sec^2]: 1.0280162981e+21 
(FlareEnergy4) Fourth value of flare energy ranergs [kg*m^2/sec^2]: 1.0423174294e+21 
(FlareEnergyMin) Minimum flare energy [ergs]: 1.0000000000e+28 
(FlareEnergyMid) Middle flare energy in the rangeergs [kg*m^2/sec^2]: 1.0000000000e+24 
(FlareEnergyMax) Maximum flare energy [ergs]: 1.0000000000e+34 
(FlareEnergyXUV1) First value of flare energy rangergs [kg*m^2/sec^2]: 2.1815180000e+21 
(FlareEnergyXUV2) Second value of flare energy ranergs [kg*m^2/sec^2]: 2.2118659384e+21 
(FlareEnergyXUV3) Third value of flare energy rangergs [kg*m^2/sec^2]: 2.2426360587e+21 
(FlareEnergyXUV4) Fourth value of flare energy ranergs [kg*m^2/sec^2]: 2.2738342339e+21 
(FlareEnergyXUVMiMinimum flare energy in the XUV ergs) Minimum flare energy in the XUV ergs [kg*m^2/sec^2]: 2.1815180000e+21 
(FlareEnergyXUVMiMiddle flare energy in the rangeergs) Middle flare energy in the rangeergs [kg*m^2/sec^2]: 2.1815180000e+24 
(FlareEnergyXUVMaMaximum flare energy in the XUV ergs) Maximum flare energy in the XUV ergs [kg*m^2/sec^2]: 2.1815180000e+27 
(FlareYIntOUT) FFD Y-Intercept [/sec]: -0.3100000000 
(FlareSlopeOUT) FFD slope [kg*m^2/sec^2]: -0.7400000000 

Output Order: Time[year] Luminosity[LSUN] LXUVTot[LSUN] LXUVFlare[LSUN] Age[year] FlareFreqMin[/day] FlareFreqMax[/day] FlareEnergyMin[ergs] FlareEnergyMax[ergs] LXUVStellar[LSUN]
Grid Output Order:

----- BODY: d_earth_equiv ----
Active Modules: AtmEsc
Module Bit Sum: 9
Color: 000000
(Mass) Mass [Mearth]: 1.0529900000 
(Radius) Radius [m]: 6.4683084142e+06 
(RadGyra) Radius of Gyration/Moment of Inertia Constant []: 0.5000000000 
(BodyType) Type of Body (0 == planet) []: 0.0000000000 
(Density) Average Density [kg/m^3]: 5547.4935361287 
(HZLimitDryRunaway) Semi-major axis of Dry Runaway HZ Limit [m]: 2.6601566929e+10 
(HZLimRecVenus) Recent Venus HZ Limit [m]: 2.3574480341e+10 
(HZLimRunaway) Runaway Greenhouse HZ Limit [m]: 3.1223742769e+10 
(HZLimMoistGreenhouse) Moist Greenhouse HZ Limit [m]: 3.1192855002e+10 
(HZLimMaxGreenhouse) Maximum Greenhouse HZ Limit [m]: 5.8136023643e+10 
(HZLimEarlyMars) Early Mars HZ Limit [m]: 6.3407307566e+10 
(Instellation) Orbit-averaged INcident STELLar radiATION [kg/sec^3]: 609.4432581933 
(MeanMotion) Orbital Mean Motion [/sec]: 8.9433790526e-07 
(OrbPeriod) Orbital Period [sec]: 7.0255160496e+06 
(SemiMajorAxis) Semi-major Axis [m]: 4.3902955230e+10 
(LXUVTot) Total XUV Luminosity [kg/sec^3]: -1.0000000000 
(EscapeVelocity) Escape Velocity [m/sec]: 1.1392017286e+04 
----- ATMESC PARAMETERS (d_earth_equiv)------
(SurfWaterMass) Surface water mass [kg]: 0.0000000000 
(EnvelopeMass) Envelope mass [Mearth]: 0.0000000000 
(OxygenMass) Oxygen mass in the atmosphere [kg]: 0.0000000000 
(RGLimit) Runaway greenhouse semi-major axis [m]: 3.0260595315e+10 
(XO) Atomic oxygen mixing ratio in upper atmosphere []: 0.0000000000 
(EtaO) Oxygen eta parameter (Luger and Barnes 2015) []: 0.0000000000 
(PlanetRadius) Planet radius [Rearth]: 1.0141434619 
(OxygenMantleMass) Mass of oxygen in mantle [kg]: 0.0000000000 
(RadXUV) XUV radius separating hydro. dyn. escape and equilibrium [m]: -1.0000000000 
(RadSolid) Radius to the solid surface [m]: -1.0000000000 
(PresXUV) Pressure at base of thermosphere [(null)]: 5.0000000000 
(ScaleHeight) Scale height in Lehmer & Catling (2016) model [m]: -1.0000000000 
(ThermTemp) Isothermal atmospheric temperature [K]: 400.0000000000 
(AtmGasConst) Atmospheric gas constant [(null)]: 4124.0000000000 
(PresSurf) Surface pressure due to atmosphere [Pa]: -1.0000000000 
(DEnvMassDt) Envelope Mass Loss Rate [Mearth/Myr]: 2.9391965271e-320 
(FXUV) XUV flux [W/m^2]: 0.0101812511 
(AtmXAbsEffH2O) XUV atmospheric escape efficiency for H2O []: 0.3000000000 
(RocheRadius) Roche Lobe Radius [m]: 5.5925951981e+08 
(BondiRadius) Bondi Radius [m]: 5.2533887969e+07 
(HEscapeRegime) Integer flag for H envelope escape regime []: 8.0000000000 
(RRCriticalFlux) Critical XUV Flux that separates RR and energy-limited escape [W/m^2]: 55.1299628667 
(CrossoverMass) Crossover mass, defines oxygen is escaping if mc > mo [kg]: 0.0000000000 
(WaterEscapeRegime) What water escape regime the code is currently in []: 8.0000000000 
(FXUVCRITDRAG) Critical Drag XUV flux [W/m^2]: 0.2831525595 
(HREFFLUX) The Hydrogen Reference Flux (m^-2 s^-1) [m^-2 s^-1]: 7.2117777447e+15 
(XO2) Molecular oxygen mixing ratio in atmosphere []: 0.0000000000 
(XH2O) Water mixing ratio in upper atmosphere []: 0.0000000000 
(HDiffFlux) The Hydrogen Diffusion Flux (m^-2 s^-1) [m^-2 s^-1]: 1.9425132148e+17 
(HRefODragMod) Multiply by H ref flux to get flux with drag []: 1.0000000000 
(KTide) Mass loss enhancement due to stellar gravity []: 0.9826520074 
(CumulativeXUVFlux) Cumulative XUV flux [kg/sec^3]: 1.3400023836e+16 
(RGDuration) Runaway Greenhouse Duration [years]: 1.95411e+07

Output Order: Time[year] FXUV[W/m^2] PlanetRadius[Rearth] EnvelopeMass[Mearth] Age[year] DEnvMassDt[Mearth/Myr] HEscapeRegime[] Mass[Mearth]
Grid Output Order:

----- BODY: b ----
Active Modules: AtmEsc
Module Bit Sum: 9
Color: 000000
(Mass) Mass [Mearth]: 8.8985299711 
(Radius) Radius [m]: 2.0262347373e+07 
(RadGyra) Radius of Gyration/Moment of Inertia Constant []: 0.5000000000 
(BodyType) Type of Body (0 == planet) []: 0.0000000000 
(Density) Average Density [kg/m^3]: 1525.0838205904 
(HZLimitDryRunaway) Semi-major axis of Dry Runaway HZ Limit [m]: 2.6666874477e+10 
(HZLimRecVenus) Recent Venus HZ Limit [m]: 2.3574480341e+10 
(HZLimRunaway) Runaway Greenhouse HZ Limit [m]: 3.1223742769e+10 
(HZLimMoistGreenhouse) Moist Greenhouse HZ Limit [m]: 3.1192855002e+10 
(HZLimMaxGreenhouse) Maximum Greenhouse HZ Limit [m]: 5.8136023643e+10 
(HZLimEarlyMars) Early Mars HZ Limit [m]: 6.3407307566e+10 
(Instellation) Orbit-averaged INcident STELLar radiATION [kg/sec^3]: 1.2477884787e+04 
(MeanMotion) Orbital Mean Motion [/sec]: 8.5924847133e-06 
(OrbPeriod) Orbital Period [sec]: 7.3124195350e+05 
(SemiMajorAxis) Semi-major Axis [m]: 9.7145425893e+09 
(LXUVTot) Total XUV Luminosity [kg/sec^3]: -1.0000000000 
(EscapeVelocity) Escape Velocity [m/sec]: 1.8711048609e+04 
----- ATMESC PARAMETERS (b)------
(SurfWaterMass) Surface water mass [kg]: 0.0000000000 
(EnvelopeMass) Envelope mass [Mearth]: 0.6875449711 
(OxygenMass) Oxygen mass in the atmosphere [kg]: 0.0000000000 
(RGLimit) Runaway greenhouse semi-major axis [m]: 2.8818257794e+10 
(XO) Atomic oxygen mixing ratio in upper atmosphere []: 0.0000000000 
(EtaO) Oxygen eta parameter (Luger and Barnes 2015) []: 0.0000000000 
(PlanetRadius) Planet radius [Rearth]: 3.1768626038 
(OxygenMantleMass) Mass of oxygen in mantle [kg]: 0.0000000000 
(RadXUV) XUV radius separating hydro. dyn. escape and equilibrium [m]: -1.0000000000 
(RadSolid) Radius to the solid surface [m]: -1.0000000000 
(PresXUV) Pressure at base of thermosphere [(null)]: 5.0000000000 
(ScaleHeight) Scale height in Lehmer & Catling (2016) model [m]: -1.0000000000 
(ThermTemp) Isothermal atmospheric temperature [K]: 400.0000000000 
(AtmGasConst) Atmospheric gas constant [(null)]: 4124.0000000000 
(PresSurf) Surface pressure due to atmosphere [Pa]: -1.0000000000 
(DEnvMassDt) Envelope Mass Loss Rate [Mearth/Myr]: -1.3839287643e-06 
(FXUV) XUV flux [W/m^2]: 0.2084533336 
(AtmXAbsEffH2O) XUV atmospheric escape efficiency for H2O []: 0.3000000000 
(RocheRadius) Roche Lobe Radius [m]: 2.5206158384e+08 
(BondiRadius) Bondi Radius [m]: 9.4377672641e+08 
(HEscapeRegime) Integer flag for H envelope escape regime []: 3.0000000000 
(RRCriticalFlux) Critical XUV Flux that separates RR and energy-limited escape [W/m^2]: 102.6428163179 
(CrossoverMass) Crossover mass, defines oxygen is escaping if mc > mo [kg]: 0.0000000000 
(WaterEscapeRegime) What water escape regime the code is currently in []: 8.0000000000 
(FXUVCRITDRAG) Critical Drag XUV flux [W/m^2]: 0.6578265857 
(HREFFLUX) The Hydrogen Reference Flux (m^-2 s^-1) [m^-2 s^-1]: 6.1140653963e+16 
(XO2) Molecular oxygen mixing ratio in atmosphere []: 0.0000000000 
(XH2O) Water mixing ratio in upper atmosphere []: 0.0000000000 
(HDiffFlux) The Hydrogen Diffusion Flux (m^-2 s^-1) [m^-2 s^-1]: 1.6728612762e+17 
(HRefODragMod) Multiply by H ref flux to get flux with drag []: 1.0000000000 
(KTide) Mass loss enhancement due to stellar gravity []: 0.8796799851 
(CumulativeXUVFlux) Cumulative XUV flux [kg/sec^3]: 2.7435524362e+17 
(RGDuration) Runaway Greenhouse Duration [years]: 0.00000e+00

Output Order: Time[year] FXUV[W/m^2] PlanetRadius[Rearth] EnvelopeMass[Mearth] Age[year] DEnvMassDt[Mearth/Myr] HEscapeRegime[] Mass[Mearth]
Grid Output Order:

----- BODY: c ----
Active Modules: AtmEsc
Module Bit Sum: 9
Color: 000000
(Mass) Mass [Mearth]: 14.4541838029 
(Radius) Radius [m]: 1.5686789950e+07 
(RadGyra) Radius of Gyration/Moment of Inertia Constant []: 0.5000000000 
(BodyType) Type of Body (0 == planet) []: 0.0000000000 
(Density) Average Density [kg/m^3]: 5338.7064896897 
(HZLimitDryRunaway) Semi-major axis of Dry Runaway HZ Limit [m]: 2.7043166992e+10 
(HZLimRecVenus) Recent Venus HZ Limit [m]: 2.3574480341e+10 
(HZLimRunaway) Runaway Greenhouse HZ Limit [m]: 3.1223742769e+10 
(HZLimMoistGreenhouse) Moist Greenhouse HZ Limit [m]: 3.1192855002e+10 
(HZLimMaxGreenhouse) Maximum Greenhouse HZ Limit [m]: 5.8136023643e+10 
(HZLimEarlyMars) Early Mars HZ Limit [m]: 6.3407307566e+10 
(Instellation) Orbit-averaged INcident STELLar radiATION [kg/sec^3]: 4347.6490357919 
(MeanMotion) Orbital Mean Motion [/sec]: 3.8560879230e-06 
(OrbPeriod) Orbital Period [sec]: 1.6294196172e+06 
(SemiMajorAxis) Semi-major Axis [m]: 1.6573274353e+10 
(LXUVTot) Total XUV Luminosity [kg/sec^3]: -1.0000000000 
(EscapeVelocity) Escape Velocity [m/sec]: 2.7102766117e+04 
----- ATMESC PARAMETERS (c)------
(SurfWaterMass) Surface water mass [kg]: 0.0000000000 
(EnvelopeMass) Envelope mass [Mearth]: 0.2025138029 
(OxygenMass) Oxygen mass in the atmosphere [kg]: 0.0000000000 
(RGLimit) Runaway greenhouse semi-major axis [m]: 2.8326159810e+10 
(XO) Atomic oxygen mixing ratio in upper atmosphere []: 0.0000000000 
(EtaO) Oxygen eta parameter (Luger and Barnes 2015) []: 0.0000000000 
(PlanetRadius) Planet radius [Rearth]: 2.4594769524 
(OxygenMantleMass) Mass of oxygen in mantle [kg]: 0.0000000000 
(RadXUV) XUV radius separating hydro. dyn. escape and equilibrium [m]: -1.0000000000 
(RadSolid) Radius to the solid surface [m]: -1.0000000000 
(PresXUV) Pressure at base of thermosphere [(null)]: 5.0000000000 
(ScaleHeight) Scale height in Lehmer & Catling (2016) model [m]: -1.0000000000 
(ThermTemp) Isothermal atmospheric temperature [K]: 400.0000000000 
(AtmGasConst) Atmospheric gas constant [(null)]: 4124.0000000000 
(PresSurf) Surface pressure due to atmosphere [Pa]: -1.0000000000 
(DEnvMassDt) Envelope Mass Loss Rate [Mearth/Myr]: -1.2708792827e-07 
(FXUV) XUV flux [W/m^2]: 0.0726310549 
(AtmXAbsEffH2O) XUV atmospheric escape efficiency for H2O []: 0.3000000000 
(RocheRadius) Roche Lobe Radius [m]: 5.0549600280e+08 
(BondiRadius) Bondi Radius [m]: 1.1736850895e+09 
(HEscapeRegime) Integer flag for H envelope escape regime []: 3.0000000000 
(RRCriticalFlux) Critical XUV Flux that separates RR and energy-limited escape [W/m^2]: 685.6577859063 
(CrossoverMass) Crossover mass, defines oxygen is escaping if mc > mo [kg]: 0.0000000000 
(WaterEscapeRegime) What water escape regime the code is currently in []: 8.0000000000 
(FXUVCRITDRAG) Critical Drag XUV flux [W/m^2]: 3.7404948231 
(HREFFLUX) The Hydrogen Reference Flux (m^-2 s^-1) [m^-2 s^-1]: 9.3676789521e+15 
(XO2) Molecular oxygen mixing ratio in atmosphere []: 0.0000000000 
(XH2O) Water mixing ratio in upper atmosphere []: 0.0000000000 
(HDiffFlux) The Hydrogen Diffusion Flux (m^-2 s^-1) [m^-2 s^-1]: 4.5336353306e+17 
(HRefODragMod) Multiply by H ref flux to get flux with drag []: 1.0000000000 
(KTide) Mass loss enhancement due to stellar gravity []: 0.9534662361 
(CumulativeXUVFlux) Cumulative XUV flux [kg/sec^3]: 9.5593149860e+16 
(RGDuration) Runaway Greenhouse Duration [years]: 0.00000e+00

Output Order: Time[year] FXUV[W/m^2] PlanetRadius[Rearth] EnvelopeMass[Mearth] Age[year] DEnvMassDt[Mearth/Myr] HEscapeRegime[] Mass[Mearth]
Grid Output Order:

----- BODY: d ----
Active Modules: AtmEsc
Module Bit Sum: 9
Color: 000000
(Mass) Mass [Mearth]: 1.0529910000 
(Radius) Radius [m]: 6.4683100851e+06 
(RadGyra) Radius of Gyration/Moment of Inertia Constant []: 0.5000000000 
(BodyType) Type of Body (0 == planet) []: 0.0000000000 
(Density) Average Density [kg/m^3]: 5547.4945055002 
(HZLimitDryRunaway) Semi-major axis of Dry Runaway HZ Limit [m]: 2.6601566929e+10 
(HZLimRecVenus) Recent Venus HZ Limit [m]: 2.3574480341e+10 
(HZLimRunaway) Runaway Greenhouse HZ Limit [m]: 3.1223742769e+10 
(HZLimMoistGreenhouse) Moist Greenhouse HZ Limit [m]: 3.1192855002e+10 
(HZLimMaxGreenhouse) Maximum Greenhouse HZ Limit [m]: 5.8136023643e+10 
(HZLimEarlyMars) Early Mars HZ Limit [m]: 6.3407307566e+10 
(Instellation) Orbit-averaged INcident STELLar radiATION [kg/sec^3]: 7222.6492683205 
(MeanMotion) Orbital Mean Motion [/sec]: 5.7124718740e-06 
(OrbPeriod) Orbital Period [sec]: 1.0999065634e+06 
(SemiMajorAxis) Semi-major Axis [m]: 1.2752993265e+10 
(LXUVTot) Total XUV Luminosity [kg/sec^3]: -1.0000000000 
(EscapeVelocity) Escape Velocity [m/sec]: 1.1392021224e+04 
----- ATMESC PARAMETERS (d)------
(SurfWaterMass) Surface water mass [kg]: 0.0000000000 
(EnvelopeMass) Envelope mass [Mearth]: 0.0000000000 
(OxygenMass) Oxygen mass in the atmosphere [kg]: 0.0000000000 
(RGLimit) Runaway greenhouse semi-major axis [m]: 3.0260594642e+10 
(XO) Atomic oxygen mixing ratio in upper atmosphere []: 0.0000000000 
(EtaO) Oxygen eta parameter (Luger and Barnes 2015) []: 0.0000000000 
(PlanetRadius) Planet radius [Rearth]: 1.0141437238 
(OxygenMantleMass) Mass of oxygen in mantle [kg]: 0.0000000000 
(RadXUV) XUV radius separating hydro. dyn. escape and equilibrium [m]: -1.0000000000 
(RadSolid) Radius to the solid surface [m]: -1.0000000000 
(PresXUV) Pressure at base of thermosphere [(null)]: 5.0000000000 
(ScaleHeight) Scale height in Lehmer & Catling (2016) model [m]: -1.0000000000 
(ThermTemp) Isothermal atmospheric temperature [K]: 400.0000000000 
(AtmGasConst) Atmospheric gas constant [(null)]: 4124.0000000000 
(PresSurf) Surface pressure due to atmosphere [Pa]: -1.0000000000 
(DEnvMassDt) Envelope Mass Loss Rate [Mearth/Myr]: 2.9391965271e-320 
(FXUV) XUV flux [W/m^2]: 0.1206602997 
(AtmXAbsEffH2O) XUV atmospheric escape efficiency for H2O []: 0.3000000000 
(RocheRadius) Roche Lobe Radius [m]: 1.6245455711e+08 
(BondiRadius) Bondi Radius [m]: 9.7472199961e+07 
(HEscapeRegime) Integer flag for H envelope escape regime []: 8.0000000000 
(RRCriticalFlux) Critical XUV Flux that separates RR and energy-limited escape [W/m^2]: 50.4810509039 
(CrossoverMass) Crossover mass, defines oxygen is escaping if mc > mo [kg]: 0.0000000000 
(WaterEscapeRegime) What water escape regime the code is currently in []: 8.0000000000 
(FXUVCRITDRAG) Critical Drag XUV flux [W/m^2]: 0.2831528779 
(HREFFLUX) The Hydrogen Reference Flux (m^-2 s^-1) [m^-2 s^-1]: 8.9317217104e+16 
(XO2) Molecular oxygen mixing ratio in atmosphere []: 0.0000000000 
(XH2O) Water mixing ratio in upper atmosphere []: 0.0000000000 
(HDiffFlux) The Hydrogen Diffusion Flux (m^-2 s^-1) [m^-2 s^-1]: 1.9425140561e+17 
(HRefODragMod) Multiply by H ref flux to get flux with drag []: 1.0000000000 
(KTide) Mass loss enhancement due to stellar gravity []: 0.9403073812 
(CumulativeXUVFlux) Cumulative XUV flux [kg/sec^3]: 1.5880669948e+17 
(RGDuration) Runaway Greenhouse Duration [years]: 0.00000e+00

Output Order: Time[year] FXUV[W/m^2] PlanetRadius[Rearth] EnvelopeMass[Mearth] Age[year] DEnvMassDt[Mearth/Myr] HEscapeRegime[] Mass[Mearth]
Grid Output Order:

----- BODY: b_max ----
Active Modules: AtmEsc
Module Bit Sum: 9
Color: 000000
(Mass) Mass [Mearth]: 11.5066721441 
(Radius) Radius [m]: 2.2653560381e+07 
(RadGyra) Radius of Gyration/Moment of Inertia Constant []: 0.5000000000 
(BodyType) Type of Body (0 == planet) []: 0.0000000000 
(Density) Average Density [kg/m^3]: 1411.1885695581 
(HZLimitDryRunaway) Semi-major axis of Dry Runaway HZ Limit [m]: 2.6666874477e+10 
(HZLimRecVenus) Recent Venus HZ Limit [m]: 2.3574480341e+10 
(HZLimRunaway) Runaway Greenhouse HZ Limit [m]: 3.1223742769e+10 
(HZLimMoistGreenhouse) Moist Greenhouse HZ Limit [m]: 3.1192855002e+10 
(HZLimMaxGreenhouse) Maximum Greenhouse HZ Limit [m]: 5.8136023643e+10 
(HZLimEarlyMars) Early Mars HZ Limit [m]: 6.3407307566e+10 
(Instellation) Orbit-averaged INcident STELLar radiATION [kg/sec^3]: 1.2477756907e+04 
(MeanMotion) Orbital Mean Motion [/sec]: 8.5924846535e-06 
(OrbPeriod) Orbital Period [sec]: 7.3124195859e+05 
(SemiMajorAxis) Semi-major Axis [m]: 9.7145923695e+09 
(LXUVTot) Total XUV Luminosity [kg/sec^3]: -1.0000000000 
(EscapeVelocity) Escape Velocity [m/sec]: 2.0122897124e+04 
----- ATMESC PARAMETERS (b_max)------
(SurfWaterMass) Surface water mass [kg]: 0.0000000000 
(EnvelopeMass) Envelope mass [Mearth]: 1.1752471441 
(OxygenMass) Oxygen mass in the atmosphere [kg]: 0.0000000000 
(RGLimit) Runaway greenhouse semi-major axis [m]: 2.8661915980e+10 
(XO) Atomic oxygen mixing ratio in upper atmosphere []: 0.0000000000 
(EtaO) Oxygen eta parameter (Luger and Barnes 2015) []: 0.0000000000 
(PlanetRadius) Planet radius [Rearth]: 3.5517725311 
(OxygenMantleMass) Mass of oxygen in mantle [kg]: 0.0000000000 
(RadXUV) XUV radius separating hydro. dyn. escape and equilibrium [m]: -1.0000000000 
(RadSolid) Radius to the solid surface [m]: -1.0000000000 
(PresXUV) Pressure at base of thermosphere [(null)]: 5.0000000000 
(ScaleHeight) Scale height in Lehmer & Catling (2016) model [m]: -1.0000000000 
(ThermTemp) Isothermal atmospheric temperature [K]: 400.0000000000 
(AtmGasConst) Atmospheric gas constant [(null)]: 4124.0000000000 
(PresSurf) Surface pressure due to atmosphere [Pa]: -1.0000000000 
(DEnvMassDt) Envelope Mass Loss Rate [Mearth/Myr]: -1.5009641954e-06 
(FXUV) XUV flux [W/m^2]: 0.2084511973 
(AtmXAbsEffH2O) XUV atmospheric escape efficiency for H2O []: 0.3000000000 
(RocheRadius) Roche Lobe Radius [m]: 2.7461191506e+08 
(BondiRadius) Bondi Radius [m]: 1.2203927592e+09 
(HEscapeRegime) Integer flag for H envelope escape regime []: 3.0000000000 
(RRCriticalFlux) Critical XUV Flux that separates RR and energy-limited escape [W/m^2]: 121.9401155703 
(CrossoverMass) Crossover mass, defines oxygen is escaping if mc > mo [kg]: 0.0000000000 
(WaterEscapeRegime) What water escape regime the code is currently in []: 8.0000000000 
(FXUVCRITDRAG) Critical Drag XUV flux [W/m^2]: 0.7871078236 
(HREFFLUX) The Hydrogen Reference Flux (m^-2 s^-1) [m^-2 s^-1]: 5.3050960535e+16 
(XO2) Molecular oxygen mixing ratio in atmosphere []: 0.0000000000 
(XH2O) Water mixing ratio in upper atmosphere []: 0.0000000000 
(HDiffFlux) The Hydrogen Diffusion Flux (m^-2 s^-1) [m^-2 s^-1]: 1.7306050879e+17 
(HRefODragMod) Multiply by H ref flux to get flux with drag []: 1.0000000000 
(KTide) Mass loss enhancement due to stellar gravity []: 0.8765411881 
(CumulativeXUVFlux) Cumulative XUV flux [kg/sec^3]: 2.7435243188e+17 
(RGDuration) Runaway Greenhouse Duration [years]: 0.00000e+00

Output Order: Time[year] FXUV[W/m^2] PlanetRadius[Rearth] EnvelopeMass[Mearth] Age[year] DEnvMassDt[Mearth/Myr] HEscapeRegime[] Mass[Mearth]
Grid Output Order:

----- BODY: b_min ----
Active Modules: AtmEsc
Module Bit Sum: 9
Color: 000000
(Mass) Mass [Mearth]: 6.2252331096 
(Radius) Radius [m]: 1.7880934333e+07 
(RadGyra) Radius of Gyration/Moment of Inertia Constant []: 0.5000000000 
(BodyType) Type of Body (0 == planet) []: 0.0000000000 
(Density) Average Density [kg/m^3]: 1552.4932108558 
(HZLimitDryRunaway) Semi-major axis of Dry Runaway HZ Limit [m]: 2.6666874477e+10 
(HZLimRecVenus) Recent Venus HZ Limit [m]: 2.3574480341e+10 
(HZLimRunaway) Runaway Greenhouse HZ Limit [m]: 3.1223742769e+10 
(HZLimMoistGreenhouse) Moist Greenhouse HZ Limit [m]: 3.1192855002e+10 
(HZLimMaxGreenhouse) Maximum Greenhouse HZ Limit [m]: 5.8136023643e+10 
(HZLimEarlyMars) Early Mars HZ Limit [m]: 6.3407307566e+10 
(Instellation) Orbit-averaged INcident STELLar radiATION [kg/sec^3]: 1.2478015623e+04 
(MeanMotion) Orbital Mean Motion [/sec]: 8.5924846496e-06 
(OrbPeriod) Orbital Period [sec]: 7.3124195892e+05 
(SemiMajorAxis) Semi-major Axis [m]: 9.7144916592e+09 
(LXUVTot) Total XUV Luminosity [kg/sec^3]: -1.0000000000 
(EscapeVelocity) Escape Velocity [m/sec]: 1.6659676989e+04 
----- ATMESC PARAMETERS (b_min)------
(SurfWaterMass) Surface water mass [kg]: 0.0000000000 
(EnvelopeMass) Envelope mass [Mearth]: 0.3398031096 
(OxygenMass) Oxygen mass in the atmosphere [kg]: 0.0000000000 
(RGLimit) Runaway greenhouse semi-major axis [m]: 2.9039877537e+10 
(XO) Atomic oxygen mixing ratio in upper atmosphere []: 0.0000000000 
(EtaO) Oxygen eta parameter (Luger and Barnes 2015) []: 0.0000000000 
(PlanetRadius) Planet radius [Rearth]: 2.8034891791 
(OxygenMantleMass) Mass of oxygen in mantle [kg]: 0.0000000000 
(RadXUV) XUV radius separating hydro. dyn. escape and equilibrium [m]: -1.0000000000 
(RadSolid) Radius to the solid surface [m]: -1.0000000000 
(PresXUV) Pressure at base of thermosphere [(null)]: 5.0000000000 
(ScaleHeight) Scale height in Lehmer & Catling (2016) model [m]: -1.0000000000 
(ThermTemp) Isothermal atmospheric temperature [K]: 554.8000000000 
(AtmGasConst) Atmospheric gas constant [(null)]: 4124.0000000000 
(PresSurf) Surface pressure due to atmosphere [Pa]: -1.0000000000 
(DEnvMassDt) Envelope Mass Loss Rate [Mearth/Myr]: -1.3584153694e-06 
(FXUV) XUV flux [W/m^2]: 0.2084555193 
(AtmXAbsEffH2O) XUV atmospheric escape efficiency for H2O []: 0.3000000000 
(RocheRadius) Roche Lobe Radius [m]: 2.2376053977e+08 
(BondiRadius) Bondi Radius [m]: 6.6024900128e+08 
(HEscapeRegime) Integer flag for H envelope escape regime []: 3.0000000000 
(RRCriticalFlux) Critical XUV Flux that separates RR and energy-limited escape [W/m^2]: 73.2152101631 
(CrossoverMass) Crossover mass, defines oxygen is escaping if mc > mo [kg]: 0.0000000000 
(WaterEscapeRegime) What water escape regime the code is currently in []: 8.0000000000 
(FXUVCRITDRAG) Critical Drag XUV flux [W/m^2]: 0.4684732185 
(HREFFLUX) The Hydrogen Reference Flux (m^-2 s^-1) [m^-2 s^-1]: 7.7063375999e+16 
(XO2) Molecular oxygen mixing ratio in atmosphere []: 0.0000000000 
(XH2O) Water mixing ratio in upper atmosphere []: 0.0000000000 
(HDiffFlux) The Hydrogen Diffusion Flux (m^-2 s^-1) [m^-2 s^-1]: 1.5027833538e+17 
(HRefODragMod) Multiply by H ref flux to get flux with drag []: 1.0000000000 
(KTide) Mass loss enhancement due to stellar gravity []: 0.8803886077 
(CumulativeXUVFlux) Cumulative XUV flux [kg/sec^3]: 2.7435812034e+17 
(RGDuration) Runaway Greenhouse Duration [years]: 0.00000e+00

Output Order: Time[year] FXUV[W/m^2] PlanetRadius[Rearth] EnvelopeMass[Mearth] Age[year] DEnvMassDt[Mearth/Myr] HEscapeRegime[] Mass[Mearth]
Grid Output Order:

----- BODY: c_max ----
Active Modules: AtmEsc
Module Bit Sum: 9
Color: 000000
(Mass) Mass [Mearth]: 17.6942235688 
(Radius) Radius [m]: 1.6774504001e+07 
(RadGyra) Radius of Gyration/Moment of Inertia Constant []: 0.5000000000 
(BodyType) Type of Body (0 == planet) []: 0.0000000000 
(Density) Average Density [kg/m^3]: 5344.7471393356 
(HZLimitDryRunaway) Semi-major axis of Dry Runaway HZ Limit [m]: 2.7043166992e+10 
(HZLimRecVenus) Recent Venus HZ Limit [m]: 2.3574480341e+10 
(HZLimRunaway) Runaway Greenhouse HZ Limit [m]: 3.1223742769e+10 
(HZLimMoistGreenhouse) Moist Greenhouse HZ Limit [m]: 3.1192855002e+10 
(HZLimMaxGreenhouse) Maximum Greenhouse HZ Limit [m]: 5.8136023643e+10 
(HZLimEarlyMars) Early Mars HZ Limit [m]: 6.3407307566e+10 
(Instellation) Orbit-averaged INcident STELLar radiATION [kg/sec^3]: 4347.5937366022 
(MeanMotion) Orbital Mean Motion [/sec]: 3.8560879235e-06 
(OrbPeriod) Orbital Period [sec]: 1.6294196169e+06 
(SemiMajorAxis) Semi-major Axis [m]: 1.6573379754e+10 
(LXUVTot) Total XUV Luminosity [kg/sec^3]: -1.0000000000 
(EscapeVelocity) Escape Velocity [m/sec]: 2.8998449861e+04 
----- ATMESC PARAMETERS (c_max)------
(SurfWaterMass) Surface water mass [kg]: 0.0000000000 
(EnvelopeMass) Envelope mass [Mearth]: 0.3186095688 
(OxygenMass) Oxygen mass in the atmosphere [kg]: 0.0000000000 
(RGLimit) Runaway greenhouse semi-major axis [m]: 2.8207466845e+10 
(XO) Atomic oxygen mixing ratio in upper atmosphere []: 0.0000000000 
(EtaO) Oxygen eta parameter (Luger and Barnes 2015) []: 0.0000000000 
(PlanetRadius) Planet radius [Rearth]: 2.6300158356 
(OxygenMantleMass) Mass of oxygen in mantle [kg]: 0.0000000000 
(RadXUV) XUV radius separating hydro. dyn. escape and equilibrium [m]: -1.0000000000 
(RadSolid) Radius to the solid surface [m]: -1.0000000000 
(PresXUV) Pressure at base of thermosphere [(null)]: 5.0000000000 
(ScaleHeight) Scale height in Lehmer & Catling (2016) model [m]: -1.0000000000 
(ThermTemp) Isothermal atmospheric temperature [K]: 424.7000000000 
(AtmGasConst) Atmospheric gas constant [(null)]: 4124.0000000000 
(PresSurf) Surface pressure due to atmosphere [Pa]: -1.0000000000 
(DEnvMassDt) Envelope Mass Loss Rate [Mearth/Myr]: -1.2694030560e-07 
(FXUV) XUV flux [W/m^2]: 0.0726301311 
(AtmXAbsEffH2O) XUV atmospheric escape efficiency for H2O []: 0.3000000000 
(RocheRadius) Roche Lobe Radius [m]: 5.4075407416e+08 
(BondiRadius) Bondi Radius [m]: 1.4367729523e+09 
(HEscapeRegime) Integer flag for H envelope escape regime []: 3.0000000000 
(RRCriticalFlux) Critical XUV Flux that separates RR and energy-limited escape [W/m^2]: 840.3354851364 
(CrossoverMass) Crossover mass, defines oxygen is escaping if mc > mo [kg]: 0.0000000000 
(WaterEscapeRegime) What water escape regime the code is currently in []: 8.0000000000 
(FXUVCRITDRAG) Critical Drag XUV flux [W/m^2]: 4.5841425473 
(HREFFLUX) The Hydrogen Reference Flux (m^-2 s^-1) [m^-2 s^-1]: 8.1826886300e+15 
(XO2) Molecular oxygen mixing ratio in atmosphere []: 0.0000000000 
(XH2O) Water mixing ratio in upper atmosphere []: 0.0000000000 
(HDiffFlux) The Hydrogen Diffusion Flux (m^-2 s^-1) [m^-2 s^-1]: 4.8534807215e+17 
(HRefODragMod) Multiply by H ref flux to get flux with drag []: 1.0000000000 
(KTide) Mass loss enhancement due to stellar gravity []: 0.9534840580 
(CumulativeXUVFlux) Cumulative XUV flux [kg/sec^3]: 9.5591933979e+16 
(RGDuration) Runaway Greenhouse Duration [years]: 0.00000e+00

Output Order: Time[year] FXUV[W/m^2] PlanetRadius[Rearth] EnvelopeMass[Mearth] Age[year] DEnvMassDt[Mearth/Myr] HEscapeRegime[] Mass[Mearth]
Grid Output Order:

----- BODY: c_min ----
Active Modules: AtmEsc
Module Bit Sum: 9
Color: 000000
(Mass) Mass [Mearth]: 11.0337404286 
(Radius) Radius [m]: 1.4642262705e+07 
(RadGyra) Radius of Gyration/Moment of Inertia Constant []: 0.5000000000 
(BodyType) Type of Body (0 == planet) []: 0.0000000000 
(Density) Average Density [kg/m^3]: 5011.2133747445 
(HZLimitDryRunaway) Semi-major axis of Dry Runaway HZ Limit [m]: 2.7043166992e+10 
(HZLimRecVenus) Recent Venus HZ Limit [m]: 2.3574480341e+10 
(HZLimRunaway) Runaway Greenhouse HZ Limit [m]: 3.1223742769e+10 
(HZLimMoistGreenhouse) Moist Greenhouse HZ Limit [m]: 3.1192855002e+10 
(HZLimMaxGreenhouse) Maximum Greenhouse HZ Limit [m]: 5.8136023643e+10 
(HZLimEarlyMars) Early Mars HZ Limit [m]: 6.3407307566e+10 
(Instellation) Orbit-averaged INcident STELLar radiATION [kg/sec^3]: 4347.7074086672 
(MeanMotion) Orbital Mean Motion [/sec]: 3.8560879175e-06 
(OrbPeriod) Orbital Period [sec]: 1.6294196195e+06 
(SemiMajorAxis) Semi-major Axis [m]: 1.6573163095e+10 
(LXUVTot) Total XUV Luminosity [kg/sec^3]: -1.0000000000 
(EscapeVelocity) Escape Velocity [m/sec]: 2.4509878348e+04 
----- ATMESC PARAMETERS (c_min)------
(SurfWaterMass) Surface water mass [kg]: 0.0000000000 
(EnvelopeMass) Envelope mass [Mearth]: 0.1170589286 
(OxygenMass) Oxygen mass in the atmosphere [kg]: 0.0000000000 
(RGLimit) Runaway greenhouse semi-major axis [m]: 2.8486985568e+10 
(XO) Atomic oxygen mixing ratio in upper atmosphere []: 0.0000000000 
(EtaO) Oxygen eta parameter (Luger and Barnes 2015) []: 0.0000000000 
(PlanetRadius) Planet radius [Rearth]: 2.2957091774 
(OxygenMantleMass) Mass of oxygen in mantle [kg]: 0.0000000000 
(RadXUV) XUV radius separating hydro. dyn. escape and equilibrium [m]: -1.0000000000 
(RadSolid) Radius to the solid surface [m]: -1.0000000000 
(PresXUV) Pressure at base of thermosphere [(null)]: 5.0000000000 
(ScaleHeight) Scale height in Lehmer & Catling (2016) model [m]: -1.0000000000 
(ThermTemp) Isothermal atmospheric temperature [K]: 424.7000000000 
(AtmGasConst) Atmospheric gas constant [(null)]: 4124.0000000000 
(PresSurf) Surface pressure due to atmosphere [Pa]: -1.0000000000 
(DEnvMassDt) Envelope Mass Loss Rate [Mearth/Myr]: -1.3553622344e-07 
(FXUV) XUV flux [W/m^2]: 0.0726320301 
(AtmXAbsEffH2O) XUV atmospheric escape efficiency for H2O []: 0.3000000000 
(RocheRadius) Roche Lobe Radius [m]: 4.6198145279e+08 
(BondiRadius) Bondi Radius [m]: 8.9594682531e+08 
(HEscapeRegime) Integer flag for H envelope escape regime []: 3.0000000000 
(RRCriticalFlux) Critical XUV Flux that separates RR and energy-limited escape [W/m^2]: 490.2744408663 
(CrossoverMass) Crossover mass, defines oxygen is escaping if mc > mo [kg]: 0.0000000000 
(WaterEscapeRegime) What water escape regime the code is currently in []: 8.0000000000 
(FXUVCRITDRAG) Critical Drag XUV flux [W/m^2]: 2.6801870105 
(HREFFLUX) The Hydrogen Reference Flux (m^-2 s^-1) [m^-2 s^-1]: 1.1466604993e+16 
(XO2) Molecular oxygen mixing ratio in atmosphere []: 0.0000000000 
(XH2O) Water mixing ratio in upper atmosphere []: 0.0000000000 
(HDiffFlux) The Hydrogen Diffusion Flux (m^-2 s^-1) [m^-2 s^-1]: 3.9721674433e+17 
(HRefODragMod) Multiply by H ref flux to get flux with drag []: 1.0000000000 
(KTide) Mass loss enhancement due to stellar gravity []: 0.9524741966 
(CumulativeXUVFlux) Cumulative XUV flux [kg/sec^3]: 9.5594433323e+16 
(RGDuration) Runaway Greenhouse Duration [years]: 0.00000e+00

Output Order: Time[year] FXUV[W/m^2] PlanetRadius[Rearth] EnvelopeMass[Mearth] Age[year] DEnvMassDt[Mearth/Myr] HEscapeRegime[] Mass[Mearth]
Grid Output Order:

----- BODY: d_max ----
Active Modules: AtmEsc
Module Bit Sum: 9
Color: 000000
(Mass) Mass [Mearth]: 1.5639497250 
(Radius) Radius [m]: 7.2031079341e+06 
(RadGyra) Radius of Gyration/Moment of Inertia Constant []: 0.5000000000 
(BodyType) Type of Body (0 == planet) []: 0.0000000000 
(Density) Average Density [kg/m^3]: 5966.3363987635 
(HZLimitDryRunaway) Semi-major axis of Dry Runaway HZ Limit [m]: 2.6601566929e+10 
(HZLimRecVenus) Recent Venus HZ Limit [m]: 2.3574480341e+10 
(HZLimRunaway) Runaway Greenhouse HZ Limit [m]: 3.1223742769e+10 
(HZLimMoistGreenhouse) Moist Greenhouse HZ Limit [m]: 3.1192855002e+10 
(HZLimMaxGreenhouse) Maximum Greenhouse HZ Limit [m]: 5.8136023643e+10 
(HZLimEarlyMars) Early Mars HZ Limit [m]: 6.3407307566e+10 
(Instellation) Orbit-averaged INcident STELLar radiATION [kg/sec^3]: 7222.6347873537 
(MeanMotion) Orbital Mean Motion [/sec]: 5.7124718789e-06 
(OrbPeriod) Orbital Period [sec]: 1.0999065624e+06 
(SemiMajorAxis) Semi-major Axis [m]: 1.2753006050e+10 
(LXUVTot) Total XUV Luminosity [kg/sec^3]: -1.0000000000 
(EscapeVelocity) Escape Velocity [m/sec]: 1.3156346539e+04 
----- ATMESC PARAMETERS (d_max)------
(SurfWaterMass) Surface water mass [kg]: 0.0000000000 
(EnvelopeMass) Envelope mass [Mearth]: 0.0000000000 
(OxygenMass) Oxygen mass in the atmosphere [kg]: 0.0000000000 
(RGLimit) Runaway greenhouse semi-major axis [m]: 2.9984259678e+10 
(XO) Atomic oxygen mixing ratio in upper atmosphere []: 0.0000000000 
(EtaO) Oxygen eta parameter (Luger and Barnes 2015) []: 0.0000000000 
(PlanetRadius) Planet radius [Rearth]: 1.1293501096 
(OxygenMantleMass) Mass of oxygen in mantle [kg]: 0.0000000000 
(RadXUV) XUV radius separating hydro. dyn. escape and equilibrium [m]: -1.0000000000 
(RadSolid) Radius to the solid surface [m]: -1.0000000000 
(PresXUV) Pressure at base of thermosphere [(null)]: 5.0000000000 
(ScaleHeight) Scale height in Lehmer & Catling (2016) model [m]: -1.0000000000 
(ThermTemp) Isothermal atmospheric temperature [K]: 400.0000000000 
(AtmGasConst) Atmospheric gas constant [(null)]: 4124.0000000000 
(PresSurf) Surface pressure due to atmosphere [Pa]: -1.0000000000 
(DEnvMassDt) Envelope Mass Loss Rate [Mearth/Myr]: 2.9391965271e-320 
(FXUV) XUV flux [W/m^2]: 0.1206600577 
(AtmXAbsEffH2O) XUV atmospheric escape efficiency for H2O []: 0.3000000000 
(RocheRadius) Roche Lobe Radius [m]: 1.8535246957e+08 
(BondiRadius) Bondi Radius [m]: 1.4477003499e+08 
(HEscapeRegime) Integer flag for H envelope escape regime []: 8.0000000000 
(RRCriticalFlux) Critical XUV Flux that separates RR and energy-limited escape [W/m^2]: 80.8829142627 
(CrossoverMass) Crossover mass, defines oxygen is escaping if mc > mo [kg]: 0.0000000000 
(WaterEscapeRegime) What water escape regime the code is currently in []: 8.0000000000 
(FXUVCRITDRAG) Critical Drag XUV flux [W/m^2]: 0.4523035168 
(HREFFLUX) The Hydrogen Reference Flux (m^-2 s^-1) [m^-2 s^-1]: 6.6866034053e+16 
(XO2) Molecular oxygen mixing ratio in atmosphere []: 0.0000000000 
(XH2O) Water mixing ratio in upper atmosphere []: 0.0000000000 
(HDiffFlux) The Hydrogen Diffusion Flux (m^-2 s^-1) [m^-2 s^-1]: 2.3265056779e+17 
(HRefODragMod) Multiply by H ref flux to get flux with drag []: 1.0000000000 
(KTide) Mass loss enhancement due to stellar gravity []: 0.9417368285 
(CumulativeXUVFlux) Cumulative XUV flux [kg/sec^3]: 1.5880638109e+17 
(RGDuration) Runaway Greenhouse Duration [years]: 0.00000e+00

Output Order: Time[year] FXUV[W/m^2] PlanetRadius[Rearth] EnvelopeMass[Mearth] Age[year] DEnvMassDt[Mearth/Myr] HEscapeRegime[] Mass[Mearth]
Grid Output Order:

----- BODY: d_min ----
Active Modules: AtmEsc
Module Bit Sum: 9
Color: 000000
(Mass) Mass [Mearth]: 0.5419959000 
(Radius) Radius [m]: 5.3993096689e+06 
(RadGyra) Radius of Gyration/Moment of Inertia Constant []: 0.5000000000 
(BodyType) Type of Body (0 == planet) []: 0.0000000000 
(Density) Average Density [kg/m^3]: 4909.3727501199 
(HZLimitDryRunaway) Semi-major axis of Dry Runaway HZ Limit [m]: 2.6601566929e+10 
(HZLimRecVenus) Recent Venus HZ Limit [m]: 2.3574480341e+10 
(HZLimRunaway) Runaway Greenhouse HZ Limit [m]: 3.1223742769e+10 
(HZLimMoistGreenhouse) Moist Greenhouse HZ Limit [m]: 3.1192855002e+10 
(HZLimMaxGreenhouse) Maximum Greenhouse HZ Limit [m]: 5.8136023643e+10 
(HZLimEarlyMars) Early Mars HZ Limit [m]: 6.3407307566e+10 
(Instellation) Orbit-averaged INcident STELLar radiATION [kg/sec^3]: 7222.6637534802 
(MeanMotion) Orbital Mean Motion [/sec]: 5.7124718710e-06 
(OrbPeriod) Orbital Period [sec]: 1.0999065639e+06 
(SemiMajorAxis) Semi-major Axis [m]: 1.2752980477e+10 
(LXUVTot) Total XUV Luminosity [kg/sec^3]: -1.0000000000 
(EscapeVelocity) Escape Velocity [m/sec]: 8945.6675411734 
----- ATMESC PARAMETERS (d_min)------
(SurfWaterMass) Surface water mass [kg]: 0.0000000000 
(EnvelopeMass) Envelope mass [Mearth]: 0.0000000000 
(OxygenMass) Oxygen mass in the atmosphere [kg]: 0.0000000000 
(RGLimit) Runaway greenhouse semi-major axis [m]: 3.0742220398e+10 
(XO) Atomic oxygen mixing ratio in upper atmosphere []: 0.0000000000 
(EtaO) Oxygen eta parameter (Luger and Barnes 2015) []: 0.0000000000 
(PlanetRadius) Planet radius [Rearth]: 0.8465388860 
(OxygenMantleMass) Mass of oxygen in mantle [kg]: 0.0000000000 
(RadXUV) XUV radius separating hydro. dyn. escape and equilibrium [m]: -1.0000000000 
(RadSolid) Radius to the solid surface [m]: -1.0000000000 
(PresXUV) Pressure at base of thermosphere [(null)]: 5.0000000000 
(ScaleHeight) Scale height in Lehmer & Catling (2016) model [m]: -1.0000000000 
(ThermTemp) Isothermal atmospheric temperature [K]: 400.0000000000 
(AtmGasConst) Atmospheric gas constant [(null)]: 4124.0000000000 
(PresSurf) Surface pressure due to atmosphere [Pa]: -1.0000000000 
(DEnvMassDt) Envelope Mass Loss Rate [Mearth/Myr]: 2.9391965271e-320 
(FXUV) XUV flux [W/m^2]: 0.1206605416 
(AtmXAbsEffH2O) XUV atmospheric escape efficiency for H2O []: 0.3000000000 
(RocheRadius) Roche Lobe Radius [m]: 1.3019328256e+08 
(BondiRadius) Bondi Radius [m]: 5.0170950398e+07 
(HEscapeRegime) Integer flag for H envelope escape regime []: 8.0000000000 
(RRCriticalFlux) Critical XUV Flux that separates RR and energy-limited escape [W/m^2]: 22.8736751818 
(CrossoverMass) Crossover mass, defines oxygen is escaping if mc > mo [kg]: 0.0000000000 
(WaterEscapeRegime) What water escape regime the code is currently in []: 8.0000000000 
(FXUVCRITDRAG) Critical Drag XUV flux [W/m^2]: 0.1289797257 
(HREFFLUX) The Hydrogen Reference Flux (m^-2 s^-1) [m^-2 s^-1]: 1.4523074676e+17 
(XO2) Molecular oxygen mixing ratio in atmosphere []: 0.0000000000 
(XH2O) Water mixing ratio in upper atmosphere []: 0.0000000000 
(HDiffFlux) The Hydrogen Diffusion Flux (m^-2 s^-1) [m^-2 s^-1]: 1.4349629964e+17 
(HRefODragMod) Multiply by H ref flux to get flux with drag []: 1.0000000000 
(KTide) Mass loss enhancement due to stellar gravity []: 0.9378284252 
(CumulativeXUVFlux) Cumulative XUV flux [kg/sec^3]: 1.5880701797e+17 
(RGDuration) Runaway Greenhouse Duration [years]: 0.00000e+00

Output Order: Time[year] FXUV[W/m^2] PlanetRadius[Rearth] EnvelopeMass[Mearth] Age[year] DEnvMassDt[Mearth/Myr] HEscapeRegime[] Mass[Mearth]
Grid Output Order:
