-------- Log file star.log -------

Executable: vplanet
Version: v1.0.0-2448-g6967b2d8e8bf4bc35f915f6ca62b7ec0199a9271
System Name: star
Primary Input File: vpl.in
Body File #1: star.in
Body File #2: d_earth_equiv.in
Body File #3: b.in
Body File #4: c.in
Body File #5: d.in
Body File #6: b_max.in
Body File #7: b_min.in
Body File #8: c_max.in
Body File #9: c_min.in
Body File #10: d_max.in
Body File #11: d_min.in
Allow files to be overwitten: Yes
Mass Units: Grams
Length Units: Meters
Time Units: Seconds
Angle Units: Radians

------- FORMATTING -----
Verbosity Level: 5
Crossover Decade for Scientific Notation: 4
Number of Digits After Decimal: 10
Integration Method: Runge-Kutta4
Direction: Forward
Time Step: 3.1557600000e+07
Stop Time: 1.5747242400e+17
Output Interval: 1.5778800000e+12
Use Variable Timestep: Yes
dEta: 0.0100000000
Minimum Value of ecc and obl: 1.0000000000e-10


---- INITIAL SYSTEM PROPERTIES ----
(Age) System Age [sec]: 3.1557600000e+14 
(Time) Simulation Time [sec]: 0.0000000000 
(TotAngMom) Total Angular Momentum [kg*m^2/sec]: 1.6248633996e+42 
(TotEnergy) Total System Energy [kg*m^2/sec^2]: -6.6731306897e+40 
(PotEnergy) Body's non-orbital Potential Energy [kg*m^2/sec^2]: -6.6739070874e+40 
(KinEnergy) Body's non-orbital Kinetic Energy [kg*m^2/sec^2]: 8.9667347823e+36 
(DeltaTime) Average Timestep Over Last Output Interval [sec]: 0.0000000000 

----- BODY: star ----
Active Modules: STELLAR
Module Bit Sum: 65
Color: 000000
(Mass) Mass [kg]: 1.0140921600e+30 
(Radius) Radius [m]: 6.1706422266e+08 
(RadGyra) Radius of Gyration/Moment of Inertia Constant []: 0.4550673037 
(RotAngMom) Rotational Angular Momentum [kg*m^2/sec]: 1.1975037229e+42 
(RotVel) Rotational Velocity [m/sec]: 9240.9754098672 
(BodyType) Type of Body (0 == planet) []: 0.0000000000 
(RotRate) Rotational Frequency [/sec]: 1.4975710907e-05 
(RotPer) Rotational Period [sec]: 4.1955840000e+05 
(Density) Average Density [kg/m^3]: 1030.3807004332 
(HZLimitDryRunaway) Semi-major axis of Dry Runaway HZ Limit [m]: 4.8478621191e+10 
(HZLimRecVenus) Recent Venus HZ Limit [m]: 4.3005201345e+10 
(HZLimRunaway) Runaway Greenhouse HZ Limit [m]: 5.6941783652e+10 
(HZLimMoistGreenhouse) Moist Greenhouse HZ Limit [m]: 5.6902853266e+10 
(HZLimMaxGreenhouse) Maximum Greenhouse HZ Limit [m]: 1.0623064142e+11 
(HZLimEarlyMars) Early Mars HZ Limit [m]: 1.1586199467e+11 
(Instellation) Orbit-averaged INcident STELLar radiATION [kg/sec^3]: -1.0000000000 
(CriticalSemiMajorAxis) Holman & Wiegert (1999) P-type Critical Semi-major Axis [m]: -1.0000000000 
(LXUVTot) Total XUV Luminosity [LSUN]: 0.0001274704 
(LostEnergy) Body's Total Lost Energy [kg*m^2/sec^2]: 5.5626846463e-309 
(LostAngMom) Lost Angular Momentum due to Magnetic Braking [kg*m^2/sec]: 5.5626846463e-309 
(EscapeVelocity) Escape Velocity [m/sec]: 4.6837179917e+05 
----- STELLAR PARAMETERS (star)------
(Luminosity) Luminosity [LSUN]: 0.1274703537 
(LXUVStellar) Base X-ray/XUV Luminosity [LSUN]: 0.0001274704 
(Temperature) Effective Temperature [K]: 3664.5972168065 
(LXUVFrac) Fraction of luminosity in XUV []: 0.0010000000 
(RossbyNumber) Rossby Number []: 0.1009588680 
(DRotPerDtStellar) Time Rate of Change of Rotation Period in STELLAR []: -3.2122751438e-10 
(WindTorque) Stellar Wind Torque []: 1.3952342711e+27 

Output Order: Time[year] Luminosity[LSUN] LXUVTot[LSUN] LXUVStellar[LSUN] Age[year]
Grid Output Order:

----- BODY: d_earth_equiv ----
Active Modules: AtmEsc
Module Bit Sum: 9
Color: 000000
(Mass) Mass [Mearth]: 1.0540650000 
(Radius) Radius [m]: 9.0486780878e+06 
(RadGyra) Radius of Gyration/Moment of Inertia Constant []: 0.5000000000 
(BodyType) Type of Body (0 == planet) []: 0.0000000000 
(Density) Average Density [kg/m^3]: 2028.4144425229 
(HZLimitDryRunaway) Semi-major axis of Dry Runaway HZ Limit [m]: 4.8478815322e+10 
(HZLimRecVenus) Recent Venus HZ Limit [m]: 4.3005201345e+10 
(HZLimRunaway) Runaway Greenhouse HZ Limit [m]: 5.6941783652e+10 
(HZLimMoistGreenhouse) Moist Greenhouse HZ Limit [m]: 5.6902853266e+10 
(HZLimMaxGreenhouse) Maximum Greenhouse HZ Limit [m]: 1.0623064142e+11 
(HZLimEarlyMars) Early Mars HZ Limit [m]: 1.1586199467e+11 
(Instellation) Orbit-averaged INcident STELLar radiATION [kg/sec^3]: 2024.0574546927 
(MeanMotion) Orbital Mean Motion [/sec]: 8.9433790809e-07 
(OrbPeriod) Orbital Period [sec]: 7.0255160274e+06 
(SemiMajorAxis) Semi-major Axis [m]: 4.3902955230e+10 
(LXUVTot) Total XUV Luminosity [kg/sec^3]: -1.0000000000 
(EscapeVelocity) Escape Velocity [m/sec]: 9636.6258810968 
----- ATMESC PARAMETERS (d_earth_equiv)------
(SurfWaterMass) Surface water mass [kg]: 0.0000000000 
(EnvelopeMass) Envelope mass [Mearth]: 0.0010750000 
(OxygenMass) Oxygen mass in the atmosphere [kg]: 0.0000000000 
(RGLimit) Runaway greenhouse semi-major axis [m]: 5.5180493424e+10 
(XO) Atomic oxygen mixing ratio in upper atmosphere []: 0.0000000000 
(EtaO) Oxygen eta parameter (Luger and Barnes 2015) []: 0.0000000000 
(PlanetRadius) Planet radius [Rearth]: 1.4187106016 
(OxygenMantleMass) Mass of oxygen in mantle [kg]: 0.0000000000 
(RadXUV) XUV radius separating hydro. dyn. escape and equilibrium [m]: -1.0000000000 
(RadSolid) Radius to the solid surface [m]: -1.0000000000 
(PresXUV) Pressure at base of thermosphere [(null)]: 5.0000000000 
(ScaleHeight) Scale height in Lehmer & Catling (2016) model [m]: -1.0000000000 
(ThermTemp) Isothermal atmospheric temperature [K]: 400.0000000000 
(AtmGasConst) Atmospheric gas constant [(null)]: 4124.0000000000 
(PresSurf) Surface pressure due to atmosphere [Pa]: -1.0000000000 
(DEnvMassDt) Envelope Mass Loss Rate [Mearth/Myr]: -9.1085750849e-06 
(FXUV) XUV flux [W/m^2]: 2.0240574547 
(AtmXAbsEffH2O) XUV atmospheric escape efficiency for H2O []: 0.3000000000 
(RocheRadius) Roche Lobe Radius [m]: 5.5944977154e+08 
(BondiRadius) Bondi Radius [m]: 3.8956763212e+07 
(HEscapeRegime) Integer flag for H envelope escape regime []: 3.0000000000 
(RRCriticalFlux) Critical XUV Flux that separates RR and energy-limited escape [W/m^2]: 19.8957413795 
(CrossoverMass) Crossover mass, defines oxygen is escaping if mc > mo [kg]: 0.0000000000 
(WaterEscapeRegime) What water escape regime the code is currently in []: 8.0000000000 
(FXUVCRITDRAG) Critical Drag XUV flux [W/m^2]: 0.1036390747 
(HREFFLUX) The Hydrogen Reference Flux (m^-2 s^-1) [m^-2 s^-1]: 2.0178115173e+18 
(XO2) Molecular oxygen mixing ratio in atmosphere []: 0.0000000000 
(XH2O) Water mixing ratio in upper atmosphere []: 0.0000000000 
(HDiffFlux) The Hydrogen Diffusion Flux (m^-2 s^-1) [m^-2 s^-1]: 9.9361534549e+16 
(HRefODragMod) Multiply by H ref flux to get flux with drag []: 1.0000000000 
(KTide) Mass loss enhancement due to stellar gravity []: 0.9757407470 
(CumulativeXUVFlux) Cumulative XUV flux [kg/sec^3]: 0.0000000000 
(RGDuration) Runaway Greenhouse Duration [years]: 0.00000e+00

Output Order: Time[year] FXUV[W/m^2] PlanetRadius[Rearth] EnvelopeMass[Mearth] Age[year] DEnvMassDt[Mearth/Myr] HEscapeRegime[] Mass[Mearth]
Grid Output Order:

----- BODY: b ----
Active Modules: AtmEsc
Module Bit Sum: 9
Color: 000000
(Mass) Mass [Mearth]: 8.9995000000 
(Radius) Radius [m]: 3.4114516093e+07 
(RadGyra) Radius of Gyration/Moment of Inertia Constant []: 0.5000000000 
(BodyType) Type of Body (0 == planet) []: 0.0000000000 
(Density) Average Density [kg/m^3]: 323.1807252496 
(HZLimitDryRunaway) Semi-major axis of Dry Runaway HZ Limit [m]: 4.8597832092e+10 
(HZLimRecVenus) Recent Venus HZ Limit [m]: 4.3005201345e+10 
(HZLimRunaway) Runaway Greenhouse HZ Limit [m]: 5.6941783652e+10 
(HZLimMoistGreenhouse) Moist Greenhouse HZ Limit [m]: 5.6902853266e+10 
(HZLimMaxGreenhouse) Maximum Greenhouse HZ Limit [m]: 1.0623064142e+11 
(HZLimEarlyMars) Early Mars HZ Limit [m]: 1.1586199467e+11 
(Instellation) Orbit-averaged INcident STELLar radiATION [kg/sec^3]: 4.1441029104e+04 
(MeanMotion) Orbital Mean Motion [/sec]: 8.5924872879e-06 
(OrbPeriod) Orbital Period [sec]: 7.3124173440e+05 
(SemiMajorAxis) Semi-major Axis [m]: 9.7145425742e+09 
(LXUVTot) Total XUV Luminosity [kg/sec^3]: -1.0000000000 
(EscapeVelocity) Escape Velocity [m/sec]: 1.4501851530e+04 
----- ATMESC PARAMETERS (b)------
(SurfWaterMass) Surface water mass [kg]: 0.0000000000 
(EnvelopeMass) Envelope mass [Mearth]: 0.7885400000 
(OxygenMass) Oxygen mass in the atmosphere [kg]: 0.0000000000 
(RGLimit) Runaway greenhouse semi-major axis [m]: 5.2537637055e+10 
(XO) Atomic oxygen mixing ratio in upper atmosphere []: 0.0000000000 
(EtaO) Oxygen eta parameter (Luger and Barnes 2015) []: 0.0000000000 
(PlanetRadius) Planet radius [Rearth]: 5.3486957077 
(OxygenMantleMass) Mass of oxygen in mantle [kg]: 0.0000000000 
(RadXUV) XUV radius separating hydro. dyn. escape and equilibrium [m]: -1.0000000000 
(RadSolid) Radius to the solid surface [m]: -1.0000000000 
(PresXUV) Pressure at base of thermosphere [(null)]: 5.0000000000 
(ScaleHeight) Scale height in Lehmer & Catling (2016) model [m]: -1.0000000000 
(ThermTemp) Isothermal atmospheric temperature [K]: 400.0000000000 
(AtmGasConst) Atmospheric gas constant [(null)]: 4124.0000000000 
(PresSurf) Surface pressure due to atmosphere [Pa]: -1.0000000000 
(DEnvMassDt) Envelope Mass Loss Rate [Mearth/Myr]: -0.0014294559 
(FXUV) XUV flux [W/m^2]: 41.4410291041 
(AtmXAbsEffH2O) XUV atmospheric escape efficiency for H2O []: 0.3000000000 
(RocheRadius) Roche Lobe Radius [m]: 2.5301136603e+08 
(BondiRadius) Bondi Radius [m]: 7.0708162843e+08 
(HEscapeRegime) Integer flag for H envelope escape regime []: 3.0000000000 
(RRCriticalFlux) Critical XUV Flux that separates RR and energy-limited escape [W/m^2]: 18.1466771148 
(CrossoverMass) Crossover mass, defines oxygen is escaping if mc > mo [kg]: 0.0000000000 
(WaterEscapeRegime) What water escape regime the code is currently in []: 8.0000000000 
(FXUVCRITDRAG) Critical Drag XUV flux [W/m^2]: 0.1409818719 
(HREFFLUX) The Hydrogen Reference Flux (m^-2 s^-1) [m^-2 s^-1]: 2.2278849571e+19 
(XO2) Molecular oxygen mixing ratio in atmosphere []: 0.0000000000 
(XH2O) Water mixing ratio in upper atmosphere []: 0.0000000000 
(HDiffFlux) The Hydrogen Diffusion Flux (m^-2 s^-1) [m^-2 s^-1]: 5.9684440136e+16 
(HRefODragMod) Multiply by H ref flux to get flux with drag []: 1.0000000000 
(KTide) Mass loss enhancement due to stellar gravity []: 0.7989747624 
(CumulativeXUVFlux) Cumulative XUV flux [kg/sec^3]: 0.0000000000 
(RGDuration) Runaway Greenhouse Duration [years]: 0.00000e+00

Output Order: Time[year] FXUV[W/m^2] PlanetRadius[Rearth] EnvelopeMass[Mearth] Age[year] DEnvMassDt[Mearth/Myr] HEscapeRegime[] Mass[Mearth]
Grid Output Order:

----- BODY: c ----
Active Modules: AtmEsc
Module Bit Sum: 9
Color: 000000
(Mass) Mass [Mearth]: 14.4603700000 
(Radius) Radius [m]: 1.8405992381e+07 
(RadGyra) Radius of Gyration/Moment of Inertia Constant []: 0.5000000000 
(BodyType) Type of Body (0 == planet) []: 0.0000000000 
(Density) Average Density [kg/m^3]: 3306.3315971309 
(HZLimitDryRunaway) Semi-major axis of Dry Runaway HZ Limit [m]: 4.9283589266e+10 
(HZLimRecVenus) Recent Venus HZ Limit [m]: 4.3005201345e+10 
(HZLimRunaway) Runaway Greenhouse HZ Limit [m]: 5.6941783652e+10 
(HZLimMoistGreenhouse) Moist Greenhouse HZ Limit [m]: 5.6902853266e+10 
(HZLimMaxGreenhouse) Maximum Greenhouse HZ Limit [m]: 1.0623064142e+11 
(HZLimEarlyMars) Early Mars HZ Limit [m]: 1.1586199467e+11 
(Instellation) Orbit-averaged INcident STELLar radiATION [kg/sec^3]: 1.4439230109e+04 
(MeanMotion) Orbital Mean Motion [/sec]: 3.8560879939e-06 
(OrbPeriod) Orbital Period [sec]: 1.6294195872e+06 
(SemiMajorAxis) Semi-major Axis [m]: 1.6573274351e+10 
(LXUVTot) Total XUV Luminosity [kg/sec^3]: -1.0000000000 
(EscapeVelocity) Escape Velocity [m/sec]: 2.5026144929e+04 
----- ATMESC PARAMETERS (c)------
(SurfWaterMass) Surface water mass [kg]: 0.0000000000 
(EnvelopeMass) Envelope mass [Mearth]: 0.2087020000 
(OxygenMass) Oxygen mass in the atmosphere [kg]: 0.0000000000 
(RGLimit) Runaway greenhouse semi-major axis [m]: 5.1652177442e+10 
(XO) Atomic oxygen mixing ratio in upper atmosphere []: 0.0000000000 
(EtaO) Oxygen eta parameter (Luger and Barnes 2015) []: 0.0000000000 
(PlanetRadius) Planet radius [Rearth]: 2.8858111948 
(OxygenMantleMass) Mass of oxygen in mantle [kg]: 0.0000000000 
(RadXUV) XUV radius separating hydro. dyn. escape and equilibrium [m]: -1.0000000000 
(RadSolid) Radius to the solid surface [m]: -1.0000000000 
(PresXUV) Pressure at base of thermosphere [(null)]: 5.0000000000 
(ScaleHeight) Scale height in Lehmer & Catling (2016) model [m]: -1.0000000000 
(ThermTemp) Isothermal atmospheric temperature [K]: 400.0000000000 
(AtmGasConst) Atmospheric gas constant [(null)]: 4124.0000000000 
(PresSurf) Surface pressure due to atmosphere [Pa]: -1.0000000000 
(DEnvMassDt) Envelope Mass Loss Rate [Mearth/Myr]: -4.1142834298e-05 
(FXUV) XUV flux [W/m^2]: 14.4392301089 
(AtmXAbsEffH2O) XUV atmospheric escape efficiency for H2O []: 0.3000000000 
(RocheRadius) Roche Lobe Radius [m]: 5.0556810763e+08 
(BondiRadius) Bondi Radius [m]: 8.6983643634e+08 
(HEscapeRegime) Integer flag for H envelope escape regime []: 3.0000000000 
(RRCriticalFlux) Critical XUV Flux that separates RR and energy-limited escape [W/m^2]: 417.6738649483 
(CrossoverMass) Crossover mass, defines oxygen is escaping if mc > mo [kg]: 0.0000000000 
(WaterEscapeRegime) What water escape regime the code is currently in []: 8.0000000000 
(FXUVCRITDRAG) Critical Drag XUV flux [W/m^2]: 2.3175294038 
(HREFFLUX) The Hydrogen Reference Flux (m^-2 s^-1) [m^-2 s^-1]: 2.2028055449e+18 
(XO2) Molecular oxygen mixing ratio in atmosphere []: 0.0000000000 
(XH2O) Water mixing ratio in upper atmosphere []: 0.0000000000 
(HDiffFlux) The Hydrogen Diffusion Flux (m^-2 s^-1) [m^-2 s^-1]: 3.2944437997e+17 
(HRefODragMod) Multiply by H ref flux to get flux with drag []: 1.0000000000 
(KTide) Mass loss enhancement due to stellar gravity []: 0.9454142970 
(CumulativeXUVFlux) Cumulative XUV flux [kg/sec^3]: 0.0000000000 
(RGDuration) Runaway Greenhouse Duration [years]: 0.00000e+00

Output Order: Time[year] FXUV[W/m^2] PlanetRadius[Rearth] EnvelopeMass[Mearth] Age[year] DEnvMassDt[Mearth/Myr] HEscapeRegime[] Mass[Mearth]
Grid Output Order:

----- BODY: d ----
Active Modules: AtmEsc
Module Bit Sum: 9
Color: 000000
(Mass) Mass [Mearth]: 1.0539000000 
(Radius) Radius [m]: 8.8779478410e+06 
(RadGyra) Radius of Gyration/Moment of Inertia Constant []: 0.5000000000 
(BodyType) Type of Body (0 == planet) []: 0.0000000000 
(Density) Average Density [kg/m^3]: 2147.3673859898 
(HZLimitDryRunaway) Semi-major axis of Dry Runaway HZ Limit [m]: 4.8478815322e+10 
(HZLimRecVenus) Recent Venus HZ Limit [m]: 4.3005201345e+10 
(HZLimRunaway) Runaway Greenhouse HZ Limit [m]: 5.6941783652e+10 
(HZLimMoistGreenhouse) Moist Greenhouse HZ Limit [m]: 5.6902853266e+10 
(HZLimMaxGreenhouse) Maximum Greenhouse HZ Limit [m]: 1.0623064142e+11 
(HZLimEarlyMars) Early Mars HZ Limit [m]: 1.1586199467e+11 
(Instellation) Orbit-averaged INcident STELLar radiATION [kg/sec^3]: 2.3987560622e+04 
(MeanMotion) Orbital Mean Motion [/sec]: 5.7124718914e-06 
(OrbPeriod) Orbital Period [sec]: 1.0999065600e+06 
(SemiMajorAxis) Semi-major Axis [m]: 1.2752993262e+10 
(LXUVTot) Total XUV Luminosity [kg/sec^3]: -1.0000000000 
(EscapeVelocity) Escape Velocity [m/sec]: 9728.0832651556 
----- ATMESC PARAMETERS (d)------
(SurfWaterMass) Surface water mass [kg]: 0.0000000000 
(EnvelopeMass) Envelope mass [Mearth]: 0.0009099000 
(OxygenMass) Oxygen mass in the atmosphere [kg]: 0.0000000000 
(RGLimit) Runaway greenhouse semi-major axis [m]: 5.5180695714e+10 
(XO) Atomic oxygen mixing ratio in upper atmosphere []: 0.0000000000 
(EtaO) Oxygen eta parameter (Luger and Barnes 2015) []: 0.0000000000 
(PlanetRadius) Planet radius [Rearth]: 1.3919424031 
(OxygenMantleMass) Mass of oxygen in mantle [kg]: 0.0000000000 
(RadXUV) XUV radius separating hydro. dyn. escape and equilibrium [m]: -1.0000000000 
(RadSolid) Radius to the solid surface [m]: -1.0000000000 
(PresXUV) Pressure at base of thermosphere [(null)]: 5.0000000000 
(ScaleHeight) Scale height in Lehmer & Catling (2016) model [m]: -1.0000000000 
(ThermTemp) Isothermal atmospheric temperature [K]: 400.0000000000 
(AtmGasConst) Atmospheric gas constant [(null)]: 4124.0000000000 
(PresSurf) Surface pressure due to atmosphere [Pa]: -1.0000000000 
(DEnvMassDt) Envelope Mass Loss Rate [Mearth/Myr]: -0.0001083661 
(FXUV) XUV flux [W/m^2]: 23.9875606217 
(AtmXAbsEffH2O) XUV atmospheric escape efficiency for H2O []: 0.3000000000 
(RocheRadius) Roche Lobe Radius [m]: 1.6250129020e+08 
(BondiRadius) Bondi Radius [m]: 7.2269606410e+07 
(HEscapeRegime) Integer flag for H envelope escape regime []: 3.0000000000 
(RRCriticalFlux) Critical XUV Flux that separates RR and energy-limited escape [W/m^2]: 18.6458877315 
(CrossoverMass) Crossover mass, defines oxygen is escaping if mc > mo [kg]: 0.0000000000 
(WaterEscapeRegime) What water escape regime the code is currently in []: 8.0000000000 
(FXUVCRITDRAG) Critical Drag XUV flux [W/m^2]: 0.1096996387 
(HREFFLUX) The Hydrogen Reference Flux (m^-2 s^-1) [m^-2 s^-1]: 2.4938403714e+19 
(XO2) Molecular oxygen mixing ratio in atmosphere []: 0.0000000000 
(XH2O) Water mixing ratio in upper atmosphere []: 0.0000000000 
(HDiffFlux) The Hydrogen Diffusion Flux (m^-2 s^-1) [m^-2 s^-1]: 1.0320373141e+17 
(HRefODragMod) Multiply by H ref flux to get flux with drag []: 1.0000000000 
(KTide) Mass loss enhancement due to stellar gravity []: 0.9181318966 
(CumulativeXUVFlux) Cumulative XUV flux [kg/sec^3]: 0.0000000000 
(RGDuration) Runaway Greenhouse Duration [years]: 0.00000e+00

Output Order: Time[year] FXUV[W/m^2] PlanetRadius[Rearth] EnvelopeMass[Mearth] Age[year] DEnvMassDt[Mearth/Myr] HEscapeRegime[] Mass[Mearth]
Grid Output Order:

----- BODY: b_max ----
Active Modules: AtmEsc
Module Bit Sum: 9
Color: 000000
(Mass) Mass [Mearth]: 11.6097000000 
(Radius) Radius [m]: 3.5550260180e+07 
(RadGyra) Radius of Gyration/Moment of Inertia Constant []: 0.5000000000 
(BodyType) Type of Body (0 == planet) []: 0.0000000000 
(Density) Average Density [kg/m^3]: 368.4150496825 
(HZLimitDryRunaway) Semi-major axis of Dry Runaway HZ Limit [m]: 4.8597832092e+10 
(HZLimRecVenus) Recent Venus HZ Limit [m]: 4.3005201345e+10 
(HZLimRunaway) Runaway Greenhouse HZ Limit [m]: 5.6941783652e+10 
(HZLimMoistGreenhouse) Moist Greenhouse HZ Limit [m]: 5.6902853266e+10 
(HZLimMaxGreenhouse) Maximum Greenhouse HZ Limit [m]: 1.0623064142e+11 
(HZLimEarlyMars) Early Mars HZ Limit [m]: 1.1586199467e+11 
(Instellation) Orbit-averaged INcident STELLar radiATION [kg/sec^3]: 4.1440604445e+04 
(MeanMotion) Orbital Mean Motion [/sec]: 8.5924872879e-06 
(OrbPeriod) Orbital Period [sec]: 7.3124173440e+05 
(SemiMajorAxis) Semi-major Axis [m]: 9.7145923486e+09 
(LXUVTot) Total XUV Luminosity [kg/sec^3]: -1.0000000000 
(EscapeVelocity) Escape Velocity [m/sec]: 1.6135148935e+04 
----- ATMESC PARAMETERS (b_max)------
(SurfWaterMass) Surface water mass [kg]: 0.0000000000 
(EnvelopeMass) Envelope mass [Mearth]: 1.2783000000 
(OxygenMass) Oxygen mass in the atmosphere [kg]: 0.0000000000 
(RGLimit) Runaway greenhouse semi-major axis [m]: 5.2255208788e+10 
(XO) Atomic oxygen mixing ratio in upper atmosphere []: 0.0000000000 
(EtaO) Oxygen eta parameter (Luger and Barnes 2015) []: 0.0000000000 
(PlanetRadius) Planet radius [Rearth]: 5.5738010034 
(OxygenMantleMass) Mass of oxygen in mantle [kg]: 0.0000000000 
(RadXUV) XUV radius separating hydro. dyn. escape and equilibrium [m]: -1.0000000000 
(RadSolid) Radius to the solid surface [m]: -1.0000000000 
(PresXUV) Pressure at base of thermosphere [(null)]: 5.0000000000 
(ScaleHeight) Scale height in Lehmer & Catling (2016) model [m]: -1.0000000000 
(ThermTemp) Isothermal atmospheric temperature [K]: 554.8000000000 
(AtmGasConst) Atmospheric gas constant [(null)]: 4124.0000000000 
(PresSurf) Surface pressure due to atmosphere [Pa]: -1.0000000000 
(DEnvMassDt) Envelope Mass Loss Rate [Mearth/Myr]: -0.0012407458 
(FXUV) XUV flux [W/m^2]: 41.4406044450 
(AtmXAbsEffH2O) XUV atmospheric escape efficiency for H2O []: 0.3000000000 
(RocheRadius) Roche Lobe Radius [m]: 2.7542908246e+08 
(BondiRadius) Bondi Radius [m]: 9.1216007016e+08 
(HEscapeRegime) Integer flag for H envelope escape regime []: 3.0000000000 
(RRCriticalFlux) Critical XUV Flux that separates RR and energy-limited escape [W/m^2]: 27.2567950182 
(CrossoverMass) Crossover mass, defines oxygen is escaping if mc > mo [kg]: 0.0000000000 
(WaterEscapeRegime) What water escape regime the code is currently in []: 8.0000000000 
(FXUVCRITDRAG) Critical Drag XUV flux [W/m^2]: 0.2073279246 
(HREFFLUX) The Hydrogen Reference Flux (m^-2 s^-1) [m^-2 s^-1]: 1.7807284138e+19 
(XO2) Molecular oxygen mixing ratio in atmosphere []: 0.0000000000 
(XH2O) Water mixing ratio in upper atmosphere []: 0.0000000000 
(HDiffFlux) The Hydrogen Diffusion Flux (m^-2 s^-1) [m^-2 s^-1]: 7.0901692782e+16 
(HRefODragMod) Multiply by H ref flux to get flux with drag []: 1.0000000000 
(KTide) Mass loss enhancement due to stellar gravity []: 0.8074667269 
(CumulativeXUVFlux) Cumulative XUV flux [kg/sec^3]: 0.0000000000 
(RGDuration) Runaway Greenhouse Duration [years]: 0.00000e+00

Output Order: Time[year] FXUV[W/m^2] PlanetRadius[Rearth] EnvelopeMass[Mearth] Age[year] DEnvMassDt[Mearth/Myr] HEscapeRegime[] Mass[Mearth]
Grid Output Order:

----- BODY: b_min ----
Active Modules: AtmEsc
Module Bit Sum: 9
Color: 000000
(Mass) Mass [Mearth]: 6.3388890000 
(Radius) Radius [m]: 3.2686857516e+07 
(RadGyra) Radius of Gyration/Moment of Inertia Constant []: 0.5000000000 
(BodyType) Type of Body (0 == planet) []: 0.0000000000 
(Density) Average Density [kg/m^3]: 258.7845550732 
(HZLimitDryRunaway) Semi-major axis of Dry Runaway HZ Limit [m]: 4.8597832092e+10 
(HZLimRecVenus) Recent Venus HZ Limit [m]: 4.3005201345e+10 
(HZLimRunaway) Runaway Greenhouse HZ Limit [m]: 5.6941783652e+10 
(HZLimMoistGreenhouse) Moist Greenhouse HZ Limit [m]: 5.6902853266e+10 
(HZLimMaxGreenhouse) Maximum Greenhouse HZ Limit [m]: 1.0623064142e+11 
(HZLimEarlyMars) Early Mars HZ Limit [m]: 1.1586199467e+11 
(Instellation) Orbit-averaged INcident STELLar radiATION [kg/sec^3]: 4.1441461976e+04 
(MeanMotion) Orbital Mean Motion [/sec]: 8.5924872879e-06 
(OrbPeriod) Orbital Period [sec]: 7.3124173440e+05 
(SemiMajorAxis) Semi-major Axis [m]: 9.7144918380e+09 
(LXUVTot) Total XUV Luminosity [kg/sec^3]: -1.0000000000 
(EscapeVelocity) Escape Velocity [m/sec]: 1.2433799503e+04 
----- ATMESC PARAMETERS (b_min)------
(SurfWaterMass) Surface water mass [kg]: 0.0000000000 
(EnvelopeMass) Envelope mass [Mearth]: 0.4442800000 
(OxygenMass) Oxygen mass in the atmosphere [kg]: 0.0000000000 
(RGLimit) Runaway greenhouse semi-major axis [m]: 5.2933894331e+10 
(XO) Atomic oxygen mixing ratio in upper atmosphere []: 0.0000000000 
(EtaO) Oxygen eta parameter (Luger and Barnes 2015) []: 0.0000000000 
(PlanetRadius) Planet radius [Rearth]: 5.1248581107 
(OxygenMantleMass) Mass of oxygen in mantle [kg]: 0.0000000000 
(RadXUV) XUV radius separating hydro. dyn. escape and equilibrium [m]: -1.0000000000 
(RadSolid) Radius to the solid surface [m]: -1.0000000000 
(PresXUV) Pressure at base of thermosphere [(null)]: 5.0000000000 
(ScaleHeight) Scale height in Lehmer & Catling (2016) model [m]: -1.0000000000 
(ThermTemp) Isothermal atmospheric temperature [K]: 554.8000000000 
(AtmGasConst) Atmospheric gas constant [(null)]: 4124.0000000000 
(PresSurf) Surface pressure due to atmosphere [Pa]: -1.0000000000 
(DEnvMassDt) Envelope Mass Loss Rate [Mearth/Myr]: -0.0018199091 
(FXUV) XUV flux [W/m^2]: 41.4414619758 
(AtmXAbsEffH2O) XUV atmospheric escape efficiency for H2O []: 0.3000000000 
(RocheRadius) Roche Lobe Radius [m]: 2.2511409339e+08 
(BondiRadius) Bondi Radius [m]: 4.9804140907e+08 
(HEscapeRegime) Integer flag for H envelope escape regime []: 3.0000000000 
(RRCriticalFlux) Critical XUV Flux that separates RR and energy-limited escape [W/m^2]: 9.8480487824 
(CrossoverMass) Crossover mass, defines oxygen is escaping if mc > mo [kg]: 0.0000000000 
(WaterEscapeRegime) What water escape regime the code is currently in []: 8.0000000000 
(FXUVCRITDRAG) Critical Drag XUV flux [W/m^2]: 0.0795153436 
(HREFFLUX) The Hydrogen Reference Flux (m^-2 s^-1) [m^-2 s^-1]: 3.0896108424e+19 
(XO2) Molecular oxygen mixing ratio in atmosphere []: 0.0000000000 
(XH2O) Water mixing ratio in upper atmosphere []: 0.0000000000 
(HDiffFlux) The Hydrogen Diffusion Flux (m^-2 s^-1) [m^-2 s^-1]: 4.5791827992e+16 
(HRefODragMod) Multiply by H ref flux to get flux with drag []: 1.0000000000 
(KTide) Mass loss enhancement due to stellar gravity []: 0.7837287296 
(CumulativeXUVFlux) Cumulative XUV flux [kg/sec^3]: 0.0000000000 
(RGDuration) Runaway Greenhouse Duration [years]: 0.00000e+00

Output Order: Time[year] FXUV[W/m^2] PlanetRadius[Rearth] EnvelopeMass[Mearth] Age[year] DEnvMassDt[Mearth/Myr] HEscapeRegime[] Mass[Mearth]
Grid Output Order:

----- BODY: c_max ----
Active Modules: AtmEsc
Module Bit Sum: 9
Color: 000000
(Mass) Mass [Mearth]: 17.7003890000 
(Radius) Radius [m]: 1.9582924450e+07 
(RadGyra) Radius of Gyration/Moment of Inertia Constant []: 0.5000000000 
(BodyType) Type of Body (0 == planet) []: 0.0000000000 
(Density) Average Density [kg/m^3]: 3360.4302183337 
(HZLimitDryRunaway) Semi-major axis of Dry Runaway HZ Limit [m]: 4.9283589266e+10 
(HZLimRecVenus) Recent Venus HZ Limit [m]: 4.3005201345e+10 
(HZLimRunaway) Runaway Greenhouse HZ Limit [m]: 5.6941783652e+10 
(HZLimMoistGreenhouse) Moist Greenhouse HZ Limit [m]: 5.6902853266e+10 
(HZLimMaxGreenhouse) Maximum Greenhouse HZ Limit [m]: 1.0623064142e+11 
(HZLimEarlyMars) Early Mars HZ Limit [m]: 1.1586199467e+11 
(Instellation) Orbit-averaged INcident STELLar radiATION [kg/sec^3]: 1.4439046450e+04 
(MeanMotion) Orbital Mean Motion [/sec]: 3.8560879939e-06 
(OrbPeriod) Orbital Period [sec]: 1.6294195872e+06 
(SemiMajorAxis) Semi-major Axis [m]: 1.6573379753e+10 
(LXUVTot) Total XUV Luminosity [kg/sec^3]: -1.0000000000 
(EscapeVelocity) Escape Velocity [m/sec]: 2.6843336942e+04 
----- ATMESC PARAMETERS (c_max)------
(SurfWaterMass) Surface water mass [kg]: 0.0000000000 
(EnvelopeMass) Envelope mass [Mearth]: 0.3247500000 
(OxygenMass) Oxygen mass in the atmosphere [kg]: 0.0000000000 
(RGLimit) Runaway greenhouse semi-major axis [m]: 5.1435721162e+10 
(XO) Atomic oxygen mixing ratio in upper atmosphere []: 0.0000000000 
(EtaO) Oxygen eta parameter (Luger and Barnes 2015) []: 0.0000000000 
(PlanetRadius) Planet radius [Rearth]: 3.0703382591 
(OxygenMantleMass) Mass of oxygen in mantle [kg]: 0.0000000000 
(RadXUV) XUV radius separating hydro. dyn. escape and equilibrium [m]: -1.0000000000 
(RadSolid) Radius to the solid surface [m]: -1.0000000000 
(PresXUV) Pressure at base of thermosphere [(null)]: 5.0000000000 
(ScaleHeight) Scale height in Lehmer & Catling (2016) model [m]: -1.0000000000 
(ThermTemp) Isothermal atmospheric temperature [K]: 424.7000000000 
(AtmGasConst) Atmospheric gas constant [(null)]: 4124.0000000000 
(PresSurf) Surface pressure due to atmosphere [Pa]: -1.0000000000 
(DEnvMassDt) Envelope Mass Loss Rate [Mearth/Myr]: -4.0467362785e-05 
(FXUV) XUV flux [W/m^2]: 14.4390464498 
(AtmXAbsEffH2O) XUV atmospheric escape efficiency for H2O []: 0.3000000000 
(RocheRadius) Roche Lobe Radius [m]: 5.4081687418e+08 
(BondiRadius) Bondi Radius [m]: 1.0647303168e+09 
(HEscapeRegime) Integer flag for H envelope escape regime []: 3.0000000000 
(RRCriticalFlux) Critical XUV Flux that separates RR and energy-limited escape [W/m^2]: 519.9478564901 
(CrossoverMass) Crossover mass, defines oxygen is escaping if mc > mo [kg]: 0.0000000000 
(WaterEscapeRegime) What water escape regime the code is currently in []: 8.0000000000 
(FXUVCRITDRAG) Critical Drag XUV flux [W/m^2]: 2.8832156880 
(HREFFLUX) The Hydrogen Reference Flux (m^-2 s^-1) [m^-2 s^-1]: 1.9140365918e+18 
(XO2) Molecular oxygen mixing ratio in atmosphere []: 0.0000000000 
(XH2O) Water mixing ratio in upper atmosphere []: 0.0000000000 
(HDiffFlux) The Hydrogen Diffusion Flux (m^-2 s^-1) [m^-2 s^-1]: 3.5624509030e+17 
(HRefODragMod) Multiply by H ref flux to get flux with drag []: 1.0000000000 
(KTide) Mass loss enhancement due to stellar gravity []: 0.9457088898 
(CumulativeXUVFlux) Cumulative XUV flux [kg/sec^3]: 0.0000000000 
(RGDuration) Runaway Greenhouse Duration [years]: 0.00000e+00

Output Order: Time[year] FXUV[W/m^2] PlanetRadius[Rearth] EnvelopeMass[Mearth] Age[year] DEnvMassDt[Mearth/Myr] HEscapeRegime[] Mass[Mearth]
Grid Output Order:

----- BODY: c_min ----
Active Modules: AtmEsc
Module Bit Sum: 9
Color: 000000
(Mass) Mass [Mearth]: 11.0404050000 
(Radius) Radius [m]: 1.7299995346e+07 
(RadGyra) Radius of Gyration/Moment of Inertia Constant []: 0.5000000000 
(BodyType) Type of Body (0 == planet) []: 0.0000000000 
(Density) Average Density [kg/m^3]: 3040.1272487504 
(HZLimitDryRunaway) Semi-major axis of Dry Runaway HZ Limit [m]: 4.9283589266e+10 
(HZLimRecVenus) Recent Venus HZ Limit [m]: 4.3005201345e+10 
(HZLimRunaway) Runaway Greenhouse HZ Limit [m]: 5.6941783652e+10 
(HZLimMoistGreenhouse) Moist Greenhouse HZ Limit [m]: 5.6902853266e+10 
(HZLimMaxGreenhouse) Maximum Greenhouse HZ Limit [m]: 1.0623064142e+11 
(HZLimEarlyMars) Early Mars HZ Limit [m]: 1.1586199467e+11 
(Instellation) Orbit-averaged INcident STELLar radiATION [kg/sec^3]: 1.4439423974e+04 
(MeanMotion) Orbital Mean Motion [/sec]: 3.8560879939e-06 
(OrbPeriod) Orbital Period [sec]: 1.6294195872e+06 
(SemiMajorAxis) Semi-major Axis [m]: 1.6573163093e+10 
(LXUVTot) Total XUV Luminosity [kg/sec^3]: -1.0000000000 
(EscapeVelocity) Escape Velocity [m/sec]: 2.2555547892e+04 
----- ATMESC PARAMETERS (c_min)------
(SurfWaterMass) Surface water mass [kg]: 0.0000000000 
(EnvelopeMass) Envelope mass [Mearth]: 0.1237200000 
(OxygenMass) Oxygen mass in the atmosphere [kg]: 0.0000000000 
(RGLimit) Runaway greenhouse semi-major axis [m]: 5.1945393820e+10 
(XO) Atomic oxygen mixing ratio in upper atmosphere []: 0.0000000000 
(EtaO) Oxygen eta parameter (Luger and Barnes 2015) []: 0.0000000000 
(PlanetRadius) Planet radius [Rearth]: 2.7124057864 
(OxygenMantleMass) Mass of oxygen in mantle [kg]: 0.0000000000 
(RadXUV) XUV radius separating hydro. dyn. escape and equilibrium [m]: -1.0000000000 
(RadSolid) Radius to the solid surface [m]: -1.0000000000 
(PresXUV) Pressure at base of thermosphere [(null)]: 5.0000000000 
(ScaleHeight) Scale height in Lehmer & Catling (2016) model [m]: -1.0000000000 
(ThermTemp) Isothermal atmospheric temperature [K]: 424.7000000000 
(AtmGasConst) Atmospheric gas constant [(null)]: 4124.0000000000 
(PresSurf) Surface pressure due to atmosphere [Pa]: -1.0000000000 
(DEnvMassDt) Envelope Mass Loss Rate [Mearth/Myr]: -4.4819425791e-05 
(FXUV) XUV flux [W/m^2]: 14.4394239744 
(AtmXAbsEffH2O) XUV atmospheric escape efficiency for H2O []: 0.3000000000 
(RocheRadius) Roche Lobe Radius [m]: 4.6207444896e+08 
(BondiRadius) Bondi Radius [m]: 6.6411708519e+08 
(HEscapeRegime) Integer flag for H envelope escape regime []: 3.0000000000 
(RRCriticalFlux) Critical XUV Flux that separates RR and energy-limited escape [W/m^2]: 292.2570826703 
(CrossoverMass) Crossover mass, defines oxygen is escaping if mc > mo [kg]: 0.0000000000 
(WaterEscapeRegime) What water escape regime the code is currently in []: 8.0000000000 
(FXUVCRITDRAG) Critical Drag XUV flux [W/m^2]: 1.6269574957 
(HREFFLUX) The Hydrogen Reference Flux (m^-2 s^-1) [m^-2 s^-1]: 2.7162813132e+18 
(XO2) Molecular oxygen mixing ratio in atmosphere []: 0.0000000000 
(XH2O) Water mixing ratio in upper atmosphere []: 0.0000000000 
(HDiffFlux) The Hydrogen Diffusion Flux (m^-2 s^-1) [m^-2 s^-1]: 2.8471752918e+17 
(HRefODragMod) Multiply by H ref flux to get flux with drag []: 1.0000000000 
(KTide) Mass loss enhancement due to stellar gravity []: 0.9438664743 
(CumulativeXUVFlux) Cumulative XUV flux [kg/sec^3]: 0.0000000000 
(RGDuration) Runaway Greenhouse Duration [years]: 0.00000e+00

Output Order: Time[year] FXUV[W/m^2] PlanetRadius[Rearth] EnvelopeMass[Mearth] Age[year] DEnvMassDt[Mearth/Myr] HEscapeRegime[] Mass[Mearth]
Grid Output Order:

----- BODY: d_max ----
Active Modules: AtmEsc
Module Bit Sum: 9
Color: 000000
(Mass) Mass [Mearth]: 1.5646070000 
(Radius) Radius [m]: 8.5182928320e+06 
(RadGyra) Radius of Gyration/Moment of Inertia Constant []: 0.5000000000 
(BodyType) Type of Body (0 == planet) []: 0.0000000000 
(Density) Average Density [kg/m^3]: 3609.0449215354 
(HZLimitDryRunaway) Semi-major axis of Dry Runaway HZ Limit [m]: 4.8478815322e+10 
(HZLimRecVenus) Recent Venus HZ Limit [m]: 4.3005201345e+10 
(HZLimRunaway) Runaway Greenhouse HZ Limit [m]: 5.6941783652e+10 
(HZLimMoistGreenhouse) Moist Greenhouse HZ Limit [m]: 5.6902853266e+10 
(HZLimMaxGreenhouse) Maximum Greenhouse HZ Limit [m]: 1.0623064142e+11 
(HZLimEarlyMars) Early Mars HZ Limit [m]: 1.1586199467e+11 
(Instellation) Orbit-averaged INcident STELLar radiATION [kg/sec^3]: 2.3987512525e+04 
(MeanMotion) Orbital Mean Motion [/sec]: 5.7124718914e-06 
(OrbPeriod) Orbital Period [sec]: 1.0999065600e+06 
(SemiMajorAxis) Semi-major Axis [m]: 1.2753006048e+10 
(LXUVTot) Total XUV Luminosity [kg/sec^3]: -1.0000000000 
(EscapeVelocity) Escape Velocity [m/sec]: 1.2100692451e+04 
----- ATMESC PARAMETERS (d_max)------
(SurfWaterMass) Surface water mass [kg]: 0.0000000000 
(EnvelopeMass) Envelope mass [Mearth]: 0.0006575322 
(OxygenMass) Oxygen mass in the atmosphere [kg]: 0.0000000000 
(RGLimit) Runaway greenhouse semi-major axis [m]: 5.4677084263e+10 
(XO) Atomic oxygen mixing ratio in upper atmosphere []: 0.0000000000 
(EtaO) Oxygen eta parameter (Luger and Barnes 2015) []: 0.0000000000 
(PlanetRadius) Planet radius [Rearth]: 1.3355533516 
(OxygenMantleMass) Mass of oxygen in mantle [kg]: 0.0000000000 
(RadXUV) XUV radius separating hydro. dyn. escape and equilibrium [m]: -1.0000000000 
(RadSolid) Radius to the solid surface [m]: -1.0000000000 
(PresXUV) Pressure at base of thermosphere [(null)]: 5.0000000000 
(ScaleHeight) Scale height in Lehmer & Catling (2016) model [m]: -1.0000000000 
(ThermTemp) Isothermal atmospheric temperature [K]: 400.0000000000 
(AtmGasConst) Atmospheric gas constant [(null)]: 4124.0000000000 
(PresSurf) Surface pressure due to atmosphere [Pa]: -1.0000000000 
(DEnvMassDt) Envelope Mass Loss Rate [Mearth/Myr]: -6.3577721041e-05 
(FXUV) XUV flux [W/m^2]: 23.9875125246 
(AtmXAbsEffH2O) XUV atmospheric escape efficiency for H2O []: 0.3000000000 
(RocheRadius) Roche Lobe Radius [m]: 1.8537843169e+08 
(BondiRadius) Bondi Radius [m]: 1.0729051655e+08 
(HEscapeRegime) Integer flag for H envelope escape regime []: 3.0000000000 
(RRCriticalFlux) Critical XUV Flux that separates RR and energy-limited escape [W/m^2]: 47.8495809258 
(CrossoverMass) Crossover mass, defines oxygen is escaping if mc > mo [kg]: 0.0000000000 
(WaterEscapeRegime) What water escape regime the code is currently in []: 8.0000000000 
(FXUVCRITDRAG) Critical Drag XUV flux [W/m^2]: 0.2737139907 
(HREFFLUX) The Hydrogen Reference Flux (m^-2 s^-1) [m^-2 s^-1]: 1.5892794045e+19 
(XO2) Molecular oxygen mixing ratio in atmosphere []: 0.0000000000 
(XH2O) Water mixing ratio in upper atmosphere []: 0.0000000000 
(HDiffFlux) The Hydrogen Diffusion Flux (m^-2 s^-1) [m^-2 s^-1]: 1.6642605215e+17 
(HRefODragMod) Multiply by H ref flux to get flux with drag []: 1.0000000000 
(KTide) Mass loss enhancement due to stellar gravity []: 0.9311222668 
(CumulativeXUVFlux) Cumulative XUV flux [kg/sec^3]: 0.0000000000 
(RGDuration) Runaway Greenhouse Duration [years]: 0.00000e+00

Output Order: Time[year] FXUV[W/m^2] PlanetRadius[Rearth] EnvelopeMass[Mearth] Age[year] DEnvMassDt[Mearth/Myr] HEscapeRegime[] Mass[Mearth]
Grid Output Order:

----- BODY: d_min ----
Active Modules: AtmEsc
Module Bit Sum: 9
Color: 000000
(Mass) Mass [Mearth]: 0.5431105000 
(Radius) Radius [m]: 1.0733754264e+07 
(RadGyra) Radius of Gyration/Moment of Inertia Constant []: 0.5000000000 
(BodyType) Type of Body (0 == planet) []: 0.0000000000 
(Density) Average Density [kg/m^3]: 626.1494012355 
(HZLimitDryRunaway) Semi-major axis of Dry Runaway HZ Limit [m]: 4.8478815322e+10 
(HZLimRecVenus) Recent Venus HZ Limit [m]: 4.3005201345e+10 
(HZLimRunaway) Runaway Greenhouse HZ Limit [m]: 5.6941783652e+10 
(HZLimMoistGreenhouse) Moist Greenhouse HZ Limit [m]: 5.6902853266e+10 
(HZLimMaxGreenhouse) Maximum Greenhouse HZ Limit [m]: 1.0623064142e+11 
(HZLimEarlyMars) Early Mars HZ Limit [m]: 1.1586199467e+11 
(Instellation) Orbit-averaged INcident STELLar radiATION [kg/sec^3]: 2.3987608727e+04 
(MeanMotion) Orbital Mean Motion [/sec]: 5.7124718914e-06 
(OrbPeriod) Orbital Period [sec]: 1.0999065600e+06 
(SemiMajorAxis) Semi-major Axis [m]: 1.2752980475e+10 
(LXUVTot) Total XUV Luminosity [kg/sec^3]: -1.0000000000 
(EscapeVelocity) Escape Velocity [m/sec]: 6351.1467377914 
----- ATMESC PARAMETERS (d_min)------
(SurfWaterMass) Surface water mass [kg]: 0.0000000000 
(EnvelopeMass) Envelope mass [Mearth]: 0.0011150000 
(OxygenMass) Oxygen mass in the atmosphere [kg]: 0.0000000000 
(RGLimit) Runaway greenhouse semi-major axis [m]: 5.6057816382e+10 
(XO) Atomic oxygen mixing ratio in upper atmosphere []: 0.0000000000 
(EtaO) Oxygen eta parameter (Luger and Barnes 2015) []: 0.0000000000 
(PlanetRadius) Planet radius [Rearth]: 1.6829078039 
(OxygenMantleMass) Mass of oxygen in mantle [kg]: 0.0000000000 
(RadXUV) XUV radius separating hydro. dyn. escape and equilibrium [m]: -1.0000000000 
(RadSolid) Radius to the solid surface [m]: -1.0000000000 
(PresXUV) Pressure at base of thermosphere [(null)]: 5.0000000000 
(ScaleHeight) Scale height in Lehmer & Catling (2016) model [m]: -1.0000000000 
(ThermTemp) Isothermal atmospheric temperature [K]: 400.0000000000 
(AtmGasConst) Atmospheric gas constant [(null)]: 4124.0000000000 
(PresSurf) Surface pressure due to atmosphere [Pa]: -1.0000000000 
(DEnvMassDt) Envelope Mass Loss Rate [Mearth/Myr]: -0.0003892048 
(FXUV) XUV flux [W/m^2]: 23.9876087268 
(AtmXAbsEffH2O) XUV atmospheric escape efficiency for H2O []: 0.3000000000 
(RocheRadius) Roche Lobe Radius [m]: 1.3028246776e+08 
(BondiRadius) Bondi Radius [m]: 3.7243003843e+07 
(HEscapeRegime) Integer flag for H envelope escape regime []: 3.0000000000 
(RRCriticalFlux) Critical XUV Flux that separates RR and energy-limited escape [W/m^2]: 2.5546564079 
(CrossoverMass) Crossover mass, defines oxygen is escaping if mc > mo [kg]: 0.0000000000 
(WaterEscapeRegime) What water escape regime the code is currently in []: 8.0000000000 
(FXUVCRITDRAG) Critical Drag XUV flux [W/m^2]: 0.0164841140 
(HREFFLUX) The Hydrogen Reference Flux (m^-2 s^-1) [m^-2 s^-1]: 6.1273865134e+19 
(XO2) Molecular oxygen mixing ratio in atmosphere []: 0.0000000000 
(XH2O) Water mixing ratio in upper atmosphere []: 0.0000000000 
(HDiffFlux) The Hydrogen Diffusion Flux (m^-2 s^-1) [m^-2 s^-1]: 3.6383634138e+16 
(HRefODragMod) Multiply by H ref flux to get flux with drag []: 1.0000000000 
(KTide) Mass loss enhancement due to stellar gravity []: 0.8766971321 
(CumulativeXUVFlux) Cumulative XUV flux [kg/sec^3]: 0.0000000000 
(RGDuration) Runaway Greenhouse Duration [years]: 0.00000e+00

Output Order: Time[year] FXUV[W/m^2] PlanetRadius[Rearth] EnvelopeMass[Mearth] Age[year] DEnvMassDt[Mearth/Myr] HEscapeRegime[] Mass[Mearth]
Grid Output Order:



---- FINAL SYSTEM PROPERTIES ----
(Age) System Age [sec]: 1.5778800000e+17 
(Time) Simulation Time [sec]: 1.5747242400e+17 
(TotAngMom) Total Angular Momentum [kg*m^2/sec]: 1.6238175807e+42 
(TotEnergy) Total System Energy [kg*m^2/sec^2]: -6.6719590425e+40 
(PotEnergy) Body's non-orbital Potential Energy [kg*m^2/sec^2]: -1.2433211706e+41 
(KinEnergy) Body's non-orbital Kinetic Energy [kg*m^2/sec^2]: 6.8881176959e+34 
(DeltaTime) Average Timestep Over Last Output Interval [sec]: 1.5778800000e+12 

----- BODY: star ----
Active Modules: STELLAR
Module Bit Sum: 65
Color: 000000
(Mass) Mass [kg]: 1.0140921600e+30 
(Radius) Radius [m]: 3.3122811598e+08 
(RadGyra) Radius of Gyration/Moment of Inertia Constant []: 0.4174613252 
(RotAngMom) Rotational Angular Momentum [kg*m^2/sec]: 5.1682966308e+40 
(RotVel) Rotational Velocity [m/sec]: 882.8975618165 
(BodyType) Type of Body (0 == planet) []: 0.0000000000 
(RotRate) Rotational Frequency [/sec]: 2.6655272280e-06 
(RotPer) Rotational Period [sec]: 2.3572016977e+06 
(Density) Average Density [kg/m^3]: 6662.0399524739 
(HZLimitDryRunaway) Semi-major axis of Dry Runaway HZ Limit [m]: 2.6601460404e+10 
(HZLimRecVenus) Recent Venus HZ Limit [m]: 2.3574480341e+10 
(HZLimRunaway) Runaway Greenhouse HZ Limit [m]: 3.1223742769e+10 
(HZLimMoistGreenhouse) Moist Greenhouse HZ Limit [m]: 3.1192855002e+10 
(HZLimMaxGreenhouse) Maximum Greenhouse HZ Limit [m]: 5.8136023643e+10 
(HZLimEarlyMars) Early Mars HZ Limit [m]: 6.3407307566e+10 
(Instellation) Orbit-averaged INcident STELLar radiATION [kg/sec^3]: -1.0000000000 
(CriticalSemiMajorAxis) Holman & Wiegert (1999) P-type Critical Semi-major Axis [m]: -1.0000000000 
(LXUVTot) Total XUV Luminosity [LSUN]: 5.0980681478e-07 
(LostEnergy) Body's Total Lost Energy [kg*m^2/sec^2]: 5.7613670379e+40 
(LostAngMom) Lost Angular Momentum due to Magnetic Braking [kg*m^2/sec]: 1.1460684809e+42 
(EscapeVelocity) Escape Velocity [m/sec]: 6.3928177629e+05 
----- STELLAR PARAMETERS (star)------
(Luminosity) Luminosity [LSUN]: 0.0383812957 
(LXUVStellar) Base X-ray/XUV Luminosity [LSUN]: 5.0980681478e-07 
(Temperature) Effective Temperature [K]: 3705.3395289902 
(LXUVFrac) Fraction of luminosity in XUV []: 1.3282689018e-05 
(RossbyNumber) Rossby Number []: 0.5791847819 
(DRotPerDtStellar) Time Rate of Change of Rotation Period in STELLAR []: 5.3876220114e-12 
(WindTorque) Stellar Wind Torque []: 8.4566169278e+22 

Output Order: Time[year] Luminosity[LSUN] LXUVTot[LSUN] LXUVStellar[LSUN] Age[year]
Grid Output Order:

----- BODY: d_earth_equiv ----
Active Modules: AtmEsc
Module Bit Sum: 9
Color: 000000
(Mass) Mass [Mearth]: 1.0529900000 
(Radius) Radius [m]: 6.4683084142e+06 
(RadGyra) Radius of Gyration/Moment of Inertia Constant []: 0.5000000000 
(BodyType) Type of Body (0 == planet) []: 0.0000000000 
(Density) Average Density [kg/m^3]: 5547.4935361287 
(HZLimitDryRunaway) Semi-major axis of Dry Runaway HZ Limit [m]: 2.6601566929e+10 
(HZLimRecVenus) Recent Venus HZ Limit [m]: 2.3574480341e+10 
(HZLimRunaway) Runaway Greenhouse HZ Limit [m]: 3.1223742769e+10 
(HZLimMoistGreenhouse) Moist Greenhouse HZ Limit [m]: 3.1192855002e+10 
(HZLimMaxGreenhouse) Maximum Greenhouse HZ Limit [m]: 5.8136023643e+10 
(HZLimEarlyMars) Early Mars HZ Limit [m]: 6.3407307566e+10 
(Instellation) Orbit-averaged INcident STELLar radiATION [kg/sec^3]: 609.4432581933 
(MeanMotion) Orbital Mean Motion [/sec]: 8.9433790526e-07 
(OrbPeriod) Orbital Period [sec]: 7.0255160496e+06 
(SemiMajorAxis) Semi-major Axis [m]: 4.3902955230e+10 
(LXUVTot) Total XUV Luminosity [kg/sec^3]: -1.0000000000 
(EscapeVelocity) Escape Velocity [m/sec]: 1.1392017286e+04 
----- ATMESC PARAMETERS (d_earth_equiv)------
(SurfWaterMass) Surface water mass [kg]: 0.0000000000 
(EnvelopeMass) Envelope mass [Mearth]: 0.0000000000 
(OxygenMass) Oxygen mass in the atmosphere [kg]: 0.0000000000 
(RGLimit) Runaway greenhouse semi-major axis [m]: 3.0260595315e+10 
(XO) Atomic oxygen mixing ratio in upper atmosphere []: 0.0000000000 
(EtaO) Oxygen eta parameter (Luger and Barnes 2015) []: 0.0000000000 
(PlanetRadius) Planet radius [Rearth]: 1.0141434619 
(OxygenMantleMass) Mass of oxygen in mantle [kg]: 0.0000000000 
(RadXUV) XUV radius separating hydro. dyn. escape and equilibrium [m]: -1.0000000000 
(RadSolid) Radius to the solid surface [m]: -1.0000000000 
(PresXUV) Pressure at base of thermosphere [(null)]: 5.0000000000 
(ScaleHeight) Scale height in Lehmer & Catling (2016) model [m]: -1.0000000000 
(ThermTemp) Isothermal atmospheric temperature [K]: 400.0000000000 
(AtmGasConst) Atmospheric gas constant [(null)]: 4124.0000000000 
(PresSurf) Surface pressure due to atmosphere [Pa]: -1.0000000000 
(DEnvMassDt) Envelope Mass Loss Rate [Mearth/Myr]: 2.9391965271e-320 
(FXUV) XUV flux [W/m^2]: 0.0080950453 
(AtmXAbsEffH2O) XUV atmospheric escape efficiency for H2O []: 0.3000000000 
(RocheRadius) Roche Lobe Radius [m]: 5.5925951981e+08 
(BondiRadius) Bondi Radius [m]: 5.2533887969e+07 
(HEscapeRegime) Integer flag for H envelope escape regime []: 8.0000000000 
(RRCriticalFlux) Critical XUV Flux that separates RR and energy-limited escape [W/m^2]: 55.1299628667 
(CrossoverMass) Crossover mass, defines oxygen is escaping if mc > mo [kg]: 0.0000000000 
(WaterEscapeRegime) What water escape regime the code is currently in []: 8.0000000000 
(FXUVCRITDRAG) Critical Drag XUV flux [W/m^2]: 0.2831525595 
(HREFFLUX) The Hydrogen Reference Flux (m^-2 s^-1) [m^-2 s^-1]: 5.7340366613e+15 
(XO2) Molecular oxygen mixing ratio in atmosphere []: 0.0000000000 
(XH2O) Water mixing ratio in upper atmosphere []: 0.0000000000 
(HDiffFlux) The Hydrogen Diffusion Flux (m^-2 s^-1) [m^-2 s^-1]: 1.9425132148e+17 
(HRefODragMod) Multiply by H ref flux to get flux with drag []: 1.0000000000 
(KTide) Mass loss enhancement due to stellar gravity []: 0.9826520074 
(CumulativeXUVFlux) Cumulative XUV flux [kg/sec^3]: 1.0186071060e+16 
(RGDuration) Runaway Greenhouse Duration [years]: 1.95378e+07

Output Order: Time[year] FXUV[W/m^2] PlanetRadius[Rearth] EnvelopeMass[Mearth] Age[year] DEnvMassDt[Mearth/Myr] HEscapeRegime[] Mass[Mearth]
Grid Output Order:

----- BODY: b ----
Active Modules: AtmEsc
Module Bit Sum: 9
Color: 000000
(Mass) Mass [Mearth]: 8.9199167659 
(Radius) Radius [m]: 2.0435947207e+07 
(RadGyra) Radius of Gyration/Moment of Inertia Constant []: 0.5000000000 
(BodyType) Type of Body (0 == planet) []: 0.0000000000 
(Density) Average Density [kg/m^3]: 1490.1198548849 
(HZLimitDryRunaway) Semi-major axis of Dry Runaway HZ Limit [m]: 2.6666874477e+10 
(HZLimRecVenus) Recent Venus HZ Limit [m]: 2.3574480341e+10 
(HZLimRunaway) Runaway Greenhouse HZ Limit [m]: 3.1223742769e+10 
(HZLimMoistGreenhouse) Moist Greenhouse HZ Limit [m]: 3.1192855002e+10 
(HZLimMaxGreenhouse) Maximum Greenhouse HZ Limit [m]: 5.8136023643e+10 
(HZLimEarlyMars) Early Mars HZ Limit [m]: 6.3407307566e+10 
(Instellation) Orbit-averaged INcident STELLar radiATION [kg/sec^3]: 1.2477884826e+04 
(MeanMotion) Orbital Mean Motion [/sec]: 8.5924852744e-06 
(OrbPeriod) Orbital Period [sec]: 7.3124190575e+05 
(SemiMajorAxis) Semi-major Axis [m]: 9.7145425742e+09 
(LXUVTot) Total XUV Luminosity [kg/sec^3]: -1.0000000000 
(EscapeVelocity) Escape Velocity [m/sec]: 1.8653781545e+04 
----- ATMESC PARAMETERS (b)------
(SurfWaterMass) Surface water mass [kg]: 0.0000000000 
(EnvelopeMass) Envelope mass [Mearth]: 0.7089567659 
(OxygenMass) Oxygen mass in the atmosphere [kg]: 0.0000000000 
(RGLimit) Runaway greenhouse semi-major axis [m]: 2.8816785851e+10 
(XO) Atomic oxygen mixing ratio in upper atmosphere []: 0.0000000000 
(EtaO) Oxygen eta parameter (Luger and Barnes 2015) []: 0.0000000000 
(PlanetRadius) Planet radius [Rearth]: 3.2040807147 
(OxygenMantleMass) Mass of oxygen in mantle [kg]: 0.0000000000 
(RadXUV) XUV radius separating hydro. dyn. escape and equilibrium [m]: -1.0000000000 
(RadSolid) Radius to the solid surface [m]: -1.0000000000 
(PresXUV) Pressure at base of thermosphere [(null)]: 5.0000000000 
(ScaleHeight) Scale height in Lehmer & Catling (2016) model [m]: -1.0000000000 
(ThermTemp) Isothermal atmospheric temperature [K]: 400.0000000000 
(AtmGasConst) Atmospheric gas constant [(null)]: 4124.0000000000 
(PresSurf) Surface pressure due to atmosphere [Pa]: -1.0000000000 
(DEnvMassDt) Envelope Mass Loss Rate [Mearth/Myr]: -1.1273645869e-06 
(FXUV) XUV flux [W/m^2]: 0.1657398637 
(AtmXAbsEffH2O) XUV atmospheric escape efficiency for H2O []: 0.3000000000 
(RocheRadius) Roche Lobe Radius [m]: 2.5226335746e+08 
(BondiRadius) Bondi Radius [m]: 9.4604500732e+08 
(HEscapeRegime) Integer flag for H envelope escape regime []: 3.0000000000 
(RRCriticalFlux) Critical XUV Flux that separates RR and energy-limited escape [W/m^2]: 100.3182863634 
(CrossoverMass) Crossover mass, defines oxygen is escaping if mc > mo [kg]: 0.0000000000 
(WaterEscapeRegime) What water escape regime the code is currently in []: 8.0000000000 
(FXUVCRITDRAG) Critical Drag XUV flux [W/m^2]: 0.6442900781 
(HREFFLUX) The Hydrogen Reference Flux (m^-2 s^-1) [m^-2 s^-1]: 4.8963215612e+16 
(XO2) Molecular oxygen mixing ratio in atmosphere []: 0.0000000000 
(XH2O) Water mixing ratio in upper atmosphere []: 0.0000000000 
(HDiffFlux) The Hydrogen Diffusion Flux (m^-2 s^-1) [m^-2 s^-1]: 1.6485132091e+17 
(HRefODragMod) Multiply by H ref flux to get flux with drag []: 1.0000000000 
(KTide) Mass loss enhancement due to stellar gravity []: 0.8787502718 
(CumulativeXUVFlux) Cumulative XUV flux [kg/sec^3]: 2.0855201827e+17 
(RGDuration) Runaway Greenhouse Duration [years]: 0.00000e+00

Output Order: Time[year] FXUV[W/m^2] PlanetRadius[Rearth] EnvelopeMass[Mearth] Age[year] DEnvMassDt[Mearth/Myr] HEscapeRegime[] Mass[Mearth]
Grid Output Order:

----- BODY: c ----
Active Modules: AtmEsc
Module Bit Sum: 9
Color: 000000
(Mass) Mass [Mearth]: 14.4556049068 
(Radius) Radius [m]: 1.5699487858e+07 
(RadGyra) Radius of Gyration/Moment of Inertia Constant []: 0.5000000000 
(BodyType) Type of Body (0 == planet) []: 0.0000000000 
(Density) Average Density [kg/m^3]: 5326.2865786619 
(HZLimitDryRunaway) Semi-major axis of Dry Runaway HZ Limit [m]: 2.7043166992e+10 
(HZLimRecVenus) Recent Venus HZ Limit [m]: 2.3574480341e+10 
(HZLimRunaway) Runaway Greenhouse HZ Limit [m]: 3.1223742769e+10 
(HZLimMoistGreenhouse) Moist Greenhouse HZ Limit [m]: 3.1192855002e+10 
(HZLimMaxGreenhouse) Maximum Greenhouse HZ Limit [m]: 5.8136023643e+10 
(HZLimEarlyMars) Early Mars HZ Limit [m]: 6.3407307566e+10 
(Instellation) Orbit-averaged INcident STELLar radiATION [kg/sec^3]: 4347.6490368159 
(MeanMotion) Orbital Mean Motion [/sec]: 3.8560879398e-06 
(OrbPeriod) Orbital Period [sec]: 1.6294196101e+06 
(SemiMajorAxis) Semi-major Axis [m]: 1.6573274351e+10 
(LXUVTot) Total XUV Luminosity [kg/sec^3]: -1.0000000000 
(EscapeVelocity) Escape Velocity [m/sec]: 2.7093135172e+04 
----- ATMESC PARAMETERS (c)------
(SurfWaterMass) Surface water mass [kg]: 0.0000000000 
(EnvelopeMass) Envelope mass [Mearth]: 0.2039369068 
(OxygenMass) Oxygen mass in the atmosphere [kg]: 0.0000000000 
(RGLimit) Runaway greenhouse semi-major axis [m]: 2.8326101750e+10 
(XO) Atomic oxygen mixing ratio in upper atmosphere []: 0.0000000000 
(EtaO) Oxygen eta parameter (Luger and Barnes 2015) []: 0.0000000000 
(PlanetRadius) Planet radius [Rearth]: 2.4614678130 
(OxygenMantleMass) Mass of oxygen in mantle [kg]: 0.0000000000 
(RadXUV) XUV radius separating hydro. dyn. escape and equilibrium [m]: -1.0000000000 
(RadSolid) Radius to the solid surface [m]: -1.0000000000 
(PresXUV) Pressure at base of thermosphere [(null)]: 5.0000000000 
(ScaleHeight) Scale height in Lehmer & Catling (2016) model [m]: -1.0000000000 
(ThermTemp) Isothermal atmospheric temperature [K]: 400.0000000000 
(AtmGasConst) Atmospheric gas constant [(null)]: 4124.0000000000 
(PresSurf) Surface pressure due to atmosphere [Pa]: -1.0000000000 
(DEnvMassDt) Envelope Mass Loss Rate [Mearth/Myr]: -1.0128640709e-07 
(FXUV) XUV flux [W/m^2]: 0.0577484701 
(AtmXAbsEffH2O) XUV atmospheric escape efficiency for H2O []: 0.3000000000 
(RocheRadius) Roche Lobe Radius [m]: 5.0551256862e+08 
(BondiRadius) Bondi Radius [m]: 1.1738004838e+09 
(HEscapeRegime) Integer flag for H envelope escape regime []: 3.0000000000 
(RRCriticalFlux) Critical XUV Flux that separates RR and energy-limited escape [W/m^2]: 684.0781045634 
(CrossoverMass) Crossover mass, defines oxygen is escaping if mc > mo [kg]: 0.0000000000 
(WaterEscapeRegime) What water escape regime the code is currently in []: 8.0000000000 
(FXUVCRITDRAG) Critical Drag XUV flux [W/m^2]: 3.7321598767 
(HREFFLUX) The Hydrogen Reference Flux (m^-2 s^-1) [m^-2 s^-1]: 7.4537580022e+15 
(XO2) Molecular oxygen mixing ratio in atmosphere []: 0.0000000000 
(XH2O) Water mixing ratio in upper atmosphere []: 0.0000000000 
(HDiffFlux) The Hydrogen Diffusion Flux (m^-2 s^-1) [m^-2 s^-1]: 4.5267496106e+17 
(HRefODragMod) Multiply by H ref flux to get flux with drag []: 1.0000000000 
(KTide) Mass loss enhancement due to stellar gravity []: 0.9534301181 
(CumulativeXUVFlux) Cumulative XUV flux [kg/sec^3]: 7.2665439217e+16 
(RGDuration) Runaway Greenhouse Duration [years]: 0.00000e+00

Output Order: Time[year] FXUV[W/m^2] PlanetRadius[Rearth] EnvelopeMass[Mearth] Age[year] DEnvMassDt[Mearth/Myr] HEscapeRegime[] Mass[Mearth]
Grid Output Order:

----- BODY: d ----
Active Modules: AtmEsc
Module Bit Sum: 9
Color: 000000
(Mass) Mass [Mearth]: 1.0529901000 
(Radius) Radius [m]: 6.4683085813e+06 
(RadGyra) Radius of Gyration/Moment of Inertia Constant []: 0.5000000000 
(BodyType) Type of Body (0 == planet) []: 0.0000000000 
(Density) Average Density [kg/m^3]: 5547.4936330659 
(HZLimitDryRunaway) Semi-major axis of Dry Runaway HZ Limit [m]: 2.6601566929e+10 
(HZLimRecVenus) Recent Venus HZ Limit [m]: 2.3574480341e+10 
(HZLimRunaway) Runaway Greenhouse HZ Limit [m]: 3.1223742769e+10 
(HZLimMoistGreenhouse) Moist Greenhouse HZ Limit [m]: 3.1192855002e+10 
(HZLimMaxGreenhouse) Maximum Greenhouse HZ Limit [m]: 5.8136023643e+10 
(HZLimEarlyMars) Early Mars HZ Limit [m]: 6.3407307566e+10 
(Instellation) Orbit-averaged INcident STELLar radiATION [kg/sec^3]: 7222.6492718935 
(MeanMotion) Orbital Mean Motion [/sec]: 5.7124718761e-06 
(OrbPeriod) Orbital Period [sec]: 1.0999065629e+06 
(SemiMajorAxis) Semi-major Axis [m]: 1.2752993262e+10 
(LXUVTot) Total XUV Luminosity [kg/sec^3]: -1.0000000000 
(EscapeVelocity) Escape Velocity [m/sec]: 1.1392017680e+04 
----- ATMESC PARAMETERS (d)------
(SurfWaterMass) Surface water mass [kg]: 0.0000000000 
(EnvelopeMass) Envelope mass [Mearth]: 0.0000000000 
(OxygenMass) Oxygen mass in the atmosphere [kg]: 0.0000000000 
(RGLimit) Runaway greenhouse semi-major axis [m]: 3.0260595247e+10 
(XO) Atomic oxygen mixing ratio in upper atmosphere []: 0.0000000000 
(EtaO) Oxygen eta parameter (Luger and Barnes 2015) []: 0.0000000000 
(PlanetRadius) Planet radius [Rearth]: 1.0141434881 
(OxygenMantleMass) Mass of oxygen in mantle [kg]: 0.0000000000 
(RadXUV) XUV radius separating hydro. dyn. escape and equilibrium [m]: -1.0000000000 
(RadSolid) Radius to the solid surface [m]: -1.0000000000 
(PresXUV) Pressure at base of thermosphere [(null)]: 5.0000000000 
(ScaleHeight) Scale height in Lehmer & Catling (2016) model [m]: -1.0000000000 
(ThermTemp) Isothermal atmospheric temperature [K]: 400.0000000000 
(AtmGasConst) Atmospheric gas constant [(null)]: 4124.0000000000 
(PresSurf) Surface pressure due to atmosphere [Pa]: -1.0000000000 
(DEnvMassDt) Envelope Mass Loss Rate [Mearth/Myr]: 2.9391965271e-320 
(FXUV) XUV flux [W/m^2]: 0.0959362042 
(AtmXAbsEffH2O) XUV atmospheric escape efficiency for H2O []: 0.3000000000 
(RocheRadius) Roche Lobe Radius [m]: 1.6245451078e+08 
(BondiRadius) Bondi Radius [m]: 9.7472116663e+07 
(HEscapeRegime) Integer flag for H envelope escape regime []: 8.0000000000 
(RRCriticalFlux) Critical XUV Flux that separates RR and energy-limited escape [W/m^2]: 50.4809994811 
(CrossoverMass) Crossover mass, defines oxygen is escaping if mc > mo [kg]: 0.0000000000 
(WaterEscapeRegime) What water escape regime the code is currently in []: 8.0000000000 
(FXUVCRITDRAG) Critical Drag XUV flux [W/m^2]: 0.2831525913 
(HREFFLUX) The Hydrogen Reference Flux (m^-2 s^-1) [m^-2 s^-1]: 7.1015571490e+16 
(XO2) Molecular oxygen mixing ratio in atmosphere []: 0.0000000000 
(XH2O) Water mixing ratio in upper atmosphere []: 0.0000000000 
(HDiffFlux) The Hydrogen Diffusion Flux (m^-2 s^-1) [m^-2 s^-1]: 1.9425132990e+17 
(HRefODragMod) Multiply by H ref flux to get flux with drag []: 1.0000000000 
(KTide) Mass loss enhancement due to stellar gravity []: 0.9403073781 
(CumulativeXUVFlux) Cumulative XUV flux [kg/sec^3]: 1.2071742158e+17 
(RGDuration) Runaway Greenhouse Duration [years]: 0.00000e+00

Output Order: Time[year] FXUV[W/m^2] PlanetRadius[Rearth] EnvelopeMass[Mearth] Age[year] DEnvMassDt[Mearth/Myr] HEscapeRegime[] Mass[Mearth]
Grid Output Order:

----- BODY: b_max ----
Active Modules: AtmEsc
Module Bit Sum: 9
Color: 000000
(Mass) Mass [Mearth]: 11.5290267648 
(Radius) Radius [m]: 2.2764557523e+07 
(RadGyra) Radius of Gyration/Moment of Inertia Constant []: 0.5000000000 
(BodyType) Type of Body (0 == planet) []: 0.0000000000 
(Density) Average Density [kg/m^3]: 1393.3484001294 
(HZLimitDryRunaway) Semi-major axis of Dry Runaway HZ Limit [m]: 2.6666874477e+10 
(HZLimRecVenus) Recent Venus HZ Limit [m]: 2.3574480341e+10 
(HZLimRunaway) Runaway Greenhouse HZ Limit [m]: 3.1223742769e+10 
(HZLimMoistGreenhouse) Moist Greenhouse HZ Limit [m]: 3.1192855002e+10 
(HZLimMaxGreenhouse) Maximum Greenhouse HZ Limit [m]: 5.8136023643e+10 
(HZLimEarlyMars) Early Mars HZ Limit [m]: 6.3407307566e+10 
(Instellation) Orbit-averaged INcident STELLar radiATION [kg/sec^3]: 1.2477756961e+04 
(MeanMotion) Orbital Mean Motion [/sec]: 8.5924852468e-06 
(OrbPeriod) Orbital Period [sec]: 7.3124190809e+05 
(SemiMajorAxis) Semi-major Axis [m]: 9.7145923486e+09 
(LXUVTot) Total XUV Luminosity [kg/sec^3]: -1.0000000000 
(EscapeVelocity) Escape Velocity [m/sec]: 2.0093268543e+04 
----- ATMESC PARAMETERS (b_max)------
(SurfWaterMass) Surface water mass [kg]: 0.0000000000 
(EnvelopeMass) Envelope mass [Mearth]: 1.1976267648 
(OxygenMass) Oxygen mass in the atmosphere [kg]: 0.0000000000 
(RGLimit) Runaway greenhouse semi-major axis [m]: 2.8660745133e+10 
(XO) Atomic oxygen mixing ratio in upper atmosphere []: 0.0000000000 
(EtaO) Oxygen eta parameter (Luger and Barnes 2015) []: 0.0000000000 
(PlanetRadius) Planet radius [Rearth]: 3.5691753851 
(OxygenMantleMass) Mass of oxygen in mantle [kg]: 0.0000000000 
(RadXUV) XUV radius separating hydro. dyn. escape and equilibrium [m]: -1.0000000000 
(RadSolid) Radius to the solid surface [m]: -1.0000000000 
(PresXUV) Pressure at base of thermosphere [(null)]: 5.0000000000 
(ScaleHeight) Scale height in Lehmer & Catling (2016) model [m]: -1.0000000000 
(ThermTemp) Isothermal atmospheric temperature [K]: 554.8000000000 
(AtmGasConst) Atmospheric gas constant [(null)]: 4124.0000000000 
(PresSurf) Surface pressure due to atmosphere [Pa]: -1.0000000000 
(DEnvMassDt) Envelope Mass Loss Rate [Mearth/Myr]: -1.2094095938e-06 
(FXUV) XUV flux [W/m^2]: 0.1657381654 
(AtmXAbsEffH2O) XUV atmospheric escape efficiency for H2O []: 0.3000000000 
(RocheRadius) Roche Lobe Radius [m]: 2.7478963380e+08 
(BondiRadius) Bondi Radius [m]: 1.2227636821e+09 
(HEscapeRegime) Integer flag for H envelope escape regime []: 3.0000000000 
(RRCriticalFlux) Critical XUV Flux that separates RR and energy-limited escape [W/m^2]: 120.4887467475 
(CrossoverMass) Crossover mass, defines oxygen is escaping if mc > mo [kg]: 0.0000000000 
(WaterEscapeRegime) What water escape regime the code is currently in []: 8.0000000000 
(FXUVCRITDRAG) Critical Drag XUV flux [W/m^2]: 0.7786670736 
(HREFFLUX) The Hydrogen Reference Flux (m^-2 s^-1) [m^-2 s^-1]: 4.2330175579e+16 
(XO2) Molecular oxygen mixing ratio in atmosphere []: 0.0000000000 
(XH2O) Water mixing ratio in upper atmosphere []: 0.0000000000 
(HDiffFlux) The Hydrogen Diffusion Flux (m^-2 s^-1) [m^-2 s^-1]: 1.7170992338e+17 
(HRefODragMod) Multiply by H ref flux to get flux with drag []: 1.0000000000 
(KTide) Mass loss enhancement due to stellar gravity []: 0.8760189074 
(CumulativeXUVFlux) Cumulative XUV flux [kg/sec^3]: 2.0854988117e+17 
(RGDuration) Runaway Greenhouse Duration [years]: 0.00000e+00

Output Order: Time[year] FXUV[W/m^2] PlanetRadius[Rearth] EnvelopeMass[Mearth] Age[year] DEnvMassDt[Mearth/Myr] HEscapeRegime[] Mass[Mearth]
Grid Output Order:

----- BODY: b_min ----
Active Modules: AtmEsc
Module Bit Sum: 9
Color: 000000
(Mass) Mass [Mearth]: 6.2561157237 
(Radius) Radius [m]: 1.8138954850e+07 
(RadGyra) Radius of Gyration/Moment of Inertia Constant []: 0.5000000000 
(BodyType) Type of Body (0 == planet) []: 0.0000000000 
(Density) Average Density [kg/m^3]: 1494.5577812012 
(HZLimitDryRunaway) Semi-major axis of Dry Runaway HZ Limit [m]: 2.6666874477e+10 
(HZLimRecVenus) Recent Venus HZ Limit [m]: 2.3574480341e+10 
(HZLimRunaway) Runaway Greenhouse HZ Limit [m]: 3.1223742769e+10 
(HZLimMoistGreenhouse) Moist Greenhouse HZ Limit [m]: 3.1192855002e+10 
(HZLimMaxGreenhouse) Maximum Greenhouse HZ Limit [m]: 5.8136023643e+10 
(HZLimEarlyMars) Early Mars HZ Limit [m]: 6.3407307566e+10 
(Instellation) Orbit-averaged INcident STELLar radiATION [kg/sec^3]: 1.2478015163e+04 
(MeanMotion) Orbital Mean Motion [/sec]: 8.5924851936e-06 
(OrbPeriod) Orbital Period [sec]: 7.3124191262e+05 
(SemiMajorAxis) Semi-major Axis [m]: 9.7144918380e+09 
(LXUVTot) Total XUV Luminosity [kg/sec^3]: -1.0000000000 
(EscapeVelocity) Escape Velocity [m/sec]: 1.6581741040e+04 
----- ATMESC PARAMETERS (b_min)------
(SurfWaterMass) Surface water mass [kg]: 0.0000000000 
(EnvelopeMass) Envelope mass [Mearth]: 0.3615067237 
(OxygenMass) Oxygen mass in the atmosphere [kg]: 0.0000000000 
(RGLimit) Runaway greenhouse semi-major axis [m]: 2.9036772884e+10 
(XO) Atomic oxygen mixing ratio in upper atmosphere []: 0.0000000000 
(EtaO) Oxygen eta parameter (Luger and Barnes 2015) []: 0.0000000000 
(PlanetRadius) Planet radius [Rearth]: 2.8439433138 
(OxygenMantleMass) Mass of oxygen in mantle [kg]: 0.0000000000 
(RadXUV) XUV radius separating hydro. dyn. escape and equilibrium [m]: -1.0000000000 
(RadSolid) Radius to the solid surface [m]: -1.0000000000 
(PresXUV) Pressure at base of thermosphere [(null)]: 5.0000000000 
(ScaleHeight) Scale height in Lehmer & Catling (2016) model [m]: -1.0000000000 
(ThermTemp) Isothermal atmospheric temperature [K]: 554.8000000000 
(AtmGasConst) Atmospheric gas constant [(null)]: 4124.0000000000 
(PresSurf) Surface pressure due to atmosphere [Pa]: -1.0000000000 
(DEnvMassDt) Envelope Mass Loss Rate [Mearth/Myr]: -1.1238765710e-06 
(FXUV) XUV flux [W/m^2]: 0.1657415950 
(AtmXAbsEffH2O) XUV atmospheric escape efficiency for H2O []: 0.3000000000 
(RocheRadius) Roche Lobe Radius [m]: 2.2412994986e+08 
(BondiRadius) Bondi Radius [m]: 6.6352440908e+08 
(HEscapeRegime) Integer flag for H envelope escape regime []: 3.0000000000 
(RRCriticalFlux) Critical XUV Flux that separates RR and energy-limited escape [W/m^2]: 70.5883738649 
(CrossoverMass) Crossover mass, defines oxygen is escaping if mc > mo [kg]: 0.0000000000 
(WaterEscapeRegime) What water escape regime the code is currently in []: 8.0000000000 
(FXUVCRITDRAG) Critical Drag XUV flux [W/m^2]: 0.4532281996 
(HREFFLUX) The Hydrogen Reference Flux (m^-2 s^-1) [m^-2 s^-1]: 6.1956829887e+16 
(XO2) Molecular oxygen mixing ratio in atmosphere []: 0.0000000000 
(XH2O) Water mixing ratio in upper atmosphere []: 0.0000000000 
(HDiffFlux) The Hydrogen Diffusion Flux (m^-2 s^-1) [m^-2 s^-1]: 1.4675787937e+17 
(HRefODragMod) Multiply by H ref flux to get flux with drag []: 1.0000000000 
(KTide) Mass loss enhancement due to stellar gravity []: 0.8788692476 
(CumulativeXUVFlux) Cumulative XUV flux [kg/sec^3]: 2.0855419670e+17 
(RGDuration) Runaway Greenhouse Duration [years]: 0.00000e+00

Output Order: Time[year] FXUV[W/m^2] PlanetRadius[Rearth] EnvelopeMass[Mearth] Age[year] DEnvMassDt[Mearth/Myr] HEscapeRegime[] Mass[Mearth]
Grid Output Order:

----- BODY: c_max ----
Active Modules: AtmEsc
Module Bit Sum: 9
Color: 000000
(Mass) Mass [Mearth]: 17.6956644896 
(Radius) Radius [m]: 1.6784821203e+07 
(RadGyra) Radius of Gyration/Moment of Inertia Constant []: 0.5000000000 
(BodyType) Type of Body (0 == planet) []: 0.0000000000 
(Density) Average Density [kg/m^3]: 5335.3318011509 
(HZLimitDryRunaway) Semi-major axis of Dry Runaway HZ Limit [m]: 2.7043166992e+10 
(HZLimRecVenus) Recent Venus HZ Limit [m]: 2.3574480341e+10 
(HZLimRunaway) Runaway Greenhouse HZ Limit [m]: 3.1223742769e+10 
(HZLimMoistGreenhouse) Moist Greenhouse HZ Limit [m]: 3.1192855002e+10 
(HZLimMaxGreenhouse) Maximum Greenhouse HZ Limit [m]: 5.8136023643e+10 
(HZLimEarlyMars) Early Mars HZ Limit [m]: 6.3407307566e+10 
(Instellation) Orbit-averaged INcident STELLar radiATION [kg/sec^3]: 4347.5937371143 
(MeanMotion) Orbital Mean Motion [/sec]: 3.8560879402e-06 
(OrbPeriod) Orbital Period [sec]: 1.6294196099e+06 
(SemiMajorAxis) Semi-major Axis [m]: 1.6573379753e+10 
(LXUVTot) Total XUV Luminosity [kg/sec^3]: -1.0000000000 
(EscapeVelocity) Escape Velocity [m/sec]: 2.8990716537e+04 
----- ATMESC PARAMETERS (c_max)------
(SurfWaterMass) Surface water mass [kg]: 0.0000000000 
(EnvelopeMass) Envelope mass [Mearth]: 0.3200254896 
(OxygenMass) Oxygen mass in the atmosphere [kg]: 0.0000000000 
(RGLimit) Runaway greenhouse semi-major axis [m]: 2.8207419357e+10 
(XO) Atomic oxygen mixing ratio in upper atmosphere []: 0.0000000000 
(EtaO) Oxygen eta parameter (Luger and Barnes 2015) []: 0.0000000000 
(PlanetRadius) Planet radius [Rearth]: 2.6316334337 
(OxygenMantleMass) Mass of oxygen in mantle [kg]: 0.0000000000 
(RadXUV) XUV radius separating hydro. dyn. escape and equilibrium [m]: -1.0000000000 
(RadSolid) Radius to the solid surface [m]: -1.0000000000 
(PresXUV) Pressure at base of thermosphere [(null)]: 5.0000000000 
(ScaleHeight) Scale height in Lehmer & Catling (2016) model [m]: -1.0000000000 
(ThermTemp) Isothermal atmospheric temperature [K]: 424.7000000000 
(AtmGasConst) Atmospheric gas constant [(null)]: 4124.0000000000 
(PresSurf) Surface pressure due to atmosphere [Pa]: -1.0000000000 
(DEnvMassDt) Envelope Mass Loss Rate [Mearth/Myr]: -1.0111058346e-07 
(FXUV) XUV flux [W/m^2]: 0.0577477356 
(AtmXAbsEffH2O) XUV atmospheric escape efficiency for H2O []: 0.3000000000 
(RocheRadius) Roche Lobe Radius [m]: 5.4076875241e+08 
(BondiRadius) Bondi Radius [m]: 1.4368899553e+09 
(HEscapeRegime) Integer flag for H envelope escape regime []: 3.0000000000 
(RRCriticalFlux) Critical XUV Flux that separates RR and energy-limited escape [W/m^2]: 838.8753670971 
(CrossoverMass) Crossover mass, defines oxygen is escaping if mc > mo [kg]: 0.0000000000 
(WaterEscapeRegime) What water escape regime the code is currently in []: 8.0000000000 
(FXUVCRITDRAG) Critical Drag XUV flux [W/m^2]: 4.5764397445 
(HREFFLUX) The Hydrogen Reference Flux (m^-2 s^-1) [m^-2 s^-1]: 6.5096594860e+15 
(XO2) Molecular oxygen mixing ratio in atmosphere []: 0.0000000000 
(XH2O) Water mixing ratio in upper atmosphere []: 0.0000000000 
(HDiffFlux) The Hydrogen Diffusion Flux (m^-2 s^-1) [m^-2 s^-1]: 4.8479106884e+17 
(HRefODragMod) Multiply by H ref flux to get flux with drag []: 1.0000000000 
(KTide) Mass loss enhancement due to stellar gravity []: 0.9534567292 
(CumulativeXUVFlux) Cumulative XUV flux [kg/sec^3]: 7.2664514953e+16 
(RGDuration) Runaway Greenhouse Duration [years]: 0.00000e+00

Output Order: Time[year] FXUV[W/m^2] PlanetRadius[Rearth] EnvelopeMass[Mearth] Age[year] DEnvMassDt[Mearth/Myr] HEscapeRegime[] Mass[Mearth]
Grid Output Order:

----- BODY: c_min ----
Active Modules: AtmEsc
Module Bit Sum: 9
Color: 000000
(Mass) Mass [Mearth]: 11.0352711343 
(Radius) Radius [m]: 1.4660107308e+07 
(RadGyra) Radius of Gyration/Moment of Inertia Constant []: 0.5000000000 
(BodyType) Type of Body (0 == planet) []: 0.0000000000 
(Density) Average Density [kg/m^3]: 4993.6290318581 
(HZLimitDryRunaway) Semi-major axis of Dry Runaway HZ Limit [m]: 2.7043166992e+10 
(HZLimRecVenus) Recent Venus HZ Limit [m]: 2.3574480341e+10 
(HZLimRunaway) Runaway Greenhouse HZ Limit [m]: 3.1223742769e+10 
(HZLimMoistGreenhouse) Moist Greenhouse HZ Limit [m]: 3.1192855002e+10 
(HZLimMaxGreenhouse) Maximum Greenhouse HZ Limit [m]: 5.8136023643e+10 
(HZLimEarlyMars) Early Mars HZ Limit [m]: 6.3407307566e+10 
(Instellation) Orbit-averaged INcident STELLar radiATION [kg/sec^3]: 4347.7074096913 
(MeanMotion) Orbital Mean Motion [/sec]: 3.8560879356e-06 
(OrbPeriod) Orbital Period [sec]: 1.6294196118e+06 
(SemiMajorAxis) Semi-major Axis [m]: 1.6573163093e+10 
(LXUVTot) Total XUV Luminosity [kg/sec^3]: -1.0000000000 
(EscapeVelocity) Escape Velocity [m/sec]: 2.4496655854e+04 
----- ATMESC PARAMETERS (c_min)------
(SurfWaterMass) Surface water mass [kg]: 0.0000000000 
(EnvelopeMass) Envelope mass [Mearth]: 0.1185861343 
(OxygenMass) Oxygen mass in the atmosphere [kg]: 0.0000000000 
(RGLimit) Runaway greenhouse semi-major axis [m]: 2.8486902242e+10 
(XO) Atomic oxygen mixing ratio in upper atmosphere []: 0.0000000000 
(EtaO) Oxygen eta parameter (Luger and Barnes 2015) []: 0.0000000000 
(PlanetRadius) Planet radius [Rearth]: 2.2985069704 
(OxygenMantleMass) Mass of oxygen in mantle [kg]: 0.0000000000 
(RadXUV) XUV radius separating hydro. dyn. escape and equilibrium [m]: -1.0000000000 
(RadSolid) Radius to the solid surface [m]: -1.0000000000 
(PresXUV) Pressure at base of thermosphere [(null)]: 5.0000000000 
(ScaleHeight) Scale height in Lehmer & Catling (2016) model [m]: -1.0000000000 
(ThermTemp) Isothermal atmospheric temperature [K]: 424.7000000000 
(AtmGasConst) Atmospheric gas constant [(null)]: 4124.0000000000 
(PresSurf) Surface pressure due to atmosphere [Pa]: -1.0000000000 
(DEnvMassDt) Envelope Mass Loss Rate [Mearth/Myr]: -1.0814994131e-07 
(FXUV) XUV flux [W/m^2]: 0.0577492455 
(AtmXAbsEffH2O) XUV atmospheric escape efficiency for H2O []: 0.3000000000 
(RocheRadius) Roche Lobe Radius [m]: 4.6200281524e+08 
(BondiRadius) Bondi Radius [m]: 8.9607111965e+08 
(HEscapeRegime) Integer flag for H envelope escape regime []: 3.0000000000 
(RRCriticalFlux) Critical XUV Flux that separates RR and energy-limited escape [W/m^2]: 488.5647164918 
(CrossoverMass) Crossover mass, defines oxygen is escaping if mc > mo [kg]: 0.0000000000 
(WaterEscapeRegime) What water escape regime the code is currently in []: 8.0000000000 
(FXUVCRITDRAG) Critical Drag XUV flux [W/m^2]: 2.6711527532 
(HREFFLUX) The Hydrogen Reference Flux (m^-2 s^-1) [m^-2 s^-1]: 9.1273999852e+15 
(XO2) Molecular oxygen mixing ratio in atmosphere []: 0.0000000000 
(XH2O) Water mixing ratio in upper atmosphere []: 0.0000000000 
(HDiffFlux) The Hydrogen Diffusion Flux (m^-2 s^-1) [m^-2 s^-1]: 3.9630530264e+17 
(HRefODragMod) Multiply by H ref flux to get flux with drag []: 1.0000000000 
(KTide) Mass loss enhancement due to stellar gravity []: 0.9524185143 
(CumulativeXUVFlux) Cumulative XUV flux [kg/sec^3]: 7.2666414846e+16 
(RGDuration) Runaway Greenhouse Duration [years]: 0.00000e+00

Output Order: Time[year] FXUV[W/m^2] PlanetRadius[Rearth] EnvelopeMass[Mearth] Age[year] DEnvMassDt[Mearth/Myr] HEscapeRegime[] Mass[Mearth]
Grid Output Order:

----- BODY: d_max ----
Active Modules: AtmEsc
Module Bit Sum: 9
Color: 000000
(Mass) Mass [Mearth]: 1.5639494678 
(Radius) Radius [m]: 7.2031076119e+06 
(RadGyra) Radius of Gyration/Moment of Inertia Constant []: 0.5000000000 
(BodyType) Type of Body (0 == planet) []: 0.0000000000 
(Density) Average Density [kg/m^3]: 5966.3362182240 
(HZLimitDryRunaway) Semi-major axis of Dry Runaway HZ Limit [m]: 2.6601566929e+10 
(HZLimRecVenus) Recent Venus HZ Limit [m]: 2.3574480341e+10 
(HZLimRunaway) Runaway Greenhouse HZ Limit [m]: 3.1223742769e+10 
(HZLimMoistGreenhouse) Moist Greenhouse HZ Limit [m]: 3.1192855002e+10 
(HZLimMaxGreenhouse) Maximum Greenhouse HZ Limit [m]: 5.8136023643e+10 
(HZLimEarlyMars) Early Mars HZ Limit [m]: 6.3407307566e+10 
(Instellation) Orbit-averaged INcident STELLar radiATION [kg/sec^3]: 7222.6347898718 
(MeanMotion) Orbital Mean Motion [/sec]: 5.7124718804e-06 
(OrbPeriod) Orbital Period [sec]: 1.0999065621e+06 
(SemiMajorAxis) Semi-major Axis [m]: 1.2753006048e+10 
(LXUVTot) Total XUV Luminosity [kg/sec^3]: -1.0000000000 
(EscapeVelocity) Escape Velocity [m/sec]: 1.3156345751e+04 
----- ATMESC PARAMETERS (d_max)------
(SurfWaterMass) Surface water mass [kg]: 0.0000000000 
(EnvelopeMass) Envelope mass [Mearth]: 0.0000000000 
(OxygenMass) Oxygen mass in the atmosphere [kg]: 0.0000000000 
(RGLimit) Runaway greenhouse semi-major axis [m]: 2.9984259791e+10 
(XO) Atomic oxygen mixing ratio in upper atmosphere []: 0.0000000000 
(EtaO) Oxygen eta parameter (Luger and Barnes 2015) []: 0.0000000000 
(PlanetRadius) Planet radius [Rearth]: 1.1293500591 
(OxygenMantleMass) Mass of oxygen in mantle [kg]: 0.0000000000 
(RadXUV) XUV radius separating hydro. dyn. escape and equilibrium [m]: -1.0000000000 
(RadSolid) Radius to the solid surface [m]: -1.0000000000 
(PresXUV) Pressure at base of thermosphere [(null)]: 5.0000000000 
(ScaleHeight) Scale height in Lehmer & Catling (2016) model [m]: -1.0000000000 
(ThermTemp) Isothermal atmospheric temperature [K]: 400.0000000000 
(AtmGasConst) Atmospheric gas constant [(null)]: 4124.0000000000 
(PresSurf) Surface pressure due to atmosphere [Pa]: -1.0000000000 
(DEnvMassDt) Envelope Mass Loss Rate [Mearth/Myr]: 2.9391965271e-320 
(FXUV) XUV flux [W/m^2]: 0.0959360118 
(AtmXAbsEffH2O) XUV atmospheric escape efficiency for H2O []: 0.3000000000 
(RocheRadius) Roche Lobe Radius [m]: 1.8535245938e+08 
(BondiRadius) Bondi Radius [m]: 1.4477001120e+08 
(HEscapeRegime) Integer flag for H envelope escape regime []: 8.0000000000 
(RRCriticalFlux) Critical XUV Flux that separates RR and energy-limited escape [W/m^2]: 80.8828984111 
(CrossoverMass) Crossover mass, defines oxygen is escaping if mc > mo [kg]: 0.0000000000 
(WaterEscapeRegime) What water escape regime the code is currently in []: 8.0000000000 
(FXUVCRITDRAG) Critical Drag XUV flux [W/m^2]: 0.4523034287 
(HREFFLUX) The Hydrogen Reference Flux (m^-2 s^-1) [m^-2 s^-1]: 5.3164746684e+16 
(XO2) Molecular oxygen mixing ratio in atmosphere []: 0.0000000000 
(XH2O) Water mixing ratio in upper atmosphere []: 0.0000000000 
(HDiffFlux) The Hydrogen Diffusion Flux (m^-2 s^-1) [m^-2 s^-1]: 2.3265055034e+17 
(HRefODragMod) Multiply by H ref flux to get flux with drag []: 1.0000000000 
(KTide) Mass loss enhancement due to stellar gravity []: 0.9417368279 
(CumulativeXUVFlux) Cumulative XUV flux [kg/sec^3]: 1.2071717953e+17 
(RGDuration) Runaway Greenhouse Duration [years]: 0.00000e+00

Output Order: Time[year] FXUV[W/m^2] PlanetRadius[Rearth] EnvelopeMass[Mearth] Age[year] DEnvMassDt[Mearth/Myr] HEscapeRegime[] Mass[Mearth]
Grid Output Order:

----- BODY: d_min ----
Active Modules: AtmEsc
Module Bit Sum: 9
Color: 000000
(Mass) Mass [Mearth]: 0.5419955000 
(Radius) Radius [m]: 5.3993085850e+06 
(RadGyra) Radius of Gyration/Moment of Inertia Constant []: 0.5000000000 
(BodyType) Type of Body (0 == planet) []: 0.0000000000 
(Density) Average Density [kg/m^3]: 4909.3720834545 
(HZLimitDryRunaway) Semi-major axis of Dry Runaway HZ Limit [m]: 2.6601566929e+10 
(HZLimRecVenus) Recent Venus HZ Limit [m]: 2.3574480341e+10 
(HZLimRunaway) Runaway Greenhouse HZ Limit [m]: 3.1223742769e+10 
(HZLimMoistGreenhouse) Moist Greenhouse HZ Limit [m]: 3.1192855002e+10 
(HZLimMaxGreenhouse) Maximum Greenhouse HZ Limit [m]: 5.8136023643e+10 
(HZLimEarlyMars) Early Mars HZ Limit [m]: 6.3407307566e+10 
(Instellation) Orbit-averaged INcident STELLar radiATION [kg/sec^3]: 7222.6637563272 
(MeanMotion) Orbital Mean Motion [/sec]: 5.7124718727e-06 
(OrbPeriod) Orbital Period [sec]: 1.0999065636e+06 
(SemiMajorAxis) Semi-major Axis [m]: 1.2752980475e+10 
(LXUVTot) Total XUV Luminosity [kg/sec^3]: -1.0000000000 
(EscapeVelocity) Escape Velocity [m/sec]: 8945.6651380380 
----- ATMESC PARAMETERS (d_min)------
(SurfWaterMass) Surface water mass [kg]: 0.0000000000 
(EnvelopeMass) Envelope mass [Mearth]: 0.0000000000 
(OxygenMass) Oxygen mass in the atmosphere [kg]: 0.0000000000 
(RGLimit) Runaway greenhouse semi-major axis [m]: 3.0742220946e+10 
(XO) Atomic oxygen mixing ratio in upper atmosphere []: 0.0000000000 
(EtaO) Oxygen eta parameter (Luger and Barnes 2015) []: 0.0000000000 
(PlanetRadius) Planet radius [Rearth]: 0.8465387161 
(OxygenMantleMass) Mass of oxygen in mantle [kg]: 0.0000000000 
(RadXUV) XUV radius separating hydro. dyn. escape and equilibrium [m]: -1.0000000000 
(RadSolid) Radius to the solid surface [m]: -1.0000000000 
(PresXUV) Pressure at base of thermosphere [(null)]: 5.0000000000 
(ScaleHeight) Scale height in Lehmer & Catling (2016) model [m]: -1.0000000000 
(ThermTemp) Isothermal atmospheric temperature [K]: 400.0000000000 
(AtmGasConst) Atmospheric gas constant [(null)]: 4124.0000000000 
(PresSurf) Surface pressure due to atmosphere [Pa]: -1.0000000000 
(DEnvMassDt) Envelope Mass Loss Rate [Mearth/Myr]: 2.9391965271e-320 
(FXUV) XUV flux [W/m^2]: 0.0959363966 
(AtmXAbsEffH2O) XUV atmospheric escape efficiency for H2O []: 0.3000000000 
(RocheRadius) Roche Lobe Radius [m]: 1.3019325051e+08 
(BondiRadius) Bondi Radius [m]: 5.0170913376e+07 
(HEscapeRegime) Integer flag for H envelope escape regime []: 8.0000000000 
(RRCriticalFlux) Critical XUV Flux that separates RR and energy-limited escape [W/m^2]: 22.8736550569 
(CrossoverMass) Crossover mass, defines oxygen is escaping if mc > mo [kg]: 0.0000000000 
(WaterEscapeRegime) What water escape regime the code is currently in []: 8.0000000000 
(FXUVCRITDRAG) Critical Drag XUV flux [W/m^2]: 0.1289796130 
(HREFFLUX) The Hydrogen Reference Flux (m^-2 s^-1) [m^-2 s^-1]: 1.1547206611e+17 
(XO2) Molecular oxygen mixing ratio in atmosphere []: 0.0000000000 
(XH2O) Water mixing ratio in upper atmosphere []: 0.0000000000 
(HDiffFlux) The Hydrogen Diffusion Flux (m^-2 s^-1) [m^-2 s^-1]: 1.4349625135e+17 
(HRefODragMod) Multiply by H ref flux to get flux with drag []: 1.0000000000 
(KTide) Mass loss enhancement due to stellar gravity []: 0.9378284224 
(CumulativeXUVFlux) Cumulative XUV flux [kg/sec^3]: 1.2071766367e+17 
(RGDuration) Runaway Greenhouse Duration [years]: 0.00000e+00

Output Order: Time[year] FXUV[W/m^2] PlanetRadius[Rearth] EnvelopeMass[Mearth] Age[year] DEnvMassDt[Mearth/Myr] HEscapeRegime[] Mass[Mearth]
Grid Output Order:
